Archive member included because of file (symbol)

c:/stm32tc/gcc48_2014q3/bin/../lib/gcc/arm-none-eabi/4.8.4/armv7-m\libgcc.a(_arm_addsubdf3.o)
                              ./Src/gfx.o (__aeabi_dsub)
c:/stm32tc/gcc48_2014q3/bin/../lib/gcc/arm-none-eabi/4.8.4/armv7-m\libgcc.a(_arm_muldivdf3.o)
                              ./Src/gfx.o (__aeabi_dmul)
c:/stm32tc/gcc48_2014q3/bin/../lib/gcc/arm-none-eabi/4.8.4/armv7-m\libgcc.a(_arm_cmpdf2.o)
                              ./Src/pid.o (__aeabi_dcmplt)
c:/stm32tc/gcc48_2014q3/bin/../lib/gcc/arm-none-eabi/4.8.4/armv7-m\libgcc.a(_arm_fixdfsi.o)
                              ./Src/gfx.o (__aeabi_d2iz)
c:/stm32tc/gcc48_2014q3/bin/../lib/gcc/arm-none-eabi/4.8.4/../../../../arm-none-eabi/lib/armv7-m\libg.a(lib_a-exit.o)
                              c:/stm32tc/gcc48_2014q3/bin/../lib/gcc/arm-none-eabi/4.8.4/../../../../arm-none-eabi/lib/armv7-m/crt0.o (exit)
c:/stm32tc/gcc48_2014q3/bin/../lib/gcc/arm-none-eabi/4.8.4/../../../../arm-none-eabi/lib/armv7-m\libg.a(lib_a-impure.o)
                              c:/stm32tc/gcc48_2014q3/bin/../lib/gcc/arm-none-eabi/4.8.4/../../../../arm-none-eabi/lib/armv7-m\libg.a(lib_a-exit.o) (_global_impure_ptr)
c:/stm32tc/gcc48_2014q3/bin/../lib/gcc/arm-none-eabi/4.8.4/../../../../arm-none-eabi/lib/armv7-m\libg.a(lib_a-init.o)
                              c:/stm32tc/gcc48_2014q3/bin/../lib/gcc/arm-none-eabi/4.8.4/../../../../arm-none-eabi/lib/armv7-m/crt0.o (__libc_init_array)
c:/stm32tc/gcc48_2014q3/bin/../lib/gcc/arm-none-eabi/4.8.4/../../../../arm-none-eabi/lib/armv7-m\libg.a(lib_a-malloc.o)
                              ./Src/terminal.o (malloc)
c:/stm32tc/gcc48_2014q3/bin/../lib/gcc/arm-none-eabi/4.8.4/../../../../arm-none-eabi/lib/armv7-m\libg.a(lib_a-mallocr.o)
                              c:/stm32tc/gcc48_2014q3/bin/../lib/gcc/arm-none-eabi/4.8.4/../../../../arm-none-eabi/lib/armv7-m\libg.a(lib_a-malloc.o) (_malloc_r)
c:/stm32tc/gcc48_2014q3/bin/../lib/gcc/arm-none-eabi/4.8.4/../../../../arm-none-eabi/lib/armv7-m\libg.a(lib_a-memset.o)
                              c:/stm32tc/gcc48_2014q3/bin/../lib/gcc/arm-none-eabi/4.8.4/../../../../arm-none-eabi/lib/armv7-m/crt0.o (memset)
c:/stm32tc/gcc48_2014q3/bin/../lib/gcc/arm-none-eabi/4.8.4/../../../../arm-none-eabi/lib/armv7-m\libg.a(lib_a-mlock.o)
                              c:/stm32tc/gcc48_2014q3/bin/../lib/gcc/arm-none-eabi/4.8.4/../../../../arm-none-eabi/lib/armv7-m\libg.a(lib_a-mallocr.o) (__malloc_lock)
c:/stm32tc/gcc48_2014q3/bin/../lib/gcc/arm-none-eabi/4.8.4/../../../../arm-none-eabi/lib/armv7-m\libg.a(lib_a-reent.o)
                              ./cmsis407/syscalls.o (errno)
c:/stm32tc/gcc48_2014q3/bin/../lib/gcc/arm-none-eabi/4.8.4/../../../../arm-none-eabi/lib/armv7-m\libg.a(lib_a-sbrkr.o)
                              c:/stm32tc/gcc48_2014q3/bin/../lib/gcc/arm-none-eabi/4.8.4/../../../../arm-none-eabi/lib/armv7-m\libg.a(lib_a-mallocr.o) (_sbrk_r)
c:/stm32tc/gcc48_2014q3/bin/../lib/gcc/arm-none-eabi/4.8.4/../../../../arm-none-eabi/lib/armv7-m\libg.a(lib_a-strlen.o)
                              ./Src/gfx.o (strlen)
c:/stm32tc/gcc48_2014q3/bin/../lib/gcc/arm-none-eabi/4.8.4/../../../../arm-none-eabi/lib/armv7-m\libg.a(lib_a-__call_atexit.o)
                              c:/stm32tc/gcc48_2014q3/bin/../lib/gcc/arm-none-eabi/4.8.4/../../../../arm-none-eabi/lib/armv7-m\libg.a(lib_a-exit.o) (__call_exitprocs)
c:/stm32tc/gcc48_2014q3/bin/../lib/gcc/arm-none-eabi/4.8.4/../../../../arm-none-eabi/lib/armv7-m\libg.a(lib_a-atexit.o)
                              c:/stm32tc/gcc48_2014q3/bin/../lib/gcc/arm-none-eabi/4.8.4/../../../../arm-none-eabi/lib/armv7-m\libg.a(lib_a-__call_atexit.o) (atexit)
c:/stm32tc/gcc48_2014q3/bin/../lib/gcc/arm-none-eabi/4.8.4/../../../../arm-none-eabi/lib/armv7-m\libg.a(lib_a-fini.o)
                              c:/stm32tc/gcc48_2014q3/bin/../lib/gcc/arm-none-eabi/4.8.4/../../../../arm-none-eabi/lib/armv7-m\libg.a(lib_a-__call_atexit.o) (__libc_fini_array)
c:/stm32tc/gcc48_2014q3/bin/../lib/gcc/arm-none-eabi/4.8.4/../../../../arm-none-eabi/lib/armv7-m\libg.a(lib_a-freer.o)
                              c:/stm32tc/gcc48_2014q3/bin/../lib/gcc/arm-none-eabi/4.8.4/../../../../arm-none-eabi/lib/armv7-m\libg.a(lib_a-malloc.o) (_free_r)
c:/stm32tc/gcc48_2014q3/bin/../lib/gcc/arm-none-eabi/4.8.4/../../../../arm-none-eabi/lib/armv7-m\libg.a(lib_a-__atexit.o)
                              c:/stm32tc/gcc48_2014q3/bin/../lib/gcc/arm-none-eabi/4.8.4/../../../../arm-none-eabi/lib/armv7-m\libg.a(lib_a-atexit.o) (__register_exitproc)
c:/stm32tc/gcc48_2014q3/bin/../lib/gcc/arm-none-eabi/4.8.4/../../../../arm-none-eabi/lib/armv7-m\libm.a(lib_a-s_cos.o)
                              ./Src/gfx.o (cos)
c:/stm32tc/gcc48_2014q3/bin/../lib/gcc/arm-none-eabi/4.8.4/../../../../arm-none-eabi/lib/armv7-m\libm.a(lib_a-s_sin.o)
                              ./Src/gfx.o (sin)
[...]
Memory Configuration

Name             Origin             Length             Attributes
FLASH            0x08000000         0x00100000         xr
RAM              0x20000000         0x00020000         xrw
CCMRAM           0x10000000         0x00010000         rw
*default*        0x00000000         0xffffffff

Linker script and memory map

LOAD c:/stm32tc/gcc48_2014q3/bin/../lib/gcc/arm-none-eabi/4.8.4/armv7-m/crti.o
LOAD c:/stm32tc/gcc48_2014q3/bin/../lib/gcc/arm-none-eabi/4.8.4/armv7-m/crtbegin.o
LOAD c:/stm32tc/gcc48_2014q3/bin/../lib/gcc/arm-none-eabi/4.8.4/../../../../arm-none-eabi/lib/armv7-m/crt0.o
LOAD ./cmsis407/startup_stm32f407xx.o
LOAD ./cmsis407/syscalls.o
LOAD ./Src/dali_master.o
LOAD ./Src/dali_master_hal.o
LOAD ./Src/defaultFonts.o
LOAD ./Src/dht22multi.o
LOAD ./Src/gfx.o
LOAD ./Src/homecontrol.o
LOAD ./Src/ili9341.o
LOAD ./Src/ili9341_hal.o
LOAD ./Src/main.o
LOAD ./Src/pid.o
LOAD ./Src/pwmdma.o
LOAD ./Src/stm32f4xx_hal_msp.o
LOAD ./Src/stm32f4xx_it.o
LOAD ./Src/system_stm32f4xx.o
LOAD ./Src/terminal.o
LOAD ./STM32F4xx_HAL_Driver/Src/stm32f4xx_hal.o
LOAD ./STM32F4xx_HAL_Driver/Src/stm32f4xx_hal_adc.o
LOAD ./STM32F4xx_HAL_Driver/Src/stm32f4xx_hal_adc_ex.o
LOAD ./STM32F4xx_HAL_Driver/Src/stm32f4xx_hal_can.o
LOAD ./STM32F4xx_HAL_Driver/Src/stm32f4xx_hal_cortex.o
LOAD ./STM32F4xx_HAL_Driver/Src/stm32f4xx_hal_crc.o
LOAD ./STM32F4xx_HAL_Driver/Src/stm32f4xx_hal_cryp.o
LOAD ./STM32F4xx_HAL_Driver/Src/stm32f4xx_hal_cryp_ex.o
LOAD ./STM32F4xx_HAL_Driver/Src/stm32f4xx_hal_dac.o
LOAD ./STM32F4xx_HAL_Driver/Src/stm32f4xx_hal_dac_ex.o
LOAD ./STM32F4xx_HAL_Driver/Src/stm32f4xx_hal_dcmi.o
LOAD ./STM32F4xx_HAL_Driver/Src/stm32f4xx_hal_dma.o
LOAD ./STM32F4xx_HAL_Driver/Src/stm32f4xx_hal_dma2d.o
LOAD ./STM32F4xx_HAL_Driver/Src/stm32f4xx_hal_dma_ex.o
LOAD ./STM32F4xx_HAL_Driver/Src/stm32f4xx_hal_eth.o
LOAD ./STM32F4xx_HAL_Driver/Src/stm32f4xx_hal_flash.o
LOAD ./STM32F4xx_HAL_Driver/Src/stm32f4xx_hal_flash_ex.o
LOAD ./STM32F4xx_HAL_Driver/Src/stm32f4xx_hal_flash_ramfunc.o
LOAD ./STM32F4xx_HAL_Driver/Src/stm32f4xx_hal_gpio.o
LOAD ./STM32F4xx_HAL_Driver/Src/stm32f4xx_hal_hash.o
LOAD ./STM32F4xx_HAL_Driver/Src/stm32f4xx_hal_hash_ex.o
LOAD ./STM32F4xx_HAL_Driver/Src/stm32f4xx_hal_hcd.o
LOAD ./STM32F4xx_HAL_Driver/Src/stm32f4xx_hal_i2c.o
LOAD ./STM32F4xx_HAL_Driver/Src/stm32f4xx_hal_i2c_ex.o
LOAD ./STM32F4xx_HAL_Driver/Src/stm32f4xx_hal_i2s.o
LOAD ./STM32F4xx_HAL_Driver/Src/stm32f4xx_hal_i2s_ex.o
LOAD ./STM32F4xx_HAL_Driver/Src/stm32f4xx_hal_irda.o
LOAD ./STM32F4xx_HAL_Driver/Src/stm32f4xx_hal_iwdg.o
LOAD ./STM32F4xx_HAL_Driver/Src/stm32f4xx_hal_ltdc.o
LOAD ./STM32F4xx_HAL_Driver/Src/stm32f4xx_hal_nand.o
LOAD ./STM32F4xx_HAL_Driver/Src/stm32f4xx_hal_nor.o
LOAD ./STM32F4xx_HAL_Driver/Src/stm32f4xx_hal_pccard.o
LOAD ./STM32F4xx_HAL_Driver/Src/stm32f4xx_hal_pcd.o
LOAD ./STM32F4xx_HAL_Driver/Src/stm32f4xx_hal_pcd_ex.o
LOAD ./STM32F4xx_HAL_Driver/Src/stm32f4xx_hal_pwr.o
LOAD ./STM32F4xx_HAL_Driver/Src/stm32f4xx_hal_pwr_ex.o
LOAD ./STM32F4xx_HAL_Driver/Src/stm32f4xx_hal_rcc.o
LOAD ./STM32F4xx_HAL_Driver/Src/stm32f4xx_hal_rcc_ex.o
LOAD ./STM32F4xx_HAL_Driver/Src/stm32f4xx_hal_rng.o
LOAD ./STM32F4xx_HAL_Driver/Src/stm32f4xx_hal_rtc.o
LOAD ./STM32F4xx_HAL_Driver/Src/stm32f4xx_hal_rtc_ex.o
LOAD ./STM32F4xx_HAL_Driver/Src/stm32f4xx_hal_sai.o
LOAD ./STM32F4xx_HAL_Driver/Src/stm32f4xx_hal_sd.o
LOAD ./STM32F4xx_HAL_Driver/Src/stm32f4xx_hal_sdram.o
LOAD ./STM32F4xx_HAL_Driver/Src/stm32f4xx_hal_smartcard.o
LOAD ./STM32F4xx_HAL_Driver/Src/stm32f4xx_hal_spi.o
LOAD ./STM32F4xx_HAL_Driver/Src/stm32f4xx_hal_sram.o
LOAD ./STM32F4xx_HAL_Driver/Src/stm32f4xx_hal_tim.o
LOAD ./STM32F4xx_HAL_Driver/Src/stm32f4xx_hal_tim_ex.o
LOAD ./STM32F4xx_HAL_Driver/Src/stm32f4xx_hal_uart.o
LOAD ./STM32F4xx_HAL_Driver/Src/stm32f4xx_hal_usart.o
LOAD ./STM32F4xx_HAL_Driver/Src/stm32f4xx_hal_wwdg.o
LOAD ./STM32F4xx_HAL_Driver/Src/stm32f4xx_ll_fmc.o
LOAD ./STM32F4xx_HAL_Driver/Src/stm32f4xx_ll_fsmc.o
LOAD ./STM32F4xx_HAL_Driver/Src/stm32f4xx_ll_sdmmc.o
LOAD ./STM32F4xx_HAL_Driver/Src/stm32f4xx_ll_usb.o
LOAD ./STM32F4-Discovery/stm32f4_discovery.o
LOAD ./STM32F4-Discovery/stm32f4_discovery_accelerometer.o
START GROUP
LOAD c:/stm32tc/gcc48_2014q3/bin/../lib/gcc/arm-none-eabi/4.8.4/armv7-m\libgcc.a
LOAD c:/stm32tc/gcc48_2014q3/bin/../lib/gcc/arm-none-eabi/4.8.4/../../../../arm-none-eabi/lib/armv7-m\libg.a
LOAD c:/stm32tc/gcc48_2014q3/bin/../lib/gcc/arm-none-eabi/4.8.4/../../../../arm-none-eabi/lib/armv7-m\libc.a
END GROUP
LOAD c:/stm32tc/gcc48_2014q3/bin/../lib/gcc/arm-none-eabi/4.8.4/armv7-m/crtend.o
LOAD c:/stm32tc/gcc48_2014q3/bin/../lib/gcc/arm-none-eabi/4.8.4/armv7-m/crtn.o
                0x2001ffff                _estack = 0x2001ffff
                0x00000000                _Min_Heap_Size = 0x0
                0x00000400                _Min_Stack_Size = 0x400

.isr_vector     0x08000000      0x188
                0x08000000                . = ALIGN (0x4)
 *(.isr_vector)
 .isr_vector    0x08000000      0x188 ./cmsis407/startup_stm32f407xx.o
                0x08000000                g_pfnVectors
                0x08000188                . = ALIGN (0x4)

.text           0x08000188     0x4644
                0x08000188                . = ALIGN (0x4)
 *(.text)
 .text          0x08000188       0x54 c:/stm32tc/gcc48_2014q3/bin/../lib/gcc/arm-none-eabi/4.8.4/armv7-m/crtbegin.o
 *(.text*)
 .text.Reset_Handler
                0x080001dc       0x58 ./cmsis407/startup_stm32f407xx.o
                0x080001dc                Reset_Handler
 .text.Default_Handler
                0x08000234        0x4 ./cmsis407/startup_stm32f407xx.o
                0x08000234                RTC_Alarm_IRQHandler
                0x08000234                HASH_RNG_IRQHandler
                0x08000234                EXTI2_IRQHandler
                0x08000234                TIM8_CC_IRQHandler
                0x08000234                DebugMon_Handler
                0x08000234                TIM1_CC_IRQHandler
                0x08000234                DMA2_Stream5_IRQHandler
                0x08000234                HardFault_Handler
                0x08000234                DMA1_Stream5_IRQHandler
                0x08000234                PVD_IRQHandler
                0x08000234                SDIO_IRQHandler
                0x08000234                TAMP_STAMP_IRQHandler
                0x08000234                PendSV_Handler
                0x08000234                NMI_Handler
                0x08000234                CAN2_RX1_IRQHandler
                0x08000234                EXTI3_IRQHandler
                0x08000234                TIM8_TRG_COM_TIM14_IRQHandler
                0x08000234                TIM1_UP_TIM10_IRQHandler
                0x08000234                TIM8_UP_TIM13_IRQHandler
                0x08000234                I2C3_ER_IRQHandler
                0x08000234                EXTI0_IRQHandler
                0x08000234                I2C2_EV_IRQHandler
                0x08000234                DMA1_Stream2_IRQHandler
                0x08000234                FPU_IRQHandler
                0x08000234                OTG_HS_WKUP_IRQHandler
                0x08000234                UsageFault_Handler
                0x08000234                CAN2_SCE_IRQHandler
                0x08000234                DMA2_Stream2_IRQHandler
                0x08000234                SPI1_IRQHandler
                0x08000234                TIM1_BRK_TIM9_IRQHandler
                0x08000234                DCMI_IRQHandler
                0x08000234                CAN2_RX0_IRQHandler
                0x08000234                DMA2_Stream3_IRQHandler
                0x08000234                USART6_IRQHandler
                0x08000234                USART3_IRQHandler
                0x08000234                UART5_IRQHandler
                0x08000234                DMA2_Stream0_IRQHandler
                0x08000234                I2C1_EV_IRQHandler
                0x08000234                DMA1_Stream6_IRQHandler
                0x08000234                DMA1_Stream1_IRQHandler
                0x08000234                UART4_IRQHandler
                0x08000234                TIM3_IRQHandler
                0x08000234                RCC_IRQHandler
                0x08000234                TIM8_BRK_TIM12_IRQHandler
                0x08000234                Default_Handler
                0x08000234                EXTI15_10_IRQHandler
                0x08000234                ADC_IRQHandler
                0x08000234                DMA1_Stream7_IRQHandler
                0x08000234                TIM7_IRQHandler
                0x08000234                CAN2_TX_IRQHandler
                0x08000234                TIM5_IRQHandler
                0x08000234                DMA2_Stream7_IRQHandler
                0x08000234                I2C3_EV_IRQHandler
                0x08000234                EXTI9_5_IRQHandler
                0x08000234                RTC_WKUP_IRQHandler
                0x08000234                ETH_WKUP_IRQHandler
                0x08000234                SPI2_IRQHandler
                0x08000234                OTG_HS_EP1_IN_IRQHandler
                0x08000234                MemManage_Handler
                0x08000234                DMA1_Stream0_IRQHandler
                0x08000234                CAN1_TX_IRQHandler
                0x08000234                SVC_Handler
                0x08000234                EXTI4_IRQHandler
                0x08000234                FSMC_IRQHandler
                0x08000234                ETH_IRQHandler
                0x08000234                OTG_HS_EP1_OUT_IRQHandler
                0x08000234                WWDG_IRQHandler
                0x08000234                TIM2_IRQHandler
                0x08000234                OTG_FS_WKUP_IRQHandler
                0x08000234                TIM1_TRG_COM_TIM11_IRQHandler
                0x08000234                OTG_HS_IRQHandler
                0x08000234                EXTI1_IRQHandler
                0x08000234                USART2_IRQHandler
                0x08000234                I2C2_ER_IRQHandler
                0x08000234                DMA2_Stream1_IRQHandler
                0x08000234                CAN1_SCE_IRQHandler
                0x08000234                FLASH_IRQHandler
                0x08000234                DMA2_Stream4_IRQHandler
                0x08000234                BusFault_Handler
                0x08000234                USART1_IRQHandler
                0x08000234                OTG_FS_IRQHandler
                0x08000234                SPI3_IRQHandler
                0x08000234                DMA1_Stream4_IRQHandler
                0x08000234                I2C1_ER_IRQHandler
                0x08000234                DMA2_Stream6_IRQHandler
                0x08000234                DMA1_Stream3_IRQHandler
 .text._sbrk    0x08000238       0x5c ./cmsis407/syscalls.o
                0x08000238                _sbrk
 .text.DALI_StateMachineWrite
                0x08000294      0x18c ./Src/dali_master.o
                0x08000294                DALI_StateMachineWrite
 .text.bsp_set_led
                0x08000420       0x2c ./Src/dali_master_hal.o
                0x08000420                bsp_set_led
 .text.DALI_PrepareTimerForReceiving
                0x0800044c       0x30 ./Src/dali_master_hal.o
                0x0800044c                DALI_PrepareTimerForReceiving
 .text.DALI_StopAll
                0x0800047c       0x38 ./Src/dali_master_hal.o
                0x0800047c                DALI_StopAll
 .text.DALI_StopCapture
                0x080004b4       0x24 ./Src/dali_master_hal.o
                0x080004b4                DALI_StopCapture
 .text.resetStructures
                0x080004d8       0x50 ./Src/dht22multi.o
                0x080004d8                resetStructures
 .text.doCalculation
                0x08000528      0x104 ./Src/dht22multi.o
 .text.doBitbang2
                0x0800062c      0x16c ./Src/dht22multi.o
 .text.DHT22MULTI_StateMachineTimIT
                0x08000798      0x10c ./Src/dht22multi.o
                0x08000798                DHT22MULTI_StateMachineTimIT
 .text.HAL_SYSTICK_Callback
                0x080008a4       0x24 ./Src/homecontrol.o
                0x080008a4                HAL_SYSTICK_Callback
 .text.Error_Handler
                0x080008c8        0xc ./Src/main.o
 .text.HAL_CAN_RxCpltCallback
                0x080008d4       0x74 ./Src/main.o
                0x080008d4                HAL_CAN_RxCpltCallback
 .text.CAN_Polling
                0x08000948      0x11c ./Src/main.o
                0x08000948                CAN_Polling
 .text.HAL_TIM_PeriodElapsedCallback
                0x08000a64       0x34 ./Src/main.o
                0x08000a64                HAL_TIM_PeriodElapsedCallback
 .text.main     0x08000a98       0x4c ./Src/main.o
                0x08000a98                main
 .text.SystemClock_Config
                0x08000ae4       0x7c ./Src/main.o
                0x08000ae4                SystemClock_Config
 .text.MX_CAN1_Init
                0x08000b60       0x60 ./Src/main.o
 .text.MX_I2C1_Init
                0x08000bc0       0x50 ./Src/main.o
 .text.MX_SPI2_Init
                0x08000c10       0x5c ./Src/main.o
 .text.MX_TIM4_Init
                0x08000c6c       0x84 ./Src/main.o
 .text.MX_TIM6_Init
                0x08000cf0       0x48 ./Src/main.o
 .text.MX_GPIO_Init
                0x08000d38      0x254 ./Src/main.o
 .text.HAL_MspInit
                0x08000f8c       0x18 ./Src/stm32f4xx_hal_msp.o
                0x08000f8c                HAL_MspInit
 .text.HAL_CAN_MspInit
                0x08000fa4       0x70 ./Src/stm32f4xx_hal_msp.o
                0x08000fa4                HAL_CAN_MspInit
 .text.HAL_I2C_MspInit
                0x08001014       0x54 ./Src/stm32f4xx_hal_msp.o
                0x08001014                HAL_I2C_MspInit
 .text.HAL_SPI_MspInit
                0x08001068       0x54 ./Src/stm32f4xx_hal_msp.o
                0x08001068                HAL_SPI_MspInit
 .text.HAL_TIM_Base_MspInit
                0x080010bc       0x8c ./Src/stm32f4xx_hal_msp.o
                0x080010bc                HAL_TIM_Base_MspInit
 .text.TIM6_DAC_IRQHandler
                0x08001148       0x18 ./Src/stm32f4xx_it.o
                0x08001148                TIM6_DAC_IRQHandler
 .text.CAN1_RX0_IRQHandler
                0x08001160       0x18 ./Src/stm32f4xx_it.o
                0x08001160                CAN1_RX0_IRQHandler
 .text.SysTick_Handler
                0x08001178       0x10 ./Src/stm32f4xx_it.o
                0x08001178                SysTick_Handler
 .text.TIM4_IRQHandler
                0x08001188       0x18 ./Src/stm32f4xx_it.o
                0x08001188                TIM4_IRQHandler
 .text.CAN1_RX1_IRQHandler
                0x080011a0       0x18 ./Src/stm32f4xx_it.o
                0x080011a0                CAN1_RX1_IRQHandler
 .text.SystemInit
                0x080011b8       0x5c ./Src/system_stm32f4xx.o
                0x080011b8                SystemInit
 .text.HAL_Init
                0x08001214       0x44 ./STM32F4xx_HAL_Driver/Src/stm32f4xx_hal.o
                0x08001214                HAL_Init
 .text.HAL_InitTick
                0x08001258       0x38 ./STM32F4xx_HAL_Driver/Src/stm32f4xx_hal.o
                0x08001258                HAL_InitTick
 .text.HAL_IncTick
                0x08001290       0x1c ./STM32F4xx_HAL_Driver/Src/stm32f4xx_hal.o
                0x08001290                HAL_IncTick
 .text.HAL_GetTick
                0x080012ac       0x18 ./STM32F4xx_HAL_Driver/Src/stm32f4xx_hal.o
                0x080012ac                HAL_GetTick
 .text.HAL_Delay
                0x080012c4       0x2c ./STM32F4xx_HAL_Driver/Src/stm32f4xx_hal.o
                0x080012c4                HAL_Delay
 .text.HAL_CAN_Init
                0x080012f0      0x24c ./STM32F4xx_HAL_Driver/Src/stm32f4xx_hal_can.o
                0x080012f0                HAL_CAN_Init
 .text.HAL_CAN_ConfigFilter
                0x0800153c      0x198 ./STM32F4xx_HAL_Driver/Src/stm32f4xx_hal_can.o
                0x0800153c                HAL_CAN_ConfigFilter
 .text.HAL_CAN_Transmit
                0x080016d4      0x2dc ./STM32F4xx_HAL_Driver/Src/stm32f4xx_hal_can.o
                0x080016d4                HAL_CAN_Transmit
 .text.HAL_CAN_Receive_IT
                0x080019b0       0xf4 ./STM32F4xx_HAL_Driver/Src/stm32f4xx_hal_can.o
                0x080019b0                HAL_CAN_Receive_IT
 .text.HAL_CAN_IRQHandler
                0x08001aa4      0x344 ./STM32F4xx_HAL_Driver/Src/stm32f4xx_hal_can.o
                0x08001aa4                HAL_CAN_IRQHandler
 .text.HAL_CAN_TxCpltCallback
                0x08001de8       0x14 ./STM32F4xx_HAL_Driver/Src/stm32f4xx_hal_can.o
                0x08001de8                HAL_CAN_TxCpltCallback
 .text.HAL_CAN_ErrorCallback
                0x08001dfc       0x14 ./STM32F4xx_HAL_Driver/Src/stm32f4xx_hal_can.o
                0x08001dfc                HAL_CAN_ErrorCallback
 .text.CAN_Transmit_IT
                0x08001e10       0xa4 ./STM32F4xx_HAL_Driver/Src/stm32f4xx_hal_can.o
 .text.CAN_Receive_IT
                0x08001eb4      0x240 ./STM32F4xx_HAL_Driver/Src/stm32f4xx_hal_can.o
 .text.NVIC_SetPriorityGrouping
                0x080020f4       0x48 ./STM32F4xx_HAL_Driver/Src/stm32f4xx_hal_cortex.o
 .text.NVIC_GetPriorityGrouping
                0x0800213c       0x1c ./STM32F4xx_HAL_Driver/Src/stm32f4xx_hal_cortex.o
 .text.NVIC_EnableIRQ
                0x08002158       0x30 ./STM32F4xx_HAL_Driver/Src/stm32f4xx_hal_cortex.o
 .text.NVIC_ClearPendingIRQ
                0x08002188       0x34 ./STM32F4xx_HAL_Driver/Src/stm32f4xx_hal_cortex.o
 .text.NVIC_SetPriority
                0x080021bc       0x54 ./STM32F4xx_HAL_Driver/Src/stm32f4xx_hal_cortex.o
 .text.NVIC_EncodePriority
                0x08002210       0x68 ./STM32F4xx_HAL_Driver/Src/stm32f4xx_hal_cortex.o
 .text.SysTick_Config
                0x08002278       0x44 ./STM32F4xx_HAL_Driver/Src/stm32f4xx_hal_cortex.o
 .text.HAL_NVIC_SetPriorityGrouping
                0x080022bc       0x14 ./STM32F4xx_HAL_Driver/Src/stm32f4xx_hal_cortex.o
                0x080022bc                HAL_NVIC_SetPriorityGrouping
 .text.HAL_NVIC_SetPriority
                0x080022d0       0x38 ./STM32F4xx_HAL_Driver/Src/stm32f4xx_hal_cortex.o
                0x080022d0                HAL_NVIC_SetPriority
 .text.HAL_NVIC_EnableIRQ
                0x08002308       0x1c ./STM32F4xx_HAL_Driver/Src/stm32f4xx_hal_cortex.o
                0x08002308                HAL_NVIC_EnableIRQ
 .text.HAL_SYSTICK_Config
                0x08002324       0x18 ./STM32F4xx_HAL_Driver/Src/stm32f4xx_hal_cortex.o
                0x08002324                HAL_SYSTICK_Config
 .text.HAL_NVIC_ClearPendingIRQ
                0x0800233c       0x1c ./STM32F4xx_HAL_Driver/Src/stm32f4xx_hal_cortex.o
                0x0800233c                HAL_NVIC_ClearPendingIRQ
 .text.HAL_SYSTICK_IRQHandler
                0x08002358        0xc ./STM32F4xx_HAL_Driver/Src/stm32f4xx_hal_cortex.o
                0x08002358                HAL_SYSTICK_IRQHandler
 .text.HAL_GPIO_Init
                0x08002364      0x344 ./STM32F4xx_HAL_Driver/Src/stm32f4xx_hal_gpio.o
                0x08002364                HAL_GPIO_Init
 .text.HAL_GPIO_WritePin
                0x080026a8       0x30 ./STM32F4xx_HAL_Driver/Src/stm32f4xx_hal_gpio.o
                0x080026a8                HAL_GPIO_WritePin
 .text.HAL_I2C_Init
                0x080026d8      0x1ac ./STM32F4xx_HAL_Driver/Src/stm32f4xx_hal_i2c.o
                0x080026d8                HAL_I2C_Init
 .text.HAL_RCC_OscConfig
                0x08002884      0x4b8 ./STM32F4xx_HAL_Driver/Src/stm32f4xx_hal_rcc.o
                0x08002884                HAL_RCC_OscConfig
 .text.HAL_RCC_ClockConfig
                0x08002d3c      0x2b8 ./STM32F4xx_HAL_Driver/Src/stm32f4xx_hal_rcc.o
                0x08002d3c                HAL_RCC_ClockConfig
 .text.HAL_RCC_GetSysClockFreq
                0x08002ff4      0x13c ./STM32F4xx_HAL_Driver/Src/stm32f4xx_hal_rcc.o
                0x08002ff4                HAL_RCC_GetSysClockFreq
 .text.HAL_RCC_GetHCLKFreq
                0x08003130       0x58 ./STM32F4xx_HAL_Driver/Src/stm32f4xx_hal_rcc.o
                0x08003130                HAL_RCC_GetHCLKFreq
 .text.HAL_RCC_GetPCLK1Freq
                0x08003188       0x50 ./STM32F4xx_HAL_Driver/Src/stm32f4xx_hal_rcc.o
                0x08003188                HAL_RCC_GetPCLK1Freq
 .text.HAL_SPI_Init
                0x080031d8       0xc4 ./STM32F4xx_HAL_Driver/Src/stm32f4xx_hal_spi.o
                0x080031d8                HAL_SPI_Init
 .text.HAL_TIM_Base_Init
                0x0800329c       0x50 ./STM32F4xx_HAL_Driver/Src/stm32f4xx_hal_tim.o
                0x0800329c                HAL_TIM_Base_Init
 .text.HAL_TIM_IC_Init
                0x080032ec       0x50 ./STM32F4xx_HAL_Driver/Src/stm32f4xx_hal_tim.o
                0x080032ec                HAL_TIM_IC_Init
 .text.HAL_TIM_IC_MspInit
                0x0800333c       0x14 ./STM32F4xx_HAL_Driver/Src/stm32f4xx_hal_tim.o
                0x0800333c                HAL_TIM_IC_MspInit
 .text.HAL_TIM_IRQHandler
                0x08003350      0x210 ./STM32F4xx_HAL_Driver/Src/stm32f4xx_hal_tim.o
                0x08003350                HAL_TIM_IRQHandler
 .text.HAL_TIM_IC_ConfigChannel
                0x08003560      0x138 ./STM32F4xx_HAL_Driver/Src/stm32f4xx_hal_tim.o
                0x08003560                HAL_TIM_IC_ConfigChannel
 .text.HAL_TIM_ConfigClockSource
                0x08003698      0x1c4 ./STM32F4xx_HAL_Driver/Src/stm32f4xx_hal_tim.o
                0x08003698                HAL_TIM_ConfigClockSource
 .text.HAL_TIM_OC_DelayElapsedCallback
                0x0800385c       0x14 ./STM32F4xx_HAL_Driver/Src/stm32f4xx_hal_tim.o
                0x0800385c                HAL_TIM_OC_DelayElapsedCallback
 .text.HAL_TIM_IC_CaptureCallback
                0x08003870       0x14 ./STM32F4xx_HAL_Driver/Src/stm32f4xx_hal_tim.o
                0x08003870                HAL_TIM_IC_CaptureCallback
 .text.HAL_TIM_PWM_PulseFinishedCallback
                0x08003884       0x14 ./STM32F4xx_HAL_Driver/Src/stm32f4xx_hal_tim.o
                0x08003884                HAL_TIM_PWM_PulseFinishedCallback
 .text.HAL_TIM_TriggerCallback
                0x08003898       0x14 ./STM32F4xx_HAL_Driver/Src/stm32f4xx_hal_tim.o
                0x08003898                HAL_TIM_TriggerCallback
 .text.TIM_Base_SetConfig
                0x080038ac      0x150 ./STM32F4xx_HAL_Driver/Src/stm32f4xx_hal_tim.o
                0x080038ac                TIM_Base_SetConfig
 .text.TIM_TI1_SetConfig
                0x080039fc       0xf0 ./STM32F4xx_HAL_Driver/Src/stm32f4xx_hal_tim.o
                0x080039fc                TIM_TI1_SetConfig
 .text.TIM_TI1_ConfigInputStage
                0x08003aec       0x64 ./STM32F4xx_HAL_Driver/Src/stm32f4xx_hal_tim.o
 .text.TIM_TI2_SetConfig
                0x08003b50       0x7c ./STM32F4xx_HAL_Driver/Src/stm32f4xx_hal_tim.o
 .text.TIM_TI2_ConfigInputStage
                0x08003bcc       0x68 ./STM32F4xx_HAL_Driver/Src/stm32f4xx_hal_tim.o
 .text.TIM_TI3_SetConfig
                0x08003c34       0x78 ./STM32F4xx_HAL_Driver/Src/stm32f4xx_hal_tim.o
 .text.TIM_TI4_SetConfig
                0x08003cac       0x7c ./STM32F4xx_HAL_Driver/Src/stm32f4xx_hal_tim.o
 .text.TIM_ITRx_SetConfig
                0x08003d28       0x3c ./STM32F4xx_HAL_Driver/Src/stm32f4xx_hal_tim.o
 .text.TIM_ETR_SetConfig
                0x08003d64       0x44 ./STM32F4xx_HAL_Driver/Src/stm32f4xx_hal_tim.o
 .text.HAL_TIMEx_MasterConfigSynchronization
                0x08003da8       0x8c ./STM32F4xx_HAL_Driver/Src/stm32f4xx_hal_tim_ex.o
                0x08003da8                HAL_TIMEx_MasterConfigSynchronization
 .text.HAL_TIMEx_CommutationCallback
                0x08003e34       0x14 ./STM32F4xx_HAL_Driver/Src/stm32f4xx_hal_tim_ex.o
                0x08003e34                HAL_TIMEx_CommutationCallback
 .text.HAL_TIMEx_BreakCallback
                0x08003e48       0x14 ./STM32F4xx_HAL_Driver/Src/stm32f4xx_hal_tim_ex.o
                0x08003e48                HAL_TIMEx_BreakCallback
 .text.BSP_LED_On
                0x08003e5c       0x34 ./STM32F4-Discovery/stm32f4_discovery.o
                0x08003e5c                BSP_LED_On
 .text.BSP_LED_Off
                0x08003e90       0x34 ./STM32F4-Discovery/stm32f4_discovery.o
                0x08003e90                BSP_LED_Off
 .text.__libc_init_array
                0x08003ec4       0x50 c:/stm32tc/gcc48_2014q3/bin/../lib/gcc/arm-none-eabi/4.8.4/../../../../arm-none-eabi/lib/armv7-m\libg.a(lib_a-init.o)
                0x08003ec4                __libc_init_array
 .text.malloc   0x08003f14       0x10 c:/stm32tc/gcc48_2014q3/bin/../lib/gcc/arm-none-eabi/4.8.4/../../../../arm-none-eabi/lib/armv7-m\libg.a(lib_a-malloc.o)
                0x08003f14                malloc
 .text._malloc_r
                0x08003f24      0x538 c:/stm32tc/gcc48_2014q3/bin/../lib/gcc/arm-none-eabi/4.8.4/../../../../arm-none-eabi/lib/armv7-m\libg.a(lib_a-mallocr.o)
                0x08003f24                _malloc_r
 .text.__malloc_lock
                0x0800445c        0x4 c:/stm32tc/gcc48_2014q3/bin/../lib/gcc/arm-none-eabi/4.8.4/../../../../arm-none-eabi/lib/armv7-m\libg.a(lib_a-mlock.o)
                0x0800445c                __malloc_lock
 .text.__malloc_unlock
                0x08004460        0x4 c:/stm32tc/gcc48_2014q3/bin/../lib/gcc/arm-none-eabi/4.8.4/../../../../arm-none-eabi/lib/armv7-m\libg.a(lib_a-mlock.o)
                0x08004460                __malloc_unlock
 .text._sbrk_r  0x08004464       0x24 c:/stm32tc/gcc48_2014q3/bin/../lib/gcc/arm-none-eabi/4.8.4/../../../../arm-none-eabi/lib/armv7-m\libg.a(lib_a-sbrkr.o)
                0x08004464                _sbrk_r
 .text.startup.register_fini
                0x08004488       0x14 c:/stm32tc/gcc48_2014q3/bin/../lib/gcc/arm-none-eabi/4.8.4/../../../../arm-none-eabi/lib/armv7-m\libg.a(lib_a-__call_atexit.o)
 .text.atexit   0x0800449c        0xc c:/stm32tc/gcc48_2014q3/bin/../lib/gcc/arm-none-eabi/4.8.4/../../../../arm-none-eabi/lib/armv7-m\libg.a(lib_a-atexit.o)
                0x0800449c                atexit
 .text.__libc_fini_array
                0x080044a8       0x30 c:/stm32tc/gcc48_2014q3/bin/../lib/gcc/arm-none-eabi/4.8.4/../../../../arm-none-eabi/lib/armv7-m\libg.a(lib_a-fini.o)
                0x080044a8                __libc_fini_array
 .text._malloc_trim_r
                0x080044d8       0x9c c:/stm32tc/gcc48_2014q3/bin/../lib/gcc/arm-none-eabi/4.8.4/../../../../arm-none-eabi/lib/armv7-m\libg.a(lib_a-freer.o)
                0x080044d8                _malloc_trim_r
 .text._free_r  0x08004574      0x198 c:/stm32tc/gcc48_2014q3/bin/../lib/gcc/arm-none-eabi/4.8.4/../../../../arm-none-eabi/lib/armv7-m\libg.a(lib_a-freer.o)
                0x08004574                _free_r
 .text.__register_exitproc
                0x0800470c       0xa8 c:/stm32tc/gcc48_2014q3/bin/../lib/gcc/arm-none-eabi/4.8.4/../../../../arm-none-eabi/lib/armv7-m\libg.a(lib_a-__atexit.o)
                0x0800470c                __register_exitproc
 *(.glue_7)
 .glue_7        0x00000000        0x0 linker stubs
 *(.glue_7t)
 .glue_7t       0x00000000        0x0 linker stubs
 *(.eh_frame)
 .eh_frame      0x080047b4        0x0 c:/stm32tc/gcc48_2014q3/bin/../lib/gcc/arm-none-eabi/4.8.4/armv7-m/crtbegin.o
 *(.init)
 .init          0x080047b4        0x4 c:/stm32tc/gcc48_2014q3/bin/../lib/gcc/arm-none-eabi/4.8.4/armv7-m/crti.o
                0x080047b4                _init
 .init          0x080047b8        0x8 c:/stm32tc/gcc48_2014q3/bin/../lib/gcc/arm-none-eabi/4.8.4/armv7-m/crtn.o
 *(.fini)
 .fini          0x080047c0        0x4 c:/stm32tc/gcc48_2014q3/bin/../lib/gcc/arm-none-eabi/4.8.4/armv7-m/crti.o
                0x080047c0                _fini
 .fini          0x080047c4        0x8 c:/stm32tc/gcc48_2014q3/bin/../lib/gcc/arm-none-eabi/4.8.4/armv7-m/crtn.o
                0x080047cc                . = ALIGN (0x4)
                0x080047cc                _etext = .

.vfp11_veneer   0x080047cc        0x0
 .vfp11_veneer  0x00000000        0x0 linker stubs

.v4_bx          0x080047cc        0x0
 .v4_bx         0x00000000        0x0 linker stubs

.iplt           0x080047cc        0x0
 .iplt          0x00000000        0x0 c:/stm32tc/gcc48_2014q3/bin/../lib/gcc/arm-none-eabi/4.8.4/armv7-m/crtbegin.o

.rodata         0x080047cc       0x20
                0x080047cc                . = ALIGN (0x4)
 *(.rodata)
 *(.rodata*)
 .rodata.APBAHBPrescTable
                0x080047cc       0x10 ./STM32F4xx_HAL_Driver/Src/stm32f4xx_hal_rcc.o
                0x080047cc                APBAHBPrescTable
 .rodata.GPIO_PIN
                0x080047dc        0x8 ./STM32F4-Discovery/stm32f4_discovery.o
                0x080047dc                GPIO_PIN
 .rodata.str1.4
                0x080047e4        0x4 c:/stm32tc/gcc48_2014q3/bin/../lib/gcc/arm-none-eabi/4.8.4/../../../../arm-none-eabi/lib/armv7-m\libg.a(lib_a-impure.o)
 .rodata._global_impure_ptr
                0x080047e8        0x4 c:/stm32tc/gcc48_2014q3/bin/../lib/gcc/arm-none-eabi/4.8.4/../../../../arm-none-eabi/lib/armv7-m\libg.a(lib_a-impure.o)
                0x080047e8                _global_impure_ptr
                0x080047ec                . = ALIGN (0x4)

.rel.dyn        0x080047ec        0x0
 .rel.iplt      0x00000000        0x0 c:/stm32tc/gcc48_2014q3/bin/../lib/gcc/arm-none-eabi/4.8.4/armv7-m/crtbegin.o

.ARM.extab
 *(.ARM.extab* .gnu.linkonce.armextab.*)

.ARM            0x080047ec        0x0
                0x080047ec                __exidx_start = .
 *(.ARM.exidx*)
                0x080047ec                __exidx_end = .

.preinit_array  0x080047ec        0x0
                0x080047ec                PROVIDE (__preinit_array_start, .)
 *(.preinit_array*)
                0x080047ec                PROVIDE (__preinit_array_end, .)

.init_array     0x080047ec        0x8
                0x080047ec                PROVIDE (__init_array_start, .)
 *(SORT(.init_array.*))
 .init_array.00000
                0x080047ec        0x4 c:/stm32tc/gcc48_2014q3/bin/../lib/gcc/arm-none-eabi/4.8.4/../../../../arm-none-eabi/lib/armv7-m\libg.a(lib_a-__call_atexit.o)
 *(.init_array*)
 .init_array    0x080047f0        0x4 c:/stm32tc/gcc48_2014q3/bin/../lib/gcc/arm-none-eabi/4.8.4/armv7-m/crtbegin.o
                0x080047f4                PROVIDE (__init_array_end, .)

.fini_array     0x080047f4        0x4
                0x080047f4                PROVIDE (__fini_array_start, .)
 *(SORT(.fini_array.*))
 *(.fini_array*)
 .fini_array    0x080047f4        0x4 c:/stm32tc/gcc48_2014q3/bin/../lib/gcc/arm-none-eabi/4.8.4/armv7-m/crtbegin.o
                0x080047f8                PROVIDE (__fini_array_end, .)
                0x080047f8                _sidata = LOADADDR (.data)

.data           0x20000000      0x854 load address 0x080047f8
                0x20000000                . = ALIGN (0x4)
                0x20000000                _sdata = .
 *(.data)
 *(.data*)
 .data.SystemCoreClock
                0x20000000        0x4 ./Src/system_stm32f4xx.o
                0x20000000                SystemCoreClock
 .data.GPIO_PORT
                0x20000004       0x10 ./STM32F4-Discovery/stm32f4_discovery.o
                0x20000004                GPIO_PORT
 *fill*         0x20000014        0x4 
 .data.impure_data
                0x20000018      0x428 c:/stm32tc/gcc48_2014q3/bin/../lib/gcc/arm-none-eabi/4.8.4/../../../../arm-none-eabi/lib/armv7-m\libg.a(lib_a-impure.o)
 .data._impure_ptr
                0x20000440        0x4 c:/stm32tc/gcc48_2014q3/bin/../lib/gcc/arm-none-eabi/4.8.4/../../../../arm-none-eabi/lib/armv7-m\libg.a(lib_a-impure.o)
                0x20000440                _impure_ptr
 .data.__malloc_av_
                0x20000444      0x408 c:/stm32tc/gcc48_2014q3/bin/../lib/gcc/arm-none-eabi/4.8.4/../../../../arm-none-eabi/lib/armv7-m\libg.a(lib_a-mallocr.o)
                0x20000444                __malloc_av_
 .data.__malloc_trim_threshold
                0x2000084c        0x4 c:/stm32tc/gcc48_2014q3/bin/../lib/gcc/arm-none-eabi/4.8.4/../../../../arm-none-eabi/lib/armv7-m\libg.a(lib_a-mallocr.o)
                0x2000084c                __malloc_trim_threshold
 .data.__malloc_sbrk_base
                0x20000850        0x4 c:/stm32tc/gcc48_2014q3/bin/../lib/gcc/arm-none-eabi/4.8.4/../../../../arm-none-eabi/lib/armv7-m\libg.a(lib_a-mallocr.o)
                0x20000850                __malloc_sbrk_base
                0x20000854                . = ALIGN (0x4)
                0x20000854                _edata = .
                0x0800504c                _siccmram = LOADADDR (.ccmram)

.jcr            0x20000854        0x0 load address 0x0800504c
 .jcr           0x20000854        0x0 c:/stm32tc/gcc48_2014q3/bin/../lib/gcc/arm-none-eabi/4.8.4/armv7-m/crtbegin.o

.igot.plt       0x20000854        0x0 load address 0x0800504c
 .igot.plt      0x00000000        0x0 c:/stm32tc/gcc48_2014q3/bin/../lib/gcc/arm-none-eabi/4.8.4/armv7-m/crtbegin.o

.ccmram         0x10000000        0x0 load address 0x0800504c
                0x10000000                . = ALIGN (0x4)
                0x10000000                _sccmram = .
 *(.ccmram)
 *(.ccmram*)
                0x10000000                . = ALIGN (0x4)
                0x10000000                _eccmram = .
                0x10000000                . = ALIGN (0x4)

.bss            0x20000858      0x26c
                0x20000858                _sbss = .
                0x20000858                __bss_start__ = _sbss
 *(.bss)
 .bss           0x20000858       0x1c c:/stm32tc/gcc48_2014q3/bin/../lib/gcc/arm-none-eabi/4.8.4/armv7-m/crtbegin.o
 *(.bss*)
 .bss.heap_end.5637
                0x20000874        0x4 ./cmsis407/syscalls.o
 .bss.masterState
                0x20000878        0x1 ./Src/dali_master.o
 .bss.waitForAnswer
                0x20000879        0x1 ./Src/dali_master.o
 .bss.earlyAnswer
                0x2000087a        0x1 ./Src/dali_master.o
 *fill*         0x2000087b        0x1 
 .bss.daliForwardFrame
                0x2000087c        0x2 ./Src/dali_master.o
 .bss.bitcount.6939
                0x2000087e        0x2 ./Src/dali_master.o
 .bss.mask.6940
                0x20000880        0x2 ./Src/dali_master.o
 *fill*         0x20000882        0x2 
 .bss.rawData   0x20000884        0x8 ./Src/dht22multi.o
 .bss.temperatures
                0x2000088c        0x4 ./Src/dht22multi.o
 .bss.nextAction
                0x20000890        0x4 ./Src/dht22multi.o
 .bss.t         0x20000894        0x4 ./Src/dht22multi.o
 .bss.previousInp
                0x20000898        0x2 ./Src/dht22multi.o
 .bss.timeunit  0x2000089a        0x2 ./Src/dht22multi.o
 *fill*         0x2000089c        0x4 
 .bss.wideTick  0x200008a0        0x8 ./Src/homecontrol.o
 .bss.TxMessage
                0x200008a8       0x34 ./Src/main.o
 .bss.RxMessage
                0x200008dc       0x3c ./Src/main.o
 .bss.uwTick    0x20000918        0x4 ./STM32F4xx_HAL_Driver/Src/stm32f4xx_hal.o
 .bss.__malloc_max_total_mem
                0x2000091c        0x4 c:/stm32tc/gcc48_2014q3/bin/../lib/gcc/arm-none-eabi/4.8.4/../../../../arm-none-eabi/lib/armv7-m\libg.a(lib_a-mallocr.o)
                0x2000091c                __malloc_max_total_mem
 .bss.__malloc_max_sbrked_mem
                0x20000920        0x4 c:/stm32tc/gcc48_2014q3/bin/../lib/gcc/arm-none-eabi/4.8.4/../../../../arm-none-eabi/lib/armv7-m\libg.a(lib_a-mallocr.o)
                0x20000920                __malloc_max_sbrked_mem
 .bss.__malloc_top_pad
                0x20000924        0x4 c:/stm32tc/gcc48_2014q3/bin/../lib/gcc/arm-none-eabi/4.8.4/../../../../arm-none-eabi/lib/armv7-m\libg.a(lib_a-mallocr.o)
                0x20000924                __malloc_top_pad
 .bss.__malloc_current_mallinfo
                0x20000928       0x28 c:/stm32tc/gcc48_2014q3/bin/../lib/gcc/arm-none-eabi/4.8.4/../../../../arm-none-eabi/lib/armv7-m\libg.a(lib_a-mallocr.o)
                0x20000928                __malloc_current_mallinfo
 *(COMMON)
 COMMON         0x20000950        0x4 ./Src/dht22multi.o
                0x20000950                DHT22_TIMINGERROR
                0x20000952                DHT22_CRCERROR
 COMMON         0x20000954      0x16c ./Src/main.o
                0x20000954                sFilterConfig
                0x2000097c                hspi2
                0x200009d0                htim4
                0x20000a0c                hi2c1
                0x20000a44                htim6
                0x20000a80                hcan1
 COMMON         0x20000ac0        0x4 c:/stm32tc/gcc48_2014q3/bin/../lib/gcc/arm-none-eabi/4.8.4/../../../../arm-none-eabi/lib/armv7-m\libg.a(lib_a-reent.o)
                0x20000ac0                errno
                0x20000ac4                . = ALIGN (0x4)
                0x20000ac4                _ebss = .
                0x20000ac4                __bss_end__ = _ebss

._user_heap_stack
                0x20000ac4      0x400
                0x20000ac4                . = ALIGN (0x4)
                0x20000ac4                PROVIDE (end, .)
                0x20000ac4                PROVIDE (_end, .)
                0x20000ac4                . = (. + _Min_Heap_Size)
                0x20000ec4                . = (. + _Min_Stack_Size)
 *fill*         0x20000ac4      0x400 
                0x20000ec4                . = ALIGN (0x4)

/DISCARD/
 libc.a(*)
 libm.a(*)
 libgcc.a(*)

.ARM.attributes
                0x00000000       0x2f
 *(.ARM.attributes)
 .ARM.attributes
                0x00000000       0x1d c:/stm32tc/gcc48_2014q3/bin/../lib/gcc/arm-none-eabi/4.8.4/armv7-m/crti.o
 .ARM.attributes
                0x0000001d       0x2d c:/stm32tc/gcc48_2014q3/bin/../lib/gcc/arm-none-eabi/4.8.4/armv7-m/crtbegin.o
 .ARM.attributes
                0x0000004a       0x21 ./cmsis407/startup_stm32f407xx.o
 .ARM.attributes
                0x0000006b       0x33 ./cmsis407/syscalls.o
 .ARM.attributes
                0x0000009e       0x33 ./Src/dali_master.o
 .ARM.attributes
                0x000000d1       0x33 ./Src/dali_master_hal.o
 .ARM.attributes
                0x00000104       0x33 ./Src/dht22multi.o
 .ARM.attributes
                0x00000137       0x33 ./Src/homecontrol.o
 .ARM.attributes
                0x0000016a       0x33 ./Src/main.o
 .ARM.attributes
                0x0000019d       0x33 ./Src/stm32f4xx_hal_msp.o
 .ARM.attributes
                0x000001d0       0x33 ./Src/stm32f4xx_it.o
 .ARM.attributes
                0x00000203       0x33 ./Src/system_stm32f4xx.o
 .ARM.attributes
                0x00000236       0x33 ./STM32F4xx_HAL_Driver/Src/stm32f4xx_hal.o
 .ARM.attributes
                0x00000269       0x33 ./STM32F4xx_HAL_Driver/Src/stm32f4xx_hal_can.o
 .ARM.attributes
                0x0000029c       0x33 ./STM32F4xx_HAL_Driver/Src/stm32f4xx_hal_cortex.o
 .ARM.attributes
                0x000002cf       0x33 ./STM32F4xx_HAL_Driver/Src/stm32f4xx_hal_gpio.o
 .ARM.attributes
                0x00000302       0x33 ./STM32F4xx_HAL_Driver/Src/stm32f4xx_hal_i2c.o
 .ARM.attributes
                0x00000335       0x33 ./STM32F4xx_HAL_Driver/Src/stm32f4xx_hal_rcc.o
 .ARM.attributes
                0x00000368       0x33 ./STM32F4xx_HAL_Driver/Src/stm32f4xx_hal_spi.o
 .ARM.attributes
                0x0000039b       0x33 ./STM32F4xx_HAL_Driver/Src/stm32f4xx_hal_tim.o
 .ARM.attributes
                0x000003ce       0x33 ./STM32F4xx_HAL_Driver/Src/stm32f4xx_hal_tim_ex.o
 .ARM.attributes
                0x00000401       0x33 ./STM32F4-Discovery/stm32f4_discovery.o
 .ARM.attributes
                0x00000434       0x2d c:/stm32tc/gcc48_2014q3/bin/../lib/gcc/arm-none-eabi/4.8.4/../../../../arm-none-eabi/lib/armv7-m\libg.a(lib_a-impure.o)
 .ARM.attributes
                0x00000461       0x2d c:/stm32tc/gcc48_2014q3/bin/../lib/gcc/arm-none-eabi/4.8.4/../../../../arm-none-eabi/lib/armv7-m\libg.a(lib_a-init.o)
 .ARM.attributes
                0x0000048e       0x2d c:/stm32tc/gcc48_2014q3/bin/../lib/gcc/arm-none-eabi/4.8.4/../../../../arm-none-eabi/lib/armv7-m\libg.a(lib_a-malloc.o)
 .ARM.attributes
                0x000004bb       0x2d c:/stm32tc/gcc48_2014q3/bin/../lib/gcc/arm-none-eabi/4.8.4/../../../../arm-none-eabi/lib/armv7-m\libg.a(lib_a-mallocr.o)
 .ARM.attributes
                0x000004e8       0x2d c:/stm32tc/gcc48_2014q3/bin/../lib/gcc/arm-none-eabi/4.8.4/../../../../arm-none-eabi/lib/armv7-m\libg.a(lib_a-mlock.o)
 .ARM.attributes
                0x00000515       0x2d c:/stm32tc/gcc48_2014q3/bin/../lib/gcc/arm-none-eabi/4.8.4/../../../../arm-none-eabi/lib/armv7-m\libg.a(lib_a-reent.o)
 .ARM.attributes
                0x00000542       0x2d c:/stm32tc/gcc48_2014q3/bin/../lib/gcc/arm-none-eabi/4.8.4/../../../../arm-none-eabi/lib/armv7-m\libg.a(lib_a-sbrkr.o)
 .ARM.attributes
                0x0000056f       0x2d c:/stm32tc/gcc48_2014q3/bin/../lib/gcc/arm-none-eabi/4.8.4/../../../../arm-none-eabi/lib/armv7-m\libg.a(lib_a-__call_atexit.o)
 .ARM.attributes
                0x0000059c       0x2d c:/stm32tc/gcc48_2014q3/bin/../lib/gcc/arm-none-eabi/4.8.4/../../../../arm-none-eabi/lib/armv7-m\libg.a(lib_a-atexit.o)
 .ARM.attributes
                0x000005c9       0x2d c:/stm32tc/gcc48_2014q3/bin/../lib/gcc/arm-none-eabi/4.8.4/../../../../arm-none-eabi/lib/armv7-m\libg.a(lib_a-fini.o)
 .ARM.attributes
                0x000005f6       0x2d c:/stm32tc/gcc48_2014q3/bin/../lib/gcc/arm-none-eabi/4.8.4/../../../../arm-none-eabi/lib/armv7-m\libg.a(lib_a-freer.o)
 .ARM.attributes
                0x00000623       0x2d c:/stm32tc/gcc48_2014q3/bin/../lib/gcc/arm-none-eabi/4.8.4/../../../../arm-none-eabi/lib/armv7-m\libg.a(lib_a-__atexit.o)
 .ARM.attributes
                0x00000650       0x1d c:/stm32tc/gcc48_2014q3/bin/../lib/gcc/arm-none-eabi/4.8.4/armv7-m/crtn.o
OUTPUT(407homeautomation.elf elf32-littlearm)

.debug_line     0x00000000     0x9d8b
 .debug_line    0x00000000       0x8f ./cmsis407/startup_stm32f407xx.o
 .debug_line    0x0000008f      0x426 ./cmsis407/syscalls.o
 .debug_line    0x000004b5      0x6cd ./Src/dali_master.o
 .debug_line    0x00000b82      0x590 ./Src/dali_master_hal.o
 .debug_line    0x00001112      0x5f4 ./Src/dht22multi.o
 .debug_line    0x00001706      0x6bd ./Src/homecontrol.o
 .debug_line    0x00001dc3      0x738 ./Src/main.o
 .debug_line    0x000024fb      0x558 ./Src/stm32f4xx_hal_msp.o
 .debug_line    0x00002a53      0x4ee ./Src/stm32f4xx_it.o
 .debug_line    0x00002f41      0x4c0 ./Src/system_stm32f4xx.o
 .debug_line    0x00003401      0x65b ./STM32F4xx_HAL_Driver/Src/stm32f4xx_hal.o
 .debug_line    0x00003a5c      0x8e7 ./STM32F4xx_HAL_Driver/Src/stm32f4xx_hal_can.o
 .debug_line    0x00004343      0x792 ./STM32F4xx_HAL_Driver/Src/stm32f4xx_hal_cortex.o
 .debug_line    0x00004ad5      0x609 ./STM32F4xx_HAL_Driver/Src/stm32f4xx_hal_gpio.o
 .debug_line    0x000050de     0x1167 ./STM32F4xx_HAL_Driver/Src/stm32f4xx_hal_i2c.o
 .debug_line    0x00006245      0x892 ./STM32F4xx_HAL_Driver/Src/stm32f4xx_hal_rcc.o
 .debug_line    0x00006ad7      0xca6 ./STM32F4xx_HAL_Driver/Src/stm32f4xx_hal_spi.o
 .debug_line    0x0000777d     0x14da ./STM32F4xx_HAL_Driver/Src/stm32f4xx_hal_tim.o
 .debug_line    0x00008c57      0xa16 ./STM32F4xx_HAL_Driver/Src/stm32f4xx_hal_tim_ex.o
 .debug_line    0x0000966d      0x71e ./STM32F4-Discovery/stm32f4_discovery.o

.debug_info     0x00000000     0xfd77
 .debug_info    0x00000000       0x78 ./cmsis407/startup_stm32f407xx.o
 .debug_info    0x00000078      0x664 ./cmsis407/syscalls.o
 .debug_info    0x000006dc      0x6a4 ./Src/dali_master.o
 .debug_info    0x00000d80      0x2bc ./Src/dali_master_hal.o
 .debug_info    0x0000103c      0x691 ./Src/dht22multi.o
 .debug_info    0x000016cd     0x104b ./Src/homecontrol.o
 .debug_info    0x00002718     0x16e4 ./Src/main.o
 .debug_info    0x00003dfc     0x1514 ./Src/stm32f4xx_hal_msp.o
 .debug_info    0x00005310      0xc78 ./Src/stm32f4xx_it.o
 .debug_info    0x00005f88      0x4a2 ./Src/system_stm32f4xx.o
 .debug_info    0x0000642a      0x7c6 ./STM32F4xx_HAL_Driver/Src/stm32f4xx_hal.o
 .debug_info    0x00006bf0      0xa8c ./STM32F4xx_HAL_Driver/Src/stm32f4xx_hal_can.o
 .debug_info    0x0000767c      0xb66 ./STM32F4xx_HAL_Driver/Src/stm32f4xx_hal_cortex.o
 .debug_info    0x000081e2      0x6d4 ./STM32F4xx_HAL_Driver/Src/stm32f4xx_hal_gpio.o
 .debug_info    0x000088b6     0x1554 ./STM32F4xx_HAL_Driver/Src/stm32f4xx_hal_i2c.o
 .debug_info    0x00009e0a      0xe23 ./STM32F4xx_HAL_Driver/Src/stm32f4xx_hal_rcc.o
 .debug_info    0x0000ac2d      0xee0 ./STM32F4xx_HAL_Driver/Src/stm32f4xx_hal_spi.o
 .debug_info    0x0000bb0d     0x20e8 ./STM32F4xx_HAL_Driver/Src/stm32f4xx_hal_tim.o
 .debug_info    0x0000dbf5      0xf06 ./STM32F4xx_HAL_Driver/Src/stm32f4xx_hal_tim_ex.o
 .debug_info    0x0000eafb     0x127c ./STM32F4-Discovery/stm32f4_discovery.o

.debug_abbrev   0x00000000     0x2304
 .debug_abbrev  0x00000000       0x12 ./cmsis407/startup_stm32f407xx.o
 .debug_abbrev  0x00000012      0x16b ./cmsis407/syscalls.o
 .debug_abbrev  0x0000017d      0x1b8 ./Src/dali_master.o
 .debug_abbrev  0x00000335      0x10a ./Src/dali_master_hal.o
 .debug_abbrev  0x0000043f      0x1a5 ./Src/dht22multi.o
 .debug_abbrev  0x000005e4      0x269 ./Src/homecontrol.o
 .debug_abbrev  0x0000084d      0x223 ./Src/main.o
 .debug_abbrev  0x00000a70      0x1bd ./Src/stm32f4xx_hal_msp.o
 .debug_abbrev  0x00000c2d      0x16d ./Src/stm32f4xx_it.o
 .debug_abbrev  0x00000d9a      0x104 ./Src/system_stm32f4xx.o
 .debug_abbrev  0x00000e9e      0x18d ./STM32F4xx_HAL_Driver/Src/stm32f4xx_hal.o
 .debug_abbrev  0x0000102b      0x205 ./STM32F4xx_HAL_Driver/Src/stm32f4xx_hal_can.o
 .debug_abbrev  0x00001230      0x29a ./STM32F4xx_HAL_Driver/Src/stm32f4xx_hal_cortex.o
 .debug_abbrev  0x000014ca      0x1a2 ./STM32F4xx_HAL_Driver/Src/stm32f4xx_hal_gpio.o
 .debug_abbrev  0x0000166c      0x1d7 ./STM32F4xx_HAL_Driver/Src/stm32f4xx_hal_i2c.o
 .debug_abbrev  0x00001843      0x28a ./STM32F4xx_HAL_Driver/Src/stm32f4xx_hal_rcc.o
 .debug_abbrev  0x00001acd      0x1f7 ./STM32F4xx_HAL_Driver/Src/stm32f4xx_hal_spi.o
 .debug_abbrev  0x00001cc4      0x205 ./STM32F4xx_HAL_Driver/Src/stm32f4xx_hal_tim.o
 .debug_abbrev  0x00001ec9      0x20d ./STM32F4xx_HAL_Driver/Src/stm32f4xx_hal_tim_ex.o
 .debug_abbrev  0x000020d6      0x22e ./STM32F4-Discovery/stm32f4_discovery.o

.debug_aranges  0x00000000      0xfa8
 .debug_aranges
                0x00000000       0x28 ./cmsis407/startup_stm32f407xx.o
 .debug_aranges
                0x00000028       0xb0 ./cmsis407/syscalls.o
 .debug_aranges
                0x000000d8       0x68 ./Src/dali_master.o
 .debug_aranges
                0x00000140       0x50 ./Src/dali_master_hal.o
 .debug_aranges
                0x00000190       0x58 ./Src/dht22multi.o
 .debug_aranges
                0x000001e8       0x90 ./Src/homecontrol.o
 .debug_aranges
                0x00000278       0x78 ./Src/main.o
 .debug_aranges
                0x000002f0       0x60 ./Src/stm32f4xx_hal_msp.o
 .debug_aranges
                0x00000350       0x40 ./Src/stm32f4xx_it.o
 .debug_aranges
                0x00000390       0x28 ./Src/system_stm32f4xx.o
 .debug_aranges
                0x000003b8       0xc0 ./STM32F4xx_HAL_Driver/Src/stm32f4xx_hal.o
 .debug_aranges
                0x00000478       0xb0 ./STM32F4xx_HAL_Driver/Src/stm32f4xx_hal_can.o
 .debug_aranges
                0x00000528      0x100 ./STM32F4xx_HAL_Driver/Src/stm32f4xx_hal_cortex.o
 .debug_aranges
                0x00000628       0x58 ./STM32F4xx_HAL_Driver/Src/stm32f4xx_hal_gpio.o
 .debug_aranges
                0x00000680      0x1e8 ./STM32F4xx_HAL_Driver/Src/stm32f4xx_hal_i2c.o
 .debug_aranges
                0x00000868       0x88 ./STM32F4xx_HAL_Driver/Src/stm32f4xx_hal_rcc.o
 .debug_aranges
                0x000008f0      0x150 ./STM32F4xx_HAL_Driver/Src/stm32f4xx_hal_spi.o
 .debug_aranges
                0x00000a40      0x358 ./STM32F4xx_HAL_Driver/Src/stm32f4xx_hal_tim.o
 .debug_aranges
                0x00000d98      0x140 ./STM32F4xx_HAL_Driver/Src/stm32f4xx_hal_tim_ex.o
 .debug_aranges
                0x00000ed8       0xd0 ./STM32F4-Discovery/stm32f4_discovery.o

.debug_ranges   0x00000000      0xe70
 .debug_ranges  0x00000000       0x20 ./cmsis407/startup_stm32f407xx.o
 .debug_ranges  0x00000020       0xa0 ./cmsis407/syscalls.o
 .debug_ranges  0x000000c0       0x58 ./Src/dali_master.o
 .debug_ranges  0x00000118       0x40 ./Src/dali_master_hal.o
 .debug_ranges  0x00000158       0x48 ./Src/dht22multi.o
 .debug_ranges  0x000001a0       0x80 ./Src/homecontrol.o
 .debug_ranges  0x00000220       0x68 ./Src/main.o
 .debug_ranges  0x00000288       0x50 ./Src/stm32f4xx_hal_msp.o
 .debug_ranges  0x000002d8       0x30 ./Src/stm32f4xx_it.o
 .debug_ranges  0x00000308       0x18 ./Src/system_stm32f4xx.o
 .debug_ranges  0x00000320       0xb0 ./STM32F4xx_HAL_Driver/Src/stm32f4xx_hal.o
 .debug_ranges  0x000003d0       0xa0 ./STM32F4xx_HAL_Driver/Src/stm32f4xx_hal_can.o
 .debug_ranges  0x00000470       0xf0 ./STM32F4xx_HAL_Driver/Src/stm32f4xx_hal_cortex.o
 .debug_ranges  0x00000560       0x48 ./STM32F4xx_HAL_Driver/Src/stm32f4xx_hal_gpio.o
 .debug_ranges  0x000005a8      0x1d8 ./STM32F4xx_HAL_Driver/Src/stm32f4xx_hal_i2c.o
 .debug_ranges  0x00000780       0x78 ./STM32F4xx_HAL_Driver/Src/stm32f4xx_hal_rcc.o
 .debug_ranges  0x000007f8      0x140 ./STM32F4xx_HAL_Driver/Src/stm32f4xx_hal_spi.o
 .debug_ranges  0x00000938      0x348 ./STM32F4xx_HAL_Driver/Src/stm32f4xx_hal_tim.o
 .debug_ranges  0x00000c80      0x130 ./STM32F4xx_HAL_Driver/Src/stm32f4xx_hal_tim_ex.o
 .debug_ranges  0x00000db0       0xc0 ./STM32F4-Discovery/stm32f4_discovery.o

.debug_macro    0x00000000    0x11376
 .debug_macro   0x00000000      0x1cb ./cmsis407/syscalls.o
 .debug_macro   0x000001cb      0x85c ./cmsis407/syscalls.o
 .debug_macro   0x00000a27       0x58 ./cmsis407/syscalls.o
 .debug_macro   0x00000a7f       0x16 ./cmsis407/syscalls.o
 .debug_macro   0x00000a95       0x35 ./cmsis407/syscalls.o
 .debug_macro   0x00000aca       0xa3 ./cmsis407/syscalls.o
 .debug_macro   0x00000b6d      0x16d ./cmsis407/syscalls.o
 .debug_macro   0x00000cda       0x4a ./cmsis407/syscalls.o
 .debug_macro   0x00000d24       0x52 ./cmsis407/syscalls.o
 .debug_macro   0x00000d76       0x16 ./cmsis407/syscalls.o
 .debug_macro   0x00000d8c       0x43 ./cmsis407/syscalls.o
 .debug_macro   0x00000dcf      0x180 ./cmsis407/syscalls.o
 .debug_macro   0x00000f4f       0x10 ./cmsis407/syscalls.o
 .debug_macro   0x00000f5f       0x35 ./cmsis407/syscalls.o
 .debug_macro   0x00000f94       0x10 ./cmsis407/syscalls.o
 .debug_macro   0x00000fa4       0x10 ./cmsis407/syscalls.o
 .debug_macro   0x00000fb4       0x10 ./cmsis407/syscalls.o
 .debug_macro   0x00000fc4       0x22 ./cmsis407/syscalls.o
 .debug_macro   0x00000fe6       0xbd ./cmsis407/syscalls.o
 .debug_macro   0x000010a3       0x35 ./cmsis407/syscalls.o
 .debug_macro   0x000010d8      0x120 ./cmsis407/syscalls.o
 .debug_macro   0x000011f8       0x16 ./cmsis407/syscalls.o
 .debug_macro   0x0000120e       0x16 ./cmsis407/syscalls.o
 .debug_macro   0x00001224       0x29 ./cmsis407/syscalls.o
 .debug_macro   0x0000124d       0x10 ./cmsis407/syscalls.o
 .debug_macro   0x0000125d      0x241 ./cmsis407/syscalls.o
 .debug_macro   0x0000149e       0x1c ./cmsis407/syscalls.o
 .debug_macro   0x000014ba       0x10 ./cmsis407/syscalls.o
 .debug_macro   0x000014ca       0x16 ./cmsis407/syscalls.o
 .debug_macro   0x000014e0      0x16c ./cmsis407/syscalls.o
 .debug_macro   0x0000164c      0x13a ./cmsis407/syscalls.o
 .debug_macro   0x00001786       0x16 ./cmsis407/syscalls.o
 .debug_macro   0x0000179c       0x22 ./cmsis407/syscalls.o
 .debug_macro   0x000017be      0x20f ./cmsis407/syscalls.o
 .debug_macro   0x000019cd      0x452 ./cmsis407/syscalls.o
 .debug_macro   0x00001e1f      0x219 ./Src/dali_master.o
 .debug_macro   0x00002038       0x22 ./Src/dali_master.o
 .debug_macro   0x0000205a       0x34 ./Src/dali_master.o
 .debug_macro   0x0000208e      0x1b3 ./Src/dali_master.o
 .debug_macro   0x00002241       0x28 ./Src/dali_master.o
 .debug_macro   0x00002269       0x28 ./Src/dali_master.o
 .debug_macro   0x00002291       0x3b ./Src/dali_master.o
 .debug_macro   0x000022cc       0x44 ./Src/dali_master.o
 .debug_macro   0x00002310      0x209 ./Src/dali_master.o
 .debug_macro   0x00002519       0x2d ./Src/dali_master.o
 .debug_macro   0x00002546       0x42 ./Src/dali_master.o
 .debug_macro   0x00002588      0xd39 ./Src/dali_master.o
 .debug_macro   0x000032c1     0x8fae ./Src/dali_master.o
 .debug_macro   0x0000c26f       0x43 ./Src/dali_master.o
 .debug_macro   0x0000c2b2       0x57 ./Src/dali_master.o
 .debug_macro   0x0000c309      0xb9c ./Src/dali_master.o
 .debug_macro   0x0000cea5      0x40f ./Src/dali_master.o
 .debug_macro   0x0000d2b4      0x13f ./Src/dali_master.o
 .debug_macro   0x0000d3f3      0x137 ./Src/dali_master.o
 .debug_macro   0x0000d52a      0x2cd ./Src/dali_master.o
 .debug_macro   0x0000d7f7       0x52 ./Src/dali_master.o
 .debug_macro   0x0000d849      0x3c2 ./Src/dali_master.o
 .debug_macro   0x0000dc0b      0x132 ./Src/dali_master.o
 .debug_macro   0x0000dd3d      0x217 ./Src/dali_master.o
 .debug_macro   0x0000df54      0x1e6 ./Src/dali_master.o
 .debug_macro   0x0000e13a      0x1ae ./Src/dali_master.o
 .debug_macro   0x0000e2e8      0x16e ./Src/dali_master.o
 .debug_macro   0x0000e456       0x52 ./Src/dali_master.o
 .debug_macro   0x0000e4a8      0x1d1 ./Src/dali_master.o
 .debug_macro   0x0000e679      0x84c ./Src/dali_master.o
 .debug_macro   0x0000eec5       0x4d ./Src/dali_master.o
 .debug_macro   0x0000ef12      0x125 ./Src/dali_master.o
 .debug_macro   0x0000f037      0x201 ./Src/dali_master.o
 .debug_macro   0x0000f238       0x58 ./Src/dali_master.o
 .debug_macro   0x0000f290      0x1b8 ./Src/dali_master_hal.o
 .debug_macro   0x0000f448      0x1f6 ./Src/dht22multi.o
 .debug_macro   0x0000f63e       0x82 ./Src/dht22multi.o
 .debug_macro   0x0000f6c0      0x1f2 ./Src/homecontrol.o
 .debug_macro   0x0000f8b2       0x94 ./Src/homecontrol.o
 .debug_macro   0x0000f946       0x10 ./Src/homecontrol.o
 .debug_macro   0x0000f956      0x204 ./Src/main.o
 .debug_macro   0x0000fb5a      0x19d ./Src/stm32f4xx_hal_msp.o
 .debug_macro   0x0000fcf7      0x1a7 ./Src/stm32f4xx_it.o
 .debug_macro   0x0000fe9e      0x1a3 ./Src/system_stm32f4xx.o
 .debug_macro   0x00010041      0x1eb ./STM32F4xx_HAL_Driver/Src/stm32f4xx_hal.o
 .debug_macro   0x0001022c      0x1a3 ./STM32F4xx_HAL_Driver/Src/stm32f4xx_hal_can.o
 .debug_macro   0x000103cf      0x19d ./STM32F4xx_HAL_Driver/Src/stm32f4xx_hal_cortex.o
 .debug_macro   0x0001056c      0x1dc ./STM32F4xx_HAL_Driver/Src/stm32f4xx_hal_gpio.o
 .debug_macro   0x00010748      0x1ac ./STM32F4xx_HAL_Driver/Src/stm32f4xx_hal_i2c.o
 .debug_macro   0x000108f4      0x1df ./STM32F4xx_HAL_Driver/Src/stm32f4xx_hal_rcc.o
 .debug_macro   0x00010ad3      0x1a3 ./STM32F4xx_HAL_Driver/Src/stm32f4xx_hal_spi.o
 .debug_macro   0x00010c76      0x19e ./STM32F4xx_HAL_Driver/Src/stm32f4xx_hal_tim.o
 .debug_macro   0x00010e14      0x19d ./STM32F4xx_HAL_Driver/Src/stm32f4xx_hal_tim_ex.o
 .debug_macro   0x00010fb1      0x1ca ./STM32F4-Discovery/stm32f4_discovery.o
 .debug_macro   0x0001117b      0x1fb ./STM32F4-Discovery/stm32f4_discovery.o

.debug_str      0x00000000    0x63dc5
 .debug_str     0x00000000     0x6b9e ./cmsis407/syscalls.o
                               0x6daa (size before relaxing)
 .debug_str     0x00006b9e    0x577f1 ./Src/dali_master.o
                              0x5a73b (size before relaxing)
 .debug_str     0x0005e38f       0xb5 ./Src/dali_master_hal.o
                              0x5a275 (size before relaxing)
 .debug_str     0x0005e444      0x2d8 ./Src/dht22multi.o
                              0x5a4cd (size before relaxing)
 .debug_str     0x0005e71c      0xc8d ./Src/homecontrol.o
                              0x5aef6 (size before relaxing)
 .debug_str     0x0005f3a9     0x1234 ./Src/main.o
                              0x5c7f8 (size before relaxing)
 .debug_str     0x000605dd      0x586 ./Src/stm32f4xx_hal_msp.o
                              0x5a488 (size before relaxing)
 .debug_str     0x00060b63       0x84 ./Src/stm32f4xx_it.o
                              0x59e5d (size before relaxing)
 .debug_str     0x00060be7       0xcf ./Src/system_stm32f4xx.o
                              0x59430 (size before relaxing)
 .debug_str     0x00060cb6      0x4ef ./STM32F4xx_HAL_Driver/Src/stm32f4xx_hal.o
                              0x59d70 (size before relaxing)
 .debug_str     0x000611a5      0x1aa ./STM32F4xx_HAL_Driver/Src/stm32f4xx_hal_can.o
                              0x597e6 (size before relaxing)
 .debug_str     0x0006134f      0x2b0 ./STM32F4xx_HAL_Driver/Src/stm32f4xx_hal_cortex.o
                              0x59b91 (size before relaxing)
 .debug_str     0x000615ff      0x59b ./STM32F4xx_HAL_Driver/Src/stm32f4xx_hal_gpio.o
                              0x599bb (size before relaxing)
 .debug_str     0x00061b9a      0x5fa ./STM32F4xx_HAL_Driver/Src/stm32f4xx_hal_i2c.o
                              0x59dbe (size before relaxing)
 .debug_str     0x00062194      0x335 ./STM32F4xx_HAL_Driver/Src/stm32f4xx_hal_rcc.o
                              0x598b6 (size before relaxing)
 .debug_str     0x000624c9      0x394 ./STM32F4xx_HAL_Driver/Src/stm32f4xx_hal_spi.o
                              0x59b76 (size before relaxing)
 .debug_str     0x0006285d      0xc36 ./STM32F4xx_HAL_Driver/Src/stm32f4xx_hal_tim.o
                              0x5a40f (size before relaxing)
 .debug_str     0x00063493      0x520 ./STM32F4xx_HAL_Driver/Src/stm32f4xx_hal_tim_ex.o
                              0x59cf3 (size before relaxing)
 .debug_str     0x000639b3      0x412 ./STM32F4-Discovery/stm32f4_discovery.o
                              0x5b05a (size before relaxing)

.comment        0x00000000       0x70
 .comment       0x00000000       0x70 ./cmsis407/syscalls.o
                                 0x71 (size before relaxing)
 .comment       0x00000000       0x71 ./Src/dali_master.o
 .comment       0x00000000       0x71 ./Src/dali_master_hal.o
 .comment       0x00000000       0x71 ./Src/dht22multi.o
 .comment       0x00000000       0x71 ./Src/homecontrol.o
 .comment       0x00000000       0x71 ./Src/main.o
 .comment       0x00000000       0x71 ./Src/stm32f4xx_hal_msp.o
 .comment       0x00000000       0x71 ./Src/stm32f4xx_it.o
 .comment       0x00000000       0x71 ./Src/system_stm32f4xx.o
 .comment       0x00000000       0x71 ./STM32F4xx_HAL_Driver/Src/stm32f4xx_hal.o
 .comment       0x00000000       0x71 ./STM32F4xx_HAL_Driver/Src/stm32f4xx_hal_can.o
 .comment       0x00000000       0x71 ./STM32F4xx_HAL_Driver/Src/stm32f4xx_hal_cortex.o
 .comment       0x00000000       0x71 ./STM32F4xx_HAL_Driver/Src/stm32f4xx_hal_gpio.o
 .comment       0x00000000       0x71 ./STM32F4xx_HAL_Driver/Src/stm32f4xx_hal_i2c.o
 .comment       0x00000000       0x71 ./STM32F4xx_HAL_Driver/Src/stm32f4xx_hal_rcc.o
 .comment       0x00000000       0x71 ./STM32F4xx_HAL_Driver/Src/stm32f4xx_hal_spi.o
 .comment       0x00000000       0x71 ./STM32F4xx_HAL_Driver/Src/stm32f4xx_hal_tim.o
 .comment       0x00000000       0x71 ./STM32F4xx_HAL_Driver/Src/stm32f4xx_hal_tim_ex.o
 .comment       0x00000000       0x71 ./STM32F4-Discovery/stm32f4_discovery.o

.debug_frame    0x00000000     0x3674
 .debug_frame   0x00000000      0x228 ./cmsis407/syscalls.o
 .debug_frame   0x00000228      0x138 ./Src/dali_master.o
 .debug_frame   0x00000360       0xc0 ./Src/dali_master_hal.o
 .debug_frame   0x00000420      0x104 ./Src/dht22multi.o
 .debug_frame   0x00000524      0x1c0 ./Src/homecontrol.o
 .debug_frame   0x000006e4      0x17c ./Src/main.o
 .debug_frame   0x00000860      0x12c ./Src/stm32f4xx_hal_msp.o
 .debug_frame   0x0000098c       0x9c ./Src/stm32f4xx_it.o
 .debug_frame   0x00000a28       0x44 ./Src/system_stm32f4xx.o
 .debug_frame   0x00000a6c      0x220 ./STM32F4xx_HAL_Driver/Src/stm32f4xx_hal.o
 .debug_frame   0x00000c8c      0x248 ./STM32F4xx_HAL_Driver/Src/stm32f4xx_hal_can.o
 .debug_frame   0x00000ed4      0x35c ./STM32F4xx_HAL_Driver/Src/stm32f4xx_hal_cortex.o
 .debug_frame   0x00001230       0xf4 ./STM32F4xx_HAL_Driver/Src/stm32f4xx_hal_gpio.o
 .debug_frame   0x00001324      0x704 ./STM32F4xx_HAL_Driver/Src/stm32f4xx_hal_i2c.o
 .debug_frame   0x00001a28      0x1a0 ./STM32F4xx_HAL_Driver/Src/stm32f4xx_hal_rcc.o
 .debug_frame   0x00001bc8      0x4b4 ./STM32F4xx_HAL_Driver/Src/stm32f4xx_hal_spi.o
 .debug_frame   0x0000207c      0xc50 ./STM32F4xx_HAL_Driver/Src/stm32f4xx_hal_tim.o
 .debug_frame   0x00002ccc      0x480 ./STM32F4xx_HAL_Driver/Src/stm32f4xx_hal_tim_ex.o
 .debug_frame   0x0000314c      0x2dc ./STM32F4-Discovery/stm32f4_discovery.o
 .debug_frame   0x00003428       0x2c c:/stm32tc/gcc48_2014q3/bin/../lib/gcc/arm-none-eabi/4.8.4/../../../../arm-none-eabi/lib/armv7-m\libg.a(lib_a-init.o)
 .debug_frame   0x00003454       0x30 c:/stm32tc/gcc48_2014q3/bin/../lib/gcc/arm-none-eabi/4.8.4/../../../../arm-none-eabi/lib/armv7-m\libg.a(lib_a-malloc.o)
 .debug_frame   0x00003484       0x38 c:/stm32tc/gcc48_2014q3/bin/../lib/gcc/arm-none-eabi/4.8.4/../../../../arm-none-eabi/lib/armv7-m\libg.a(lib_a-mallocr.o)
 .debug_frame   0x000034bc       0x30 c:/stm32tc/gcc48_2014q3/bin/../lib/gcc/arm-none-eabi/4.8.4/../../../../arm-none-eabi/lib/armv7-m\libg.a(lib_a-mlock.o)
 .debug_frame   0x000034ec       0x48 c:/stm32tc/gcc48_2014q3/bin/../lib/gcc/arm-none-eabi/4.8.4/../../../../arm-none-eabi/lib/armv7-m\libg.a(lib_a-reent.o)
 .debug_frame   0x00003534       0x2c c:/stm32tc/gcc48_2014q3/bin/../lib/gcc/arm-none-eabi/4.8.4/../../../../arm-none-eabi/lib/armv7-m\libg.a(lib_a-sbrkr.o)
 .debug_frame   0x00003560       0x48 c:/stm32tc/gcc48_2014q3/bin/../lib/gcc/arm-none-eabi/4.8.4/../../../../arm-none-eabi/lib/armv7-m\libg.a(lib_a-__call_atexit.o)
 .debug_frame   0x000035a8       0x20 c:/stm32tc/gcc48_2014q3/bin/../lib/gcc/arm-none-eabi/4.8.4/../../../../arm-none-eabi/lib/armv7-m\libg.a(lib_a-atexit.o)
 .debug_frame   0x000035c8       0x2c c:/stm32tc/gcc48_2014q3/bin/../lib/gcc/arm-none-eabi/4.8.4/../../../../arm-none-eabi/lib/armv7-m\libg.a(lib_a-fini.o)
 .debug_frame   0x000035f4       0x50 c:/stm32tc/gcc48_2014q3/bin/../lib/gcc/arm-none-eabi/4.8.4/../../../../arm-none-eabi/lib/armv7-m\libg.a(lib_a-freer.o)
 .debug_frame   0x00003644       0x30 c:/stm32tc/gcc48_2014q3/bin/../lib/gcc/arm-none-eabi/4.8.4/../../../../arm-none-eabi/lib/armv7-m\libg.a(lib_a-__atexit.o)
