Archive member included because of file (symbol)

c:/stm32tc/gnuarm48/bin/../lib/gcc/arm-none-eabi/4.8.3/armv7-m\libgcc.a(_arm_addsubdf3.o)
                              ./src/main.o (__aeabi_f2d)
c:/stm32tc/gnuarm48/bin/../lib/gcc/arm-none-eabi/4.8.3/armv7-m\libgcc.a(_arm_addsubsf3.o)
                              ./src/dht22.o (__aeabi_fadd)
c:/stm32tc/gnuarm48/bin/../lib/gcc/arm-none-eabi/4.8.3/armv7-m\libgcc.a(_arm_muldivsf3.o)
                              ./src/dht22.o (__aeabi_fmul)
c:/stm32tc/gnuarm48/bin/../lib/gcc/arm-none-eabi/4.8.3/../../../../arm-none-eabi/lib/armv7-m\libg_s.a(lib_a-errno.o)
                              ./system/src/newlib/_sbrk.o (__errno)
c:/stm32tc/gnuarm48/bin/../lib/gcc/arm-none-eabi/4.8.3/../../../../arm-none-eabi/lib/armv7-m\libg_s.a(lib_a-impure.o)
                              c:/stm32tc/gnuarm48/bin/../lib/gcc/arm-none-eabi/4.8.3/../../../../arm-none-eabi/lib/armv7-m\libg_s.a(lib_a-errno.o) (_impure_ptr)
c:/stm32tc/gnuarm48/bin/../lib/gcc/arm-none-eabi/4.8.3/../../../../arm-none-eabi/lib/armv7-m\libg_s.a(lib_a-printf.o)
                              ./src/main.o (printf)
c:/stm32tc/gnuarm48/bin/../lib/gcc/arm-none-eabi/4.8.3/../../../../arm-none-eabi/lib/armv7-m\libg_s.a(lib_a-strlen.o)
                              ./system/src/diag/Trace.o (strlen)
c:/stm32tc/gnuarm48/bin/../lib/gcc/arm-none-eabi/4.8.3/../../../../arm-none-eabi/lib/armv7-m\libg_s.a(lib_a-vfprintf.o)
                              c:/stm32tc/gnuarm48/bin/../lib/gcc/arm-none-eabi/4.8.3/../../../../arm-none-eabi/lib/armv7-m\libg_s.a(lib_a-printf.o) (_vfprintf_r)
c:/stm32tc/gnuarm48/bin/../lib/gcc/arm-none-eabi/4.8.3/../../../../arm-none-eabi/lib/armv7-m\libg_s.a(lib_a-vfprintf_float.o)
                              (_printf_float)
c:/stm32tc/gnuarm48/bin/../lib/gcc/arm-none-eabi/4.8.3/../../../../arm-none-eabi/lib/armv7-m\libg_s.a(lib_a-vfprintf_i.o)
                              c:/stm32tc/gnuarm48/bin/../lib/gcc/arm-none-eabi/4.8.3/../../../../arm-none-eabi/lib/armv7-m\libg_s.a(lib_a-vfprintf_float.o) (_printf_common)
c:/stm32tc/gnuarm48/bin/../lib/gcc/arm-none-eabi/4.8.3/../../../../arm-none-eabi/lib/armv7-m\libg_s.a(lib_a-vsnprintf.o)
                              ./system/src/diag/Trace.o (vsnprintf)
c:/stm32tc/gnuarm48/bin/../lib/gcc/arm-none-eabi/4.8.3/../../../../arm-none-eabi/lib/armv7-m\libg_s.a(lib_a-wbuf.o)
                              c:/stm32tc/gnuarm48/bin/../lib/gcc/arm-none-eabi/4.8.3/../../../../arm-none-eabi/lib/armv7-m\libg_s.a(lib_a-vfprintf.o) (__swbuf_r)
c:/stm32tc/gnuarm48/bin/../lib/gcc/arm-none-eabi/4.8.3/../../../../arm-none-eabi/lib/armv7-m\libg_s.a(lib_a-wsetup.o)
                              c:/stm32tc/gnuarm48/bin/../lib/gcc/arm-none-eabi/4.8.3/../../../../arm-none-eabi/lib/armv7-m\libg_s.a(lib_a-vfprintf.o) (__swsetup_r)
c:/stm32tc/gnuarm48/bin/../lib/gcc/arm-none-eabi/4.8.3/../../../../arm-none-eabi/lib/armv7-m\libg_s.a(lib_a-dtoa.o)
                              c:/stm32tc/gnuarm48/bin/../lib/gcc/arm-none-eabi/4.8.3/../../../../arm-none-eabi/lib/armv7-m\libg_s.a(lib_a-vfprintf_float.o) (_dtoa_r)
c:/stm32tc/gnuarm48/bin/../lib/gcc/arm-none-eabi/4.8.3/../../../../arm-none-eabi/lib/armv7-m\libg_s.a(lib_a-fflush.o)
                              c:/stm32tc/gnuarm48/bin/../lib/gcc/arm-none-eabi/4.8.3/../../../../arm-none-eabi/lib/armv7-m\libg_s.a(lib_a-wbuf.o) (_fflush_r)
c:/stm32tc/gnuarm48/bin/../lib/gcc/arm-none-eabi/4.8.3/../../../../arm-none-eabi/lib/armv7-m\libg_s.a(lib_a-findfp.o)
                              c:/stm32tc/gnuarm48/bin/../lib/gcc/arm-none-eabi/4.8.3/../../../../arm-none-eabi/lib/armv7-m\libg_s.a(lib_a-printf.o) (__sinit)
c:/stm32tc/gnuarm48/bin/../lib/gcc/arm-none-eabi/4.8.3/../../../../arm-none-eabi/lib/armv7-m\libg_s.a(lib_a-fvwrite.o)
                              c:/stm32tc/gnuarm48/bin/../lib/gcc/arm-none-eabi/4.8.3/../../../../arm-none-eabi/lib/armv7-m\libg_s.a(lib_a-vfprintf.o) (__sfvwrite_r)
c:/stm32tc/gnuarm48/bin/../lib/gcc/arm-none-eabi/4.8.3/../../../../arm-none-eabi/lib/armv7-m\libg_s.a(lib_a-fwalk.o)
                              c:/stm32tc/gnuarm48/bin/../lib/gcc/arm-none-eabi/4.8.3/../../../../arm-none-eabi/lib/armv7-m\libg_s.a(lib_a-findfp.o) (_fwalk)
c:/stm32tc/gnuarm48/bin/../lib/gcc/arm-none-eabi/4.8.3/../../../../arm-none-eabi/lib/armv7-m\libg_s.a(lib_a-locale.o)
                              c:/stm32tc/gnuarm48/bin/../lib/gcc/arm-none-eabi/4.8.3/../../../../arm-none-eabi/lib/armv7-m\libg_s.a(lib_a-vfprintf_float.o) (_localeconv_r)
c:/stm32tc/gnuarm48/bin/../lib/gcc/arm-none-eabi/4.8.3/../../../../arm-none-eabi/lib/armv7-m\libg_s.a(lib_a-makebuf.o)
                              c:/stm32tc/gnuarm48/bin/../lib/gcc/arm-none-eabi/4.8.3/../../../../arm-none-eabi/lib/armv7-m\libg_s.a(lib_a-wsetup.o) (__smakebuf_r)
c:/stm32tc/gnuarm48/bin/../lib/gcc/arm-none-eabi/4.8.3/../../../../arm-none-eabi/lib/armv7-m\libg_s.a(lib_a-malloc.o)
[...]
Memory Configuration

Name             Origin             Length             Attributes
RAM              0x20000000         0x00005000         xrw
CCMRAM           0x00000000         0x00000000         xrw
FLASH            0x08000000         0x00010000         xr
FLASHB1          0x00000000         0x00000000         xr
EXTMEMB0         0x00000000         0x00000000         xr
EXTMEMB1         0x00000000         0x00000000         xr
EXTMEMB2         0x00000000         0x00000000         xr
EXTMEMB3         0x00000000         0x00000000         xr
MEMORY_ARRAY     0x00000000         0x00000000         xrw
*default*        0x00000000         0xffffffff

Linker script and memory map

LOAD ./system/src/stm32f1-stdperiph/misc.o
LOAD ./system/src/stm32f1-stdperiph/stm32f10x_exti.o
LOAD ./system/src/stm32f1-stdperiph/stm32f10x_gpio.o
LOAD ./system/src/stm32f1-stdperiph/stm32f10x_rcc.o
LOAD ./system/src/newlib/_cxx.o
LOAD ./system/src/newlib/_exit.o
LOAD ./system/src/newlib/_sbrk.o
LOAD ./system/src/newlib/_startup.o
LOAD ./system/src/newlib/_syscalls.o
LOAD ./system/src/newlib/_write.o
LOAD ./system/src/newlib/assert.o
LOAD ./system/src/diag/Trace.o
LOAD ./system/src/diag/trace_impl.o
LOAD ./system/src/cortexm/_initialize_hardware.o
LOAD ./system/src/cortexm/_reset_hardware.o
LOAD ./system/src/cortexm/exception_handlers.o
LOAD ./system/src/cmsis/system_stm32f10x.o
LOAD ./system/src/cmsis/vectors_stm32f10x.o
LOAD ./src/dht22.o
LOAD ./src/main.o
LOAD ./src/stm32f10x_it.o
LOAD ./src/timing.o
LOAD c:/stm32tc/gnuarm48/bin/../lib/gcc/arm-none-eabi/4.8.3/../../../../arm-none-eabi/lib/armv7-m\libstdc++_s.a
LOAD c:/stm32tc/gnuarm48/bin/../lib/gcc/arm-none-eabi/4.8.3/../../../../arm-none-eabi/lib/armv7-m\libm.a
START GROUP
LOAD c:/stm32tc/gnuarm48/bin/../lib/gcc/arm-none-eabi/4.8.3/armv7-m\libgcc.a
LOAD c:/stm32tc/gnuarm48/bin/../lib/gcc/arm-none-eabi/4.8.3/../../../../arm-none-eabi/lib/armv7-m\libg_s.a
LOAD c:/stm32tc/gnuarm48/bin/../lib/gcc/arm-none-eabi/4.8.3/../../../../arm-none-eabi/lib/armv7-m\libc_s.a
END GROUP
START GROUP
LOAD c:/stm32tc/gnuarm48/bin/../lib/gcc/arm-none-eabi/4.8.3/armv7-m\libgcc.a
LOAD c:/stm32tc/gnuarm48/bin/../lib/gcc/arm-none-eabi/4.8.3/../../../../arm-none-eabi/lib/armv7-m\libc_s.a
END GROUP
                0x20005000                __stack = (ORIGIN (RAM) + 0x5000)
                0x20005000                _estack = __stack
                0x00000400                __Main_Stack_Size = 0x400
                0x00000400                PROVIDE (_Main_Stack_Size, __Main_Stack_Size)
                0x20004c00                __Main_Stack_Limit = (__stack - __Main_Stack_Size)
                0x20004c00                PROVIDE (_Main_Stack_Limit, __Main_Stack_Limit)
                0x00000100                _Minimum_Stack_Size = 0x100
                0x200001b0                PROVIDE (_Heap_Begin, _end_noinit)
                0x20004c00                PROVIDE (_Heap_Limit, (__stack - __Main_Stack_Size))

.isr_vector     0x08000000      0x2d8
                0x08000000                . = ALIGN (0x4)
 *(.isr_vector)
 .isr_vector    0x08000000      0x10c ./system/src/cmsis/vectors_stm32f10x.o
                0x08000000                __isr_vectors
 *(.cfmconfig)
 *(.after_vectors .after_vectors.*)
 .after_vectors
                0x0800010c      0x174 ./system/src/newlib/_startup.o
                0x0800010c                _start
 .after_vectors
                0x08000280       0x50 ./system/src/cortexm/exception_handlers.o
                0x08000280                Reset_Handler
                0x08000288                NMI_Handler
                0x08000290                HardFault_Handler
                0x08000298                MemManage_Handler
                0x080002a0                BusFault_Handler
                0x080002a8                UsageFault_Handler
                0x080002b0                SVC_Handler
                0x080002b8                DebugMon_Handler
                0x080002c0                PendSV_Handler
 .after_vectors
                0x080002d0        0x8 ./system/src/cmsis/vectors_stm32f10x.o
                0x080002d0                EXTI2_IRQHandler
                0x080002d0                TIM8_TRG_COM_IRQHandler
                0x080002d0                TIM8_CC_IRQHandler
                0x080002d0                TIM1_CC_IRQHandler
                0x080002d0                TIM6_IRQHandler
                0x080002d0                PVD_IRQHandler
                0x080002d0                SDIO_IRQHandler
                0x080002d0                CAN2_RX1_IRQHandler
                0x080002d0                EXTI3_IRQHandler
                0x080002d0                TIM8_TRG_COM_TIM14_IRQHandler
                0x080002d0                TIM1_UP_TIM10_IRQHandler
                0x080002d0                TIM8_UP_TIM13_IRQHandler
                0x080002d0                EXTI0_IRQHandler
                0x080002d0                I2C2_EV_IRQHandler
                0x080002d0                CAN1_RX0_IRQHandler
                0x080002d0                TIM1_UP_TIM16_IRQHandler
                0x080002d0                CAN2_SCE_IRQHandler
                0x080002d0                ADC1_2_IRQHandler
                0x080002d0                SPI1_IRQHandler
                0x080002d0                TAMPER_IRQHandler
                0x080002d0                TIM6_DAC_IRQHandler
                0x080002d0                TIM1_BRK_TIM9_IRQHandler
                0x080002d0                CAN2_RX0_IRQHandler
                0x080002d0                TIM8_UP_IRQHandler
                0x080002d0                DMA2_Channel2_IRQHandler
                0x080002d0                DMA1_Channel4_IRQHandler
                0x080002d0                USART3_IRQHandler
                0x080002d0                RTC_IRQHandler
                0x080002d0                DMA1_Channel7_IRQHandler
                0x080002d0                CAN1_RX1_IRQHandler
                0x080002d0                UART5_IRQHandler
                0x080002d0                ADC3_IRQHandler
                0x080002d0                TIM4_IRQHandler
                0x080002d0                DMA2_Channel1_IRQHandler
                0x080002d0                I2C1_EV_IRQHandler
                0x080002d0                DMA1_Channel6_IRQHandler
                0x080002d0                UART4_IRQHandler
                0x080002d0                DMA2_Channel4_IRQHandler
                0x080002d0                TIM3_IRQHandler
                0x080002d0                RCC_IRQHandler
                0x080002d0                TIM8_BRK_TIM12_IRQHandler
                0x080002d0                TIM1_TRG_COM_IRQHandler
                0x080002d0                DMA1_Channel1_IRQHandler
                0x080002d0                Default_Handler
                0x080002d0                CEC_IRQHandler
                0x080002d0                EXTI15_10_IRQHandler
                0x080002d0                TIM14_IRQHandler
                0x080002d0                TIM13_IRQHandler
                0x080002d0                TIM12_IRQHandler
                0x080002d0                TIM7_IRQHandler
                0x080002d0                CAN2_TX_IRQHandler
                0x080002d0                TIM5_IRQHandler
                0x080002d0                EXTI9_5_IRQHandler
                0x080002d0                ETH_WKUP_IRQHandler
                0x080002d0                SPI2_IRQHandler
                0x080002d0                CAN1_TX_IRQHandler
                0x080002d0                DMA2_Channel5_IRQHandler
                0x080002d0                DMA1_Channel5_IRQHandler
                0x080002d0                EXTI4_IRQHandler
                0x080002d0                USB_LP_CAN1_RX0_IRQHandler
                0x080002d0                TIM1_TRG_COM_TIM17_IRQHandler
                0x080002d0                USB_HP_CAN1_TX_IRQHandler
                0x080002d0                DMA1_Channel3_IRQHandler
                0x080002d0                FSMC_IRQHandler
                0x080002d0                ETH_IRQHandler
                0x080002d0                TIM1_UP_IRQHandler
                0x080002d0                WWDG_IRQHandler
                0x080002d0                TIM2_IRQHandler
                0x080002d0                OTG_FS_WKUP_IRQHandler
                0x080002d0                TIM1_TRG_COM_TIM11_IRQHandler
                0x080002d0                TIM1_BRK_IRQHandler
                0x080002d0                EXTI1_IRQHandler
                0x080002d0                RTCAlarm_IRQHandler
                0x080002d0                DMA2_Channel4_5_IRQHandler
                0x080002d0                USART2_IRQHandler
                0x080002d0                I2C2_ER_IRQHandler
                0x080002d0                DMA1_Channel2_IRQHandler
                0x080002d0                TIM8_BRK_IRQHandler
                0x080002d0                CAN1_SCE_IRQHandler
                0x080002d0                FLASH_IRQHandler
                0x080002d0                USART1_IRQHandler
                0x080002d0                OTG_FS_IRQHandler
                0x080002d0                SPI3_IRQHandler
                0x080002d0                I2C1_ER_IRQHandler
                0x080002d0                USBWakeUp_IRQHandler
                0x080002d0                DMA2_Channel3_IRQHandler
                0x080002d0                TIM1_BRK_TIM15_IRQHandler
                0x080002d8                . = ALIGN (0x4)

.inits          0x080002d8        0x0
                0x080002d8                . = ALIGN (0x4)
 *(.init)
 *(.fini)
                0x080002d8                . = ALIGN (0x4)
                0x080002d8                PROVIDE (__preinit_array_start, .)
 *(.preinit_array_sysinit .preinit_array_sysinit.*)
 *(.preinit_array_platform .preinit_array_platform.*)
 *(.preinit_array .preinit_array.*)
                0x080002d8                PROVIDE (__preinit_array_end, .)
                0x080002d8                . = ALIGN (0x4)
                0x080002d8                PROVIDE (__init_array_start, .)
 *(SORT(.init_array.*))
 *(.init_array)
                0x080002d8                PROVIDE (__init_array_end, .)
                0x080002d8                . = ALIGN (0x4)
                0x080002d8                PROVIDE (__fini_array_start, .)
 *(SORT(.fini_array.*))
 *(.fini_array)
                0x080002d8                PROVIDE (__fini_array_end, .)
                0x080002d8                . = ALIGN (0x4)

.flashtext      0x080002d8        0x0
                0x080002d8                . = ALIGN (0x4)
 *(.flashtext .flashtext.*)
                0x080002d8                . = ALIGN (0x4)

.text           0x080002d8     0x4ad8
                0x080002d8                . = ALIGN (0x4)
 *(.text .text.*)
 .text.GPIO_Init
                0x080002d8      0x24c ./system/src/stm32f1-stdperiph/stm32f10x_gpio.o
                0x080002d8                GPIO_Init
 .text.GPIO_StructInit
                0x08000524       0x28 ./system/src/stm32f1-stdperiph/stm32f10x_gpio.o
                0x08000524                GPIO_StructInit
 .text.GPIO_SetBits
                0x0800054c       0x8c ./system/src/stm32f1-stdperiph/stm32f10x_gpio.o
                0x0800054c                GPIO_SetBits
 .text.GPIO_ResetBits
                0x080005d8       0x8c ./system/src/stm32f1-stdperiph/stm32f10x_gpio.o
                0x080005d8                GPIO_ResetBits
 .text.RCC_APB2PeriphClockCmd
                0x08000664       0x70 ./system/src/stm32f1-stdperiph/stm32f10x_rcc.o
                0x08000664                RCC_APB2PeriphClockCmd
 .text._exit    0x080006d4        0xc ./system/src/newlib/_exit.o
                0x080006d4                _exit
 .text.abort    0x080006e0       0x14 ./system/src/newlib/_exit.o
                0x080006e0                abort
 .text._sbrk    0x080006f4       0x68 ./system/src/newlib/_sbrk.o
                0x080006f4                _sbrk
 .text.__initialize_args
                0x0800075c       0x28 ./system/src/newlib/_syscalls.o
                0x0800075c                __initialize_args
 .text._close   0x08000784       0x20 ./system/src/newlib/_syscalls.o
                0x08000784                _close
 .text._fstat   0x080007a4       0x20 ./system/src/newlib/_syscalls.o
                0x080007a4                _fstat
 .text._isatty  0x080007c4       0x1c ./system/src/newlib/_syscalls.o
                0x080007c4                _isatty
 .text._lseek   0x080007e0       0x24 ./system/src/newlib/_syscalls.o
                0x080007e0                _lseek
 .text._read    0x08000804       0x24 ./system/src/newlib/_syscalls.o
                0x08000804                _read
 .text._write   0x08000828       0x3c ./system/src/newlib/_write.o
                0x08000828                _write
 .text.assert_failed
                0x08000864       0x1c ./system/src/newlib/assert.o
                0x08000864                assert_failed
 .text.trace_printf
                0x08000880       0x44 ./system/src/diag/Trace.o
                0x08000880                trace_printf
 .text.trace_puts
                0x080008c4       0x30 ./system/src/diag/Trace.o
                0x080008c4                trace_puts
 .text.trace_write
                0x080008f4       0x1c ./system/src/diag/trace_impl.o
                0x080008f4                trace_write
 .text._trace_write_semihosting_stdout
                0x08000910       0xc0 ./system/src/diag/trace_impl.o
 .text.__initialize_hardware
                0x080009d0        0xc ./system/src/cortexm/_initialize_hardware.o
                0x080009d0                __initialize_hardware
 .text.SystemInit
                0x080009dc       0x68 ./system/src/cmsis/system_stm32f10x.o
                0x080009dc                SystemInit
 .text.SetSysClock
                0x08000a44        0xc ./system/src/cmsis/system_stm32f10x.o
 .text.SetSysClockTo72
                0x08000a50      0x100 ./system/src/cmsis/system_stm32f10x.o
 .text.doBitbang2
                0x08000b50      0x144 ./src/dht22.o
 .text.doProtocol
                0x08000c94      0x134 ./src/dht22.o
 .text.DHT_Init_Sync
                0x08000dc8       0x58 ./src/dht22.o
                0x08000dc8                DHT_Init_Sync
 .text.DHT_GetTemp
                0x08000e20       0xa0 ./src/dht22.o
                0x08000e20                DHT_GetTemp
 .text.DHT_GetHumidity
                0x08000ec0       0x78 ./src/dht22.o
                0x08000ec0                DHT_GetHumidity
 .text.DHT_Start_Sync
                0x08000f38      0x1d4 ./src/dht22.o
                0x08000f38                DHT_Start_Sync
 .text.main     0x0800110c       0xb8 ./src/main.o
                0x0800110c                main
 .text.NVIC_SetPriority
                0x080011c4       0x54 ./src/timing.o
 .text.SysTick_Config
                0x08001218       0x44 ./src/timing.o
 .text.TIMING_GetMsTick
                0x0800125c       0x18 ./src/timing.o
                0x0800125c                TIMING_GetMsTick
 .text.SysTick_Handler
                0x08001274       0x1c ./src/timing.o
                0x08001274                SysTick_Handler
 .text.TIMING_Init
                0x08001290       0x48 ./src/timing.o
                0x08001290                TIMING_Init
 .text.TIMING_DelayUs
                0x080012d8       0x48 ./src/timing.o
                0x080012d8                TIMING_DelayUs
 .text.TIMING_DelayMs
                0x08001320       0x2c ./src/timing.o
                0x08001320                TIMING_DelayMs
 .text          0x0800134c      0x370 c:/stm32tc/gnuarm48/bin/../lib/gcc/arm-none-eabi/4.8.3/armv7-m\libgcc.a(_arm_addsubdf3.o)
                0x0800134c                __aeabi_drsub
                0x08001354                __aeabi_dsub
                0x08001354                __subdf3
                0x08001358                __aeabi_dadd
                0x08001358                __adddf3
                0x080015d0                __floatunsidf
                0x080015d0                __aeabi_ui2d
                0x080015f0                __floatsidf
                0x080015f0                __aeabi_i2d
                0x08001614                __aeabi_f2d
                0x08001614                __extendsfdf2
                0x08001650                __floatundidf
                0x08001650                __aeabi_ul2d
                0x08001660                __floatdidf
                0x08001660                __aeabi_l2d
 .text          0x080016bc      0x21c c:/stm32tc/gnuarm48/bin/../lib/gcc/arm-none-eabi/4.8.3/armv7-m\libgcc.a(_arm_addsubsf3.o)
                0x080016bc                __aeabi_frsub
                0x080016c4                __subsf3
                0x080016c4                __aeabi_fsub
                0x080016c8                __aeabi_fadd
                0x080016c8                __addsf3
                0x08001828                __aeabi_ui2f
                0x08001828                __floatunsisf
                0x08001830                __aeabi_i2f
                0x08001830                __floatsisf
                0x0800184c                __aeabi_ul2f
                0x0800184c                __floatundisf
                0x0800185c                __aeabi_l2f
                0x0800185c                __floatdisf
 .text          0x080018d8      0x2a0 c:/stm32tc/gnuarm48/bin/../lib/gcc/arm-none-eabi/4.8.3/armv7-m\libgcc.a(_arm_muldivsf3.o)
                0x080018d8                __mulsf3
                0x080018d8                __aeabi_fmul
                0x08001a40                __aeabi_fdiv
                0x08001a40                __divsf3
 .text.__errno  0x08001b78        0xc c:/stm32tc/gnuarm48/bin/../lib/gcc/arm-none-eabi/4.8.3/../../../../arm-none-eabi/lib/armv7-m\libg_s.a(lib_a-errno.o)
                0x08001b78                __errno
 .text.printf   0x08001b84       0x30 c:/stm32tc/gnuarm48/bin/../lib/gcc/arm-none-eabi/4.8.3/../../../../arm-none-eabi/lib/armv7-m\libg_s.a(lib_a-printf.o)
                0x08001b84                iprintf
                0x08001b84                printf
 .text.strlen   0x08001bb4       0x10 c:/stm32tc/gnuarm48/bin/../lib/gcc/arm-none-eabi/4.8.3/../../../../arm-none-eabi/lib/armv7-m\libg_s.a(lib_a-strlen.o)
                0x08001bb4                strlen
 .text.__sfputc_r
                0x08001bc4       0x2c c:/stm32tc/gnuarm48/bin/../lib/gcc/arm-none-eabi/4.8.3/../../../../arm-none-eabi/lib/armv7-m\libg_s.a(lib_a-vfprintf.o)
 .text.__sfputs_r
                0x08001bf0       0x24 c:/stm32tc/gnuarm48/bin/../lib/gcc/arm-none-eabi/4.8.3/../../../../arm-none-eabi/lib/armv7-m\libg_s.a(lib_a-vfprintf.o)
                0x08001bf0                __sfputs_r
 .text._vfprintf_r
                0x08001c14      0x208 c:/stm32tc/gnuarm48/bin/../lib/gcc/arm-none-eabi/4.8.3/../../../../arm-none-eabi/lib/armv7-m\libg_s.a(lib_a-vfprintf.o)
                0x08001c14                _vfprintf_r
                0x08001c14                _vfiprintf_r
 .text.__cvt    0x08001e1c       0xc0 c:/stm32tc/gnuarm48/bin/../lib/gcc/arm-none-eabi/4.8.3/../../../../arm-none-eabi/lib/armv7-m\libg_s.a(lib_a-vfprintf_float.o)
                0x08001e1c                __cvt
 .text.__exponent
                0x08001edc       0x68 c:/stm32tc/gnuarm48/bin/../lib/gcc/arm-none-eabi/4.8.3/../../../../arm-none-eabi/lib/armv7-m\libg_s.a(lib_a-vfprintf_float.o)
                0x08001edc                __exponent
 .text._printf_float
                0x08001f44      0x41c c:/stm32tc/gnuarm48/bin/../lib/gcc/arm-none-eabi/4.8.3/../../../../arm-none-eabi/lib/armv7-m\libg_s.a(lib_a-vfprintf_float.o)
                0x08001f44                _printf_float
 .text._printf_common
                0x08002360       0xe4 c:/stm32tc/gnuarm48/bin/../lib/gcc/arm-none-eabi/4.8.3/../../../../arm-none-eabi/lib/armv7-m\libg_s.a(lib_a-vfprintf_i.o)
                0x08002360                _printf_common
 .text._printf_i
                0x08002444      0x228 c:/stm32tc/gnuarm48/bin/../lib/gcc/arm-none-eabi/4.8.3/../../../../arm-none-eabi/lib/armv7-m\libg_s.a(lib_a-vfprintf_i.o)
                0x08002444                _printf_i
 .text._vsnprintf_r
                0x0800266c       0x52 c:/stm32tc/gnuarm48/bin/../lib/gcc/arm-none-eabi/4.8.3/../../../../arm-none-eabi/lib/armv7-m\libg_s.a(lib_a-vsnprintf.o)
                0x0800266c                _vsniprintf_r
                0x0800266c                _vsnprintf_r
 *fill*         0x080026be        0x2 
 .text.vsnprintf
                0x080026c0       0x20 c:/stm32tc/gnuarm48/bin/../lib/gcc/arm-none-eabi/4.8.3/../../../../arm-none-eabi/lib/armv7-m\libg_s.a(lib_a-vsnprintf.o)
                0x080026c0                vsniprintf
                0x080026c0                vsnprintf
 .text.__swbuf_r
                0x080026e0       0xa8 c:/stm32tc/gnuarm48/bin/../lib/gcc/arm-none-eabi/4.8.3/../../../../arm-none-eabi/lib/armv7-m\libg_s.a(lib_a-wbuf.o)
                0x080026e0                __swbuf_r
 .text.__swsetup_r
                0x08002788       0xdc c:/stm32tc/gnuarm48/bin/../lib/gcc/arm-none-eabi/4.8.3/../../../../arm-none-eabi/lib/armv7-m\libg_s.a(lib_a-wsetup.o)
                0x08002788                __swsetup_r
 .text.quorem   0x08002864      0x11e c:/stm32tc/gnuarm48/bin/../lib/gcc/arm-none-eabi/4.8.3/../../../../arm-none-eabi/lib/armv7-m\libg_s.a(lib_a-dtoa.o)
 *fill*         0x08002982        0x6 
 .text._dtoa_r  0x08002988      0xb80 c:/stm32tc/gnuarm48/bin/../lib/gcc/arm-none-eabi/4.8.3/../../../../arm-none-eabi/lib/armv7-m\libg_s.a(lib_a-dtoa.o)
                0x08002988                _dtoa_r
 .text.__sflush_r
                0x08003508      0x106 c:/stm32tc/gnuarm48/bin/../lib/gcc/arm-none-eabi/4.8.3/../../../../arm-none-eabi/lib/armv7-m\libg_s.a(lib_a-fflush.o)
                0x08003508                __sflush_r
 *fill*         0x0800360e        0x2 
 .text._fflush_r
                0x08003610       0x54 c:/stm32tc/gnuarm48/bin/../lib/gcc/arm-none-eabi/4.8.3/../../../../arm-none-eabi/lib/armv7-m\libg_s.a(lib_a-fflush.o)
                0x08003610                _fflush_r
 .text._cleanup_r
                0x08003664       0x32 c:/stm32tc/gnuarm48/bin/../lib/gcc/arm-none-eabi/4.8.3/../../../../arm-none-eabi/lib/armv7-m\libg_s.a(lib_a-findfp.o)
                0x08003664                _cleanup_r
 *fill*         0x08003696        0x2 
 .text.std.isra.0
                0x08003698       0x48 c:/stm32tc/gnuarm48/bin/../lib/gcc/arm-none-eabi/4.8.3/../../../../arm-none-eabi/lib/armv7-m\libg_s.a(lib_a-findfp.o)
 .text.__sfmoreglue
                0x080036e0       0x2c c:/stm32tc/gnuarm48/bin/../lib/gcc/arm-none-eabi/4.8.3/../../../../arm-none-eabi/lib/armv7-m\libg_s.a(lib_a-findfp.o)
                0x080036e0                __sfmoreglue
 .text.__sinit  0x0800370c       0x60 c:/stm32tc/gnuarm48/bin/../lib/gcc/arm-none-eabi/4.8.3/../../../../arm-none-eabi/lib/armv7-m\libg_s.a(lib_a-findfp.o)
                0x0800370c                __sinit
 .text.__sfp    0x0800376c       0x74 c:/stm32tc/gnuarm48/bin/../lib/gcc/arm-none-eabi/4.8.3/../../../../arm-none-eabi/lib/armv7-m\libg_s.a(lib_a-findfp.o)
                0x0800376c                __sfp
 .text._localeconv_r
                0x080037e0        0x8 c:/stm32tc/gnuarm48/bin/../lib/gcc/arm-none-eabi/4.8.3/../../../../arm-none-eabi/lib/armv7-m\libg_s.a(lib_a-locale.o)
                0x080037e0                _localeconv_r
 .text.__smakebuf_r
                0x080037e8       0x98 c:/stm32tc/gnuarm48/bin/../lib/gcc/arm-none-eabi/4.8.3/../../../../arm-none-eabi/lib/armv7-m\libg_s.a(lib_a-makebuf.o)
                0x080037e8                __smakebuf_r
 .text.malloc   0x08003880       0x10 c:/stm32tc/gnuarm48/bin/../lib/gcc/arm-none-eabi/4.8.3/../../../../arm-none-eabi/lib/armv7-m\libg_s.a(lib_a-malloc.o)
                0x08003880                malloc
 .text.memchr   0x08003890       0x1c c:/stm32tc/gnuarm48/bin/../lib/gcc/arm-none-eabi/4.8.3/../../../../arm-none-eabi/lib/armv7-m\libg_s.a(lib_a-memchr-stub.o)
                0x08003890                memchr
 .text.memcpy   0x080038ac       0x12 c:/stm32tc/gnuarm48/bin/../lib/gcc/arm-none-eabi/4.8.3/../../../../arm-none-eabi/lib/armv7-m\libg_s.a(lib_a-memcpy-stub.o)
                0x080038ac                memcpy
 .text.memmove  0x080038be       0x36 c:/stm32tc/gnuarm48/bin/../lib/gcc/arm-none-eabi/4.8.3/../../../../arm-none-eabi/lib/armv7-m\libg_s.a(lib_a-memmove.o)
                0x080038be                memmove
 .text.memset   0x080038f4       0x10 c:/stm32tc/gnuarm48/bin/../lib/gcc/arm-none-eabi/4.8.3/../../../../arm-none-eabi/lib/armv7-m\libg_s.a(lib_a-memset.o)
                0x080038f4                memset
 .text._Balloc  0x08003904       0x6a c:/stm32tc/gnuarm48/bin/../lib/gcc/arm-none-eabi/4.8.3/../../../../arm-none-eabi/lib/armv7-m\libg_s.a(lib_a-mprec.o)
                0x08003904                _Balloc
 .text._Bfree   0x0800396e       0x2e c:/stm32tc/gnuarm48/bin/../lib/gcc/arm-none-eabi/4.8.3/../../../../arm-none-eabi/lib/armv7-m\libg_s.a(lib_a-mprec.o)
                0x0800396e                _Bfree
 .text.__multadd
                0x0800399c       0x74 c:/stm32tc/gnuarm48/bin/../lib/gcc/arm-none-eabi/4.8.3/../../../../arm-none-eabi/lib/armv7-m\libg_s.a(lib_a-mprec.o)
                0x0800399c                __multadd
 .text.__hi0bits
                0x08003a10       0x40 c:/stm32tc/gnuarm48/bin/../lib/gcc/arm-none-eabi/4.8.3/../../../../arm-none-eabi/lib/armv7-m\libg_s.a(lib_a-mprec.o)
                0x08003a10                __hi0bits
 .text.__lo0bits
                0x08003a50       0x5a c:/stm32tc/gnuarm48/bin/../lib/gcc/arm-none-eabi/4.8.3/../../../../arm-none-eabi/lib/armv7-m\libg_s.a(lib_a-mprec.o)
                0x08003a50                __lo0bits
 .text.__i2b    0x08003aaa       0x12 c:/stm32tc/gnuarm48/bin/../lib/gcc/arm-none-eabi/4.8.3/../../../../arm-none-eabi/lib/armv7-m\libg_s.a(lib_a-mprec.o)
                0x08003aaa                __i2b
 .text.__multiply
                0x08003abc      0x130 c:/stm32tc/gnuarm48/bin/../lib/gcc/arm-none-eabi/4.8.3/../../../../arm-none-eabi/lib/armv7-m\libg_s.a(lib_a-mprec.o)
                0x08003abc                __multiply
 .text.__pow5mult
                0x08003bec       0x9c c:/stm32tc/gnuarm48/bin/../lib/gcc/arm-none-eabi/4.8.3/../../../../arm-none-eabi/lib/armv7-m\libg_s.a(lib_a-mprec.o)
                0x08003bec                __pow5mult
 .text.__lshift
                0x08003c88       0xa6 c:/stm32tc/gnuarm48/bin/../lib/gcc/arm-none-eabi/4.8.3/../../../../arm-none-eabi/lib/armv7-m\libg_s.a(lib_a-mprec.o)
                0x08003c88                __lshift
 .text.__mcmp   0x08003d2e       0x3a c:/stm32tc/gnuarm48/bin/../lib/gcc/arm-none-eabi/4.8.3/../../../../arm-none-eabi/lib/armv7-m\libg_s.a(lib_a-mprec.o)
                0x08003d2e                __mcmp
 .text.__mdiff  0x08003d68       0xbe c:/stm32tc/gnuarm48/bin/../lib/gcc/arm-none-eabi/4.8.3/../../../../arm-none-eabi/lib/armv7-m\libg_s.a(lib_a-mprec.o)
                0x08003d68                __mdiff
 .text.__d2b    0x08003e26       0xa4 c:/stm32tc/gnuarm48/bin/../lib/gcc/arm-none-eabi/4.8.3/../../../../arm-none-eabi/lib/armv7-m\libg_s.a(lib_a-mprec.o)
                0x08003e26                __d2b
 .text._calloc_r
                0x08003eca       0x1c c:/stm32tc/gnuarm48/bin/../lib/gcc/arm-none-eabi/4.8.3/../../../../arm-none-eabi/lib/armv7-m\libg_s.a(lib_a-nano-callocr.o)
                0x08003eca                _calloc_r
 *fill*         0x08003ee6        0x2 
 .text._free_r  0x08003ee8       0x88 c:/stm32tc/gnuarm48/bin/../lib/gcc/arm-none-eabi/4.8.3/../../../../arm-none-eabi/lib/armv7-m\libg_s.a(lib_a-nano-freer.o)
                0x08003ee8                _free_r
 .text._malloc_r
                0x08003f70       0xa8 c:/stm32tc/gnuarm48/bin/../lib/gcc/arm-none-eabi/4.8.3/../../../../arm-none-eabi/lib/armv7-m\libg_s.a(lib_a-nano-mallocr.o)
                0x08003f70                _malloc_r
 .text._realloc_r
                0x08004018       0x4c c:/stm32tc/gnuarm48/bin/../lib/gcc/arm-none-eabi/4.8.3/../../../../arm-none-eabi/lib/armv7-m\libg_s.a(lib_a-nano-reallocr.o)
                0x08004018                _realloc_r
 .text.__fpclassifyd
                0x08004064       0x44 c:/stm32tc/gnuarm48/bin/../lib/gcc/arm-none-eabi/4.8.3/../../../../arm-none-eabi/lib/armv7-m\libg_s.a(lib_a-s_fpclassify.o)
                0x08004064                __fpclassifyd
 .text._sbrk_r  0x080040a8       0x20 c:/stm32tc/gnuarm48/bin/../lib/gcc/arm-none-eabi/4.8.3/../../../../arm-none-eabi/lib/armv7-m\libg_s.a(lib_a-sbrkr.o)
                0x080040a8                _sbrk_r
 .text.__sread  0x080040c8       0x22 c:/stm32tc/gnuarm48/bin/../lib/gcc/arm-none-eabi/4.8.3/../../../../arm-none-eabi/lib/armv7-m\libg_s.a(lib_a-stdio.o)
                0x080040c8                __sread
 .text.__swrite
                0x080040ea       0x38 c:/stm32tc/gnuarm48/bin/../lib/gcc/arm-none-eabi/4.8.3/../../../../arm-none-eabi/lib/armv7-m\libg_s.a(lib_a-stdio.o)
                0x080040ea                __swrite
 .text.__sseek  0x08004122       0x24 c:/stm32tc/gnuarm48/bin/../lib/gcc/arm-none-eabi/4.8.3/../../../../arm-none-eabi/lib/armv7-m\libg_s.a(lib_a-stdio.o)
                0x08004122                __sseek
 .text.__sclose
                0x08004146        0x8 c:/stm32tc/gnuarm48/bin/../lib/gcc/arm-none-eabi/4.8.3/../../../../arm-none-eabi/lib/armv7-m\libg_s.a(lib_a-stdio.o)
                0x08004146                __sclose
 .text.__ssputs_r
                0x0800414e       0xb8 c:/stm32tc/gnuarm48/bin/../lib/gcc/arm-none-eabi/4.8.3/../../../../arm-none-eabi/lib/armv7-m\libg_s.a(lib_a-svfprintf.o)
                0x0800414e                __ssputs_r
 *fill*         0x08004206        0x2 
 .text._svfprintf_r
                0x08004208      0x1d8 c:/stm32tc/gnuarm48/bin/../lib/gcc/arm-none-eabi/4.8.3/../../../../arm-none-eabi/lib/armv7-m\libg_s.a(lib_a-svfprintf.o)
                0x08004208                _svfiprintf_r
                0x08004208                _svfprintf_r
 .text._write_r
                0x080043e0       0x24 c:/stm32tc/gnuarm48/bin/../lib/gcc/arm-none-eabi/4.8.3/../../../../arm-none-eabi/lib/armv7-m\libg_s.a(lib_a-writer.o)
                0x080043e0                _write_r
 .text._close_r
                0x08004404       0x20 c:/stm32tc/gnuarm48/bin/../lib/gcc/arm-none-eabi/4.8.3/../../../../arm-none-eabi/lib/armv7-m\libg_s.a(lib_a-closer.o)
                0x08004404                _close_r
 .text._fstat_r
                0x08004424       0x24 c:/stm32tc/gnuarm48/bin/../lib/gcc/arm-none-eabi/4.8.3/../../../../arm-none-eabi/lib/armv7-m\libg_s.a(lib_a-fstatr.o)
                0x08004424                _fstat_r
 .text._isatty_r
                0x08004448       0x20 c:/stm32tc/gnuarm48/bin/../lib/gcc/arm-none-eabi/4.8.3/../../../../arm-none-eabi/lib/armv7-m\libg_s.a(lib_a-isattyr.o)
                0x08004448                _isatty_r
 .text._lseek_r
                0x08004468       0x24 c:/stm32tc/gnuarm48/bin/../lib/gcc/arm-none-eabi/4.8.3/../../../../arm-none-eabi/lib/armv7-m\libg_s.a(lib_a-lseekr.o)
                0x08004468                _lseek_r
 .text._malloc_usable_size_r
                0x0800448c       0x12 c:/stm32tc/gnuarm48/bin/../lib/gcc/arm-none-eabi/4.8.3/../../../../arm-none-eabi/lib/armv7-m\libg_s.a(lib_a-nano-msizer.o)
                0x0800448c                _malloc_usable_size_r
 *fill*         0x0800449e        0x2 
 .text._read_r  0x080044a0       0x24 c:/stm32tc/gnuarm48/bin/../lib/gcc/arm-none-eabi/4.8.3/../../../../arm-none-eabi/lib/armv7-m\libg_s.a(lib_a-readr.o)
                0x080044a0                _read_r
 .text          0x080044c4      0x424 c:/stm32tc/gnuarm48/bin/../lib/gcc/arm-none-eabi/4.8.3/armv7-m\libgcc.a(_arm_muldivdf3.o)
                0x080044c4                __aeabi_dmul
                0x080044c4                __muldf3
                0x08004718                __divdf3
                0x08004718                __aeabi_ddiv
 .text          0x080048e8      0x110 c:/stm32tc/gnuarm48/bin/../lib/gcc/arm-none-eabi/4.8.3/armv7-m\libgcc.a(_arm_cmpdf2.o)
                0x080048e8                __gtdf2
                0x080048e8                __gedf2
                0x080048f0                __ltdf2
                0x080048f0                __ledf2
                0x080048f8                __nedf2
                0x080048f8                __eqdf2
                0x080048f8                __cmpdf2
                0x08004974                __aeabi_cdrcmple
                0x08004984                __aeabi_cdcmpeq
                0x08004984                __aeabi_cdcmple
                0x08004994                __aeabi_dcmpeq
                0x080049a8                __aeabi_dcmplt
                0x080049bc                __aeabi_dcmple
                0x080049d0                __aeabi_dcmpge
                0x080049e4                __aeabi_dcmpgt
 .text          0x080049f8       0x50 c:/stm32tc/gnuarm48/bin/../lib/gcc/arm-none-eabi/4.8.3/armv7-m\libgcc.a(_arm_fixdfsi.o)
                0x080049f8                __aeabi_d2iz
                0x080049f8                __fixdfsi
 *(.rodata .rodata.*)
 .rodata        0x08004a48       0x34 ./system/src/stm32f1-stdperiph/stm32f10x_gpio.o
 .rodata        0x08004a7c       0x30 ./system/src/stm32f1-stdperiph/stm32f10x_rcc.o
 .rodata        0x08004aac       0x14 ./system/src/newlib/_exit.o
 .rodata        0x08004ac0       0x70 ./system/src/newlib/assert.o
 .rodata        0x08004b30       0x30 ./system/src/diag/Trace.o
 .rodata        0x08004b60        0x4 ./system/src/diag/trace_impl.o
 .rodata        0x08004b64       0x88 ./src/main.o
 .rodata.str1.1
                0x08004bec        0x2 c:/stm32tc/gnuarm48/bin/../lib/gcc/arm-none-eabi/4.8.3/../../../../arm-none-eabi/lib/armv7-m\libg_s.a(lib_a-impure.o)
 *fill*         0x08004bee        0x2 
 .rodata._global_impure_ptr
                0x08004bf0        0x4 c:/stm32tc/gnuarm48/bin/../lib/gcc/arm-none-eabi/4.8.3/../../../../arm-none-eabi/lib/armv7-m\libg_s.a(lib_a-impure.o)
                0x08004bf0                _global_impure_ptr
 .rodata.str1.1
                0x08004bf4       0x11 c:/stm32tc/gnuarm48/bin/../lib/gcc/arm-none-eabi/4.8.3/../../../../arm-none-eabi/lib/armv7-m\libg_s.a(lib_a-vfprintf.o)
 .rodata.str1.1
                0x08004c05       0x12 c:/stm32tc/gnuarm48/bin/../lib/gcc/arm-none-eabi/4.8.3/../../../../arm-none-eabi/lib/armv7-m\libg_s.a(lib_a-vfprintf_float.o)
 .rodata.str1.1
                0x08004c17       0x22 c:/stm32tc/gnuarm48/bin/../lib/gcc/arm-none-eabi/4.8.3/../../../../arm-none-eabi/lib/armv7-m\libg_s.a(lib_a-vfprintf_i.o)
 .rodata.str1.1
                0x08004c39        0xd c:/stm32tc/gnuarm48/bin/../lib/gcc/arm-none-eabi/4.8.3/../../../../arm-none-eabi/lib/armv7-m\libg_s.a(lib_a-dtoa.o)
                                  0xf (size before relaxing)
 *fill*         0x08004c46        0x2 
 .rodata.__sf_fake_stdin
                0x08004c48       0x20 c:/stm32tc/gnuarm48/bin/../lib/gcc/arm-none-eabi/4.8.3/../../../../arm-none-eabi/lib/armv7-m\libg_s.a(lib_a-findfp.o)
                0x08004c48                __sf_fake_stdin
 .rodata.__sf_fake_stdout
                0x08004c68       0x20 c:/stm32tc/gnuarm48/bin/../lib/gcc/arm-none-eabi/4.8.3/../../../../arm-none-eabi/lib/armv7-m\libg_s.a(lib_a-findfp.o)
                0x08004c68                __sf_fake_stdout
 .rodata.__sf_fake_stderr
                0x08004c88       0x20 c:/stm32tc/gnuarm48/bin/../lib/gcc/arm-none-eabi/4.8.3/../../../../arm-none-eabi/lib/armv7-m\libg_s.a(lib_a-findfp.o)
                0x08004c88                __sf_fake_stderr
 .rodata.str1.1
                0x08004ca8        0x8 c:/stm32tc/gnuarm48/bin/../lib/gcc/arm-none-eabi/4.8.3/../../../../arm-none-eabi/lib/armv7-m\libg_s.a(lib_a-locale.o)
                                  0xb (size before relaxing)
 .rodata.__mprec_tens
                0x08004cb0       0xc8 c:/stm32tc/gnuarm48/bin/../lib/gcc/arm-none-eabi/4.8.3/../../../../arm-none-eabi/lib/armv7-m\libg_s.a(lib_a-mprec.o)
                0x08004cb0                __mprec_tens
 .rodata.p05.5300
                0x08004d78        0xc c:/stm32tc/gnuarm48/bin/../lib/gcc/arm-none-eabi/4.8.3/../../../../arm-none-eabi/lib/armv7-m\libg_s.a(lib_a-mprec.o)
 *fill*         0x08004d84        0x4 
 .rodata.__mprec_bigtens
                0x08004d88       0x28 c:/stm32tc/gnuarm48/bin/../lib/gcc/arm-none-eabi/4.8.3/../../../../arm-none-eabi/lib/armv7-m\libg_s.a(lib_a-mprec.o)
                0x08004d88                __mprec_bigtens
 .rodata.str1.1
                0x00000000       0x11 c:/stm32tc/gnuarm48/bin/../lib/gcc/arm-none-eabi/4.8.3/../../../../arm-none-eabi/lib/armv7-m\libg_s.a(lib_a-svfprintf.o)
 *(vtable)
 *(.eh_frame*)
 *(.glue_7)
 .glue_7        0x00000000        0x0 linker stubs
 *(.glue_7t)
 .glue_7t       0x00000000        0x0 linker stubs

.vfp11_veneer   0x08004db0        0x0
 .vfp11_veneer  0x00000000        0x0 linker stubs

.v4_bx          0x08004db0        0x0
 .v4_bx         0x00000000        0x0 linker stubs

.iplt           0x08004db0        0x0
 .iplt          0x00000000        0x0 ./system/src/stm32f1-stdperiph/misc.o

.rel.dyn        0x08004db0        0x0
 .rel.iplt      0x00000000        0x0 ./system/src/stm32f1-stdperiph/misc.o

.ARM.extab
 *(.ARM.extab* .gnu.linkonce.armextab.*)
                0x08004db0                __exidx_start = .

.ARM.exidx
 *(.ARM.exidx* .gnu.linkonce.armexidx.*)
                0x08004db0                __exidx_end = .
                0x08004db0                . = ALIGN (0x4)
                0x08004db0                _etext = .
                0x08004db0                __etext = .
                0x08004db0                _sidata = _etext

.data           0x20000000       0xb4 load address 0x08004db0
                0x20000000                . = ALIGN (0x4)
                0x20000000                _sdata = .
                0x20000000                __data_start__ = .
 *(.data_begin .data_begin.*)
 .data_begin    0x20000000        0x4 ./system/src/newlib/_startup.o
 *(.data .data.*)
 .data.argv.4452
                0x20000004        0x8 ./system/src/newlib/_syscalls.o
 .data.SystemCoreClock
                0x2000000c        0x4 ./system/src/cmsis/system_stm32f10x.o
                0x2000000c                SystemCoreClock
 .data.previousInp.6636
                0x20000010        0x2 ./src/dht22.o
 *fill*         0x20000012        0x2 
 .data.impure_data
                0x20000014       0x60 c:/stm32tc/gnuarm48/bin/../lib/gcc/arm-none-eabi/4.8.3/../../../../arm-none-eabi/lib/armv7-m\libg_s.a(lib_a-impure.o)
 .data._impure_ptr
                0x20000074        0x4 c:/stm32tc/gnuarm48/bin/../lib/gcc/arm-none-eabi/4.8.3/../../../../arm-none-eabi/lib/armv7-m\libg_s.a(lib_a-impure.o)
                0x20000074                _impure_ptr
 .data.lconv    0x20000078       0x38 c:/stm32tc/gnuarm48/bin/../lib/gcc/arm-none-eabi/4.8.3/../../../../arm-none-eabi/lib/armv7-m\libg_s.a(lib_a-locale.o)
 *(.data_end .data_end.*)
 .data_end      0x200000b0        0x4 ./system/src/newlib/_startup.o
                0x200000b4                . = ALIGN (0x4)
                0x200000b4                _edata = .
                0x200000b4                __data_end__ = .

.igot.plt       0x200000b4        0x0 load address 0x08004e64
 .igot.plt      0x00000000        0x0 ./system/src/stm32f1-stdperiph/misc.o

.bss            0x200000b4       0xfc load address 0x08004e64
                0x200000b4                . = ALIGN (0x4)
                0x200000b4                __bss_start__ = .
                0x200000b4                _sbss = .
 *(.bss_begin .bss_begin.*)
 .bss_begin     0x200000b4        0x4 ./system/src/newlib/_startup.o
 *(.bss .bss.*)
 .bss.current_heap_end.4280
                0x200000b8        0x4 ./system/src/newlib/_sbrk.o
 .bss.name.4451
                0x200000bc        0x4 ./system/src/newlib/_syscalls.o
 .bss.buf.5365  0x200000c0       0x80 ./system/src/diag/Trace.o
 .bss.handle.6896
                0x20000140        0x4 ./system/src/diag/trace_impl.o
 .bss.rawData   0x20000144       0x28 ./src/dht22.o
 .bss.nextAction
                0x2000016c        0x8 ./src/dht22.o
 .bss.t         0x20000174       0x20 ./src/dht22.o
 .bss.temperature
                0x20000194        0x4 ./src/main.o
 .bss.humidity  0x20000198        0x4 ./src/main.o
 .bss.uwTick    0x2000019c        0x4 ./src/timing.o
 .bss.__malloc_sbrk_start
                0x200001a0        0x4 c:/stm32tc/gnuarm48/bin/../lib/gcc/arm-none-eabi/4.8.3/../../../../arm-none-eabi/lib/armv7-m\libg_s.a(lib_a-nano-mallocr.o)
                0x200001a0                __malloc_sbrk_start
 .bss.__malloc_free_list
                0x200001a4        0x4 c:/stm32tc/gnuarm48/bin/../lib/gcc/arm-none-eabi/4.8.3/../../../../arm-none-eabi/lib/armv7-m\libg_s.a(lib_a-nano-mallocr.o)
                0x200001a4                __malloc_free_list
 *(COMMON)
 COMMON         0x200001a8        0x4 ./system/src/newlib/_syscalls.o
                0x200001a8                errno
 *(.bss_end .bss_end.*)
 .bss_end       0x200001ac        0x4 ./system/src/newlib/_startup.o
                0x200001b0                . = ALIGN (0x4)
                0x200001b0                __bss_end__ = .
                0x200001b0                _ebss = .

.noinit         0x200001b0        0x0
                0x200001b0                . = ALIGN (0x4)
                0x200001b0                _noinit = .
 *(.noinit .noinit.*)
                0x200001b0                . = ALIGN (0x4)
                0x200001b0                _end_noinit = .
                0x200001b0                PROVIDE (end, _end_noinit)
                0x200001b0                PROVIDE (_end, _end_noinit)
                0x200001b0                PROVIDE (__end, _end_noinit)
                0x200001b0                PROVIDE (__end__, _end_noinit)

._check_stack   0x200001b0      0x100 load address 0x08004f60
                0x200001b0                . = ALIGN (0x4)
                0x200002b0                . = (. + _Minimum_Stack_Size)
 *fill*         0x200001b0      0x100 
                0x200002b0                . = ALIGN (0x4)

.bss_CCMRAM
 *(.bss.CCMRAM .bss.CCMRAM.*)

.b1text
 *(.b1text)
 *(.b1rodata)
 *(.b1rodata.*)

.eb0text
 *(.eb0text)
 *(.eb0rodata)
 *(.eb0rodata.*)

.eb1text
 *(.eb1text)
 *(.eb1rodata)
 *(.eb1rodata.*)

.eb2text
 *(.eb2text)
 *(.eb2rodata)
 *(.eb2rodata.*)

.eb3text
 *(.eb3text)
 *(.eb3rodata)
 *(.eb3rodata.*)

.stab
 *(.stab)

.stabstr
 *(.stabstr)

.stab.excl
 *(.stab.excl)

.stab.exclstr
 *(.stab.exclstr)

.stab.index
 *(.stab.index)

.stab.indexstr
 *(.stab.indexstr)

.comment        0x00000000       0x70
 *(.comment)
 .comment       0x00000000       0x70 ./system/src/stm32f1-stdperiph/stm32f10x_gpio.o
                                 0x71 (size before relaxing)
 .comment       0x00000000       0x71 ./system/src/stm32f1-stdperiph/stm32f10x_rcc.o
 .comment       0x00000000       0x71 ./system/src/newlib/_exit.o
 .comment       0x00000000       0x71 ./system/src/newlib/_sbrk.o
 .comment       0x00000000       0x71 ./system/src/newlib/_startup.o
 .comment       0x00000000       0x71 ./system/src/newlib/_syscalls.o
 .comment       0x00000000       0x71 ./system/src/newlib/_write.o
 .comment       0x00000000       0x71 ./system/src/newlib/assert.o
 .comment       0x00000000       0x71 ./system/src/diag/Trace.o
 .comment       0x00000000       0x71 ./system/src/diag/trace_impl.o
 .comment       0x00000000       0x71 ./system/src/cortexm/_initialize_hardware.o
 .comment       0x00000000       0x71 ./system/src/cortexm/exception_handlers.o
 .comment       0x00000000       0x71 ./system/src/cmsis/system_stm32f10x.o
 .comment       0x00000000       0x71 ./system/src/cmsis/vectors_stm32f10x.o
 .comment       0x00000000       0x71 ./src/dht22.o
 .comment       0x00000000       0x71 ./src/main.o
 .comment       0x00000000       0x71 ./src/timing.o

.ARM.attributes
                0x00000000       0x31
 .ARM.attributes
                0x00000000       0x33 ./system/src/stm32f1-stdperiph/stm32f10x_gpio.o
 .ARM.attributes
                0x00000033       0x33 ./system/src/stm32f1-stdperiph/stm32f10x_rcc.o
 .ARM.attributes
                0x00000066       0x33 ./system/src/newlib/_exit.o
 .ARM.attributes
                0x00000099       0x33 ./system/src/newlib/_sbrk.o
 .ARM.attributes
                0x000000cc       0x33 ./system/src/newlib/_startup.o
 .ARM.attributes
                0x000000ff       0x33 ./system/src/newlib/_syscalls.o
 .ARM.attributes
                0x00000132       0x33 ./system/src/newlib/_write.o
 .ARM.attributes
                0x00000165       0x33 ./system/src/newlib/assert.o
 .ARM.attributes
                0x00000198       0x33 ./system/src/diag/Trace.o
 .ARM.attributes
                0x000001cb       0x33 ./system/src/diag/trace_impl.o
 .ARM.attributes
                0x000001fe       0x33 ./system/src/cortexm/_initialize_hardware.o
 .ARM.attributes
                0x00000231       0x33 ./system/src/cortexm/exception_handlers.o
 .ARM.attributes
                0x00000264       0x33 ./system/src/cmsis/system_stm32f10x.o
 .ARM.attributes
                0x00000297       0x33 ./system/src/cmsis/vectors_stm32f10x.o
 .ARM.attributes
                0x000002ca       0x33 ./src/dht22.o
 .ARM.attributes
                0x000002fd       0x33 ./src/main.o
 .ARM.attributes
                0x00000330       0x33 ./src/timing.o
 .ARM.attributes
                0x00000363       0x1d c:/stm32tc/gnuarm48/bin/../lib/gcc/arm-none-eabi/4.8.3/armv7-m\libgcc.a(_arm_addsubdf3.o)
 .ARM.attributes
                0x00000380       0x1d c:/stm32tc/gnuarm48/bin/../lib/gcc/arm-none-eabi/4.8.3/armv7-m\libgcc.a(_arm_addsubsf3.o)
 .ARM.attributes
                0x0000039d       0x1d c:/stm32tc/gnuarm48/bin/../lib/gcc/arm-none-eabi/4.8.3/armv7-m\libgcc.a(_arm_muldivsf3.o)
 .ARM.attributes
                0x000003ba       0x2d c:/stm32tc/gnuarm48/bin/../lib/gcc/arm-none-eabi/4.8.3/../../../../arm-none-eabi/lib/armv7-m\libg_s.a(lib_a-errno.o)
 .ARM.attributes
                0x000003e7       0x2d c:/stm32tc/gnuarm48/bin/../lib/gcc/arm-none-eabi/4.8.3/../../../../arm-none-eabi/lib/armv7-m\libg_s.a(lib_a-impure.o)
 .ARM.attributes
                0x00000414       0x2d c:/stm32tc/gnuarm48/bin/../lib/gcc/arm-none-eabi/4.8.3/../../../../arm-none-eabi/lib/armv7-m\libg_s.a(lib_a-printf.o)
 .ARM.attributes
                0x00000441       0x2d c:/stm32tc/gnuarm48/bin/../lib/gcc/arm-none-eabi/4.8.3/../../../../arm-none-eabi/lib/armv7-m\libg_s.a(lib_a-strlen.o)
 .ARM.attributes
                0x0000046e       0x2d c:/stm32tc/gnuarm48/bin/../lib/gcc/arm-none-eabi/4.8.3/../../../../arm-none-eabi/lib/armv7-m\libg_s.a(lib_a-vfprintf.o)
 .ARM.attributes
                0x0000049b       0x2d c:/stm32tc/gnuarm48/bin/../lib/gcc/arm-none-eabi/4.8.3/../../../../arm-none-eabi/lib/armv7-m\libg_s.a(lib_a-vfprintf_float.o)
 .ARM.attributes
                0x000004c8       0x2d c:/stm32tc/gnuarm48/bin/../lib/gcc/arm-none-eabi/4.8.3/../../../../arm-none-eabi/lib/armv7-m\libg_s.a(lib_a-vfprintf_i.o)
 .ARM.attributes
                0x000004f5       0x2d c:/stm32tc/gnuarm48/bin/../lib/gcc/arm-none-eabi/4.8.3/../../../../arm-none-eabi/lib/armv7-m\libg_s.a(lib_a-vsnprintf.o)
 .ARM.attributes
                0x00000522       0x2d c:/stm32tc/gnuarm48/bin/../lib/gcc/arm-none-eabi/4.8.3/../../../../arm-none-eabi/lib/armv7-m\libg_s.a(lib_a-wbuf.o)
 .ARM.attributes
                0x0000054f       0x2d c:/stm32tc/gnuarm48/bin/../lib/gcc/arm-none-eabi/4.8.3/../../../../arm-none-eabi/lib/armv7-m\libg_s.a(lib_a-wsetup.o)
 .ARM.attributes
                0x0000057c       0x2d c:/stm32tc/gnuarm48/bin/../lib/gcc/arm-none-eabi/4.8.3/../../../../arm-none-eabi/lib/armv7-m\libg_s.a(lib_a-dtoa.o)
 .ARM.attributes
                0x000005a9       0x2d c:/stm32tc/gnuarm48/bin/../lib/gcc/arm-none-eabi/4.8.3/../../../../arm-none-eabi/lib/armv7-m\libg_s.a(lib_a-fflush.o)
 .ARM.attributes
                0x000005d6       0x2d c:/stm32tc/gnuarm48/bin/../lib/gcc/arm-none-eabi/4.8.3/../../../../arm-none-eabi/lib/armv7-m\libg_s.a(lib_a-findfp.o)
 .ARM.attributes
                0x00000603       0x2d c:/stm32tc/gnuarm48/bin/../lib/gcc/arm-none-eabi/4.8.3/../../../../arm-none-eabi/lib/armv7-m\libg_s.a(lib_a-locale.o)
 .ARM.attributes
                0x00000630       0x2d c:/stm32tc/gnuarm48/bin/../lib/gcc/arm-none-eabi/4.8.3/../../../../arm-none-eabi/lib/armv7-m\libg_s.a(lib_a-makebuf.o)
 .ARM.attributes
                0x0000065d       0x2d c:/stm32tc/gnuarm48/bin/../lib/gcc/arm-none-eabi/4.8.3/../../../../arm-none-eabi/lib/armv7-m\libg_s.a(lib_a-malloc.o)
 .ARM.attributes
                0x0000068a       0x2d c:/stm32tc/gnuarm48/bin/../lib/gcc/arm-none-eabi/4.8.3/../../../../arm-none-eabi/lib/armv7-m\libg_s.a(lib_a-memchr-stub.o)
 .ARM.attributes
                0x000006b7       0x2d c:/stm32tc/gnuarm48/bin/../lib/gcc/arm-none-eabi/4.8.3/../../../../arm-none-eabi/lib/armv7-m\libg_s.a(lib_a-memcpy-stub.o)
 .ARM.attributes
                0x000006e4       0x2d c:/stm32tc/gnuarm48/bin/../lib/gcc/arm-none-eabi/4.8.3/../../../../arm-none-eabi/lib/armv7-m\libg_s.a(lib_a-memmove.o)
 .ARM.attributes
                0x00000711       0x2d c:/stm32tc/gnuarm48/bin/../lib/gcc/arm-none-eabi/4.8.3/../../../../arm-none-eabi/lib/armv7-m\libg_s.a(lib_a-memset.o)
 .ARM.attributes
                0x0000073e       0x2d c:/stm32tc/gnuarm48/bin/../lib/gcc/arm-none-eabi/4.8.3/../../../../arm-none-eabi/lib/armv7-m\libg_s.a(lib_a-mprec.o)
 .ARM.attributes
                0x0000076b       0x2d c:/stm32tc/gnuarm48/bin/../lib/gcc/arm-none-eabi/4.8.3/../../../../arm-none-eabi/lib/armv7-m\libg_s.a(lib_a-nano-callocr.o)
 .ARM.attributes
                0x00000798       0x2d c:/stm32tc/gnuarm48/bin/../lib/gcc/arm-none-eabi/4.8.3/../../../../arm-none-eabi/lib/armv7-m\libg_s.a(lib_a-nano-freer.o)
 .ARM.attributes
                0x000007c5       0x2d c:/stm32tc/gnuarm48/bin/../lib/gcc/arm-none-eabi/4.8.3/../../../../arm-none-eabi/lib/armv7-m\libg_s.a(lib_a-nano-mallocr.o)
 .ARM.attributes
                0x000007f2       0x2d c:/stm32tc/gnuarm48/bin/../lib/gcc/arm-none-eabi/4.8.3/../../../../arm-none-eabi/lib/armv7-m\libg_s.a(lib_a-nano-reallocr.o)
 .ARM.attributes
                0x0000081f       0x2d c:/stm32tc/gnuarm48/bin/../lib/gcc/arm-none-eabi/4.8.3/../../../../arm-none-eabi/lib/armv7-m\libg_s.a(lib_a-s_fpclassify.o)
 .ARM.attributes
                0x0000084c       0x2d c:/stm32tc/gnuarm48/bin/../lib/gcc/arm-none-eabi/4.8.3/../../../../arm-none-eabi/lib/armv7-m\libg_s.a(lib_a-sbrkr.o)
 .ARM.attributes
                0x00000879       0x2d c:/stm32tc/gnuarm48/bin/../lib/gcc/arm-none-eabi/4.8.3/../../../../arm-none-eabi/lib/armv7-m\libg_s.a(lib_a-stdio.o)
 .ARM.attributes
                0x000008a6       0x2d c:/stm32tc/gnuarm48/bin/../lib/gcc/arm-none-eabi/4.8.3/../../../../arm-none-eabi/lib/armv7-m\libg_s.a(lib_a-svfprintf.o)
 .ARM.attributes
                0x000008d3       0x2d c:/stm32tc/gnuarm48/bin/../lib/gcc/arm-none-eabi/4.8.3/../../../../arm-none-eabi/lib/armv7-m\libg_s.a(lib_a-writer.o)
 .ARM.attributes
                0x00000900       0x2d c:/stm32tc/gnuarm48/bin/../lib/gcc/arm-none-eabi/4.8.3/../../../../arm-none-eabi/lib/armv7-m\libg_s.a(lib_a-closer.o)
 .ARM.attributes
                0x0000092d       0x2d c:/stm32tc/gnuarm48/bin/../lib/gcc/arm-none-eabi/4.8.3/../../../../arm-none-eabi/lib/armv7-m\libg_s.a(lib_a-fstatr.o)
 .ARM.attributes
                0x0000095a       0x2d c:/stm32tc/gnuarm48/bin/../lib/gcc/arm-none-eabi/4.8.3/../../../../arm-none-eabi/lib/armv7-m\libg_s.a(lib_a-isattyr.o)
 .ARM.attributes
                0x00000987       0x2d c:/stm32tc/gnuarm48/bin/../lib/gcc/arm-none-eabi/4.8.3/../../../../arm-none-eabi/lib/armv7-m\libg_s.a(lib_a-lseekr.o)
 .ARM.attributes
                0x000009b4       0x2d c:/stm32tc/gnuarm48/bin/../lib/gcc/arm-none-eabi/4.8.3/../../../../arm-none-eabi/lib/armv7-m\libg_s.a(lib_a-nano-msizer.o)
 .ARM.attributes
                0x000009e1       0x2d c:/stm32tc/gnuarm48/bin/../lib/gcc/arm-none-eabi/4.8.3/../../../../arm-none-eabi/lib/armv7-m\libg_s.a(lib_a-readr.o)
 .ARM.attributes
                0x00000a0e       0x1d c:/stm32tc/gnuarm48/bin/../lib/gcc/arm-none-eabi/4.8.3/armv7-m\libgcc.a(_arm_muldivdf3.o)
 .ARM.attributes
                0x00000a2b       0x1d c:/stm32tc/gnuarm48/bin/../lib/gcc/arm-none-eabi/4.8.3/armv7-m\libgcc.a(_arm_cmpdf2.o)
 .ARM.attributes
                0x00000a48       0x1d c:/stm32tc/gnuarm48/bin/../lib/gcc/arm-none-eabi/4.8.3/armv7-m\libgcc.a(_arm_fixdfsi.o)

.debug
 *(.debug)

.line
 *(.line)

.debug_srcinfo
 *(.debug_srcinfo)

.debug_sfnames
 *(.debug_sfnames)

.debug_aranges  0x00000000      0x570
 *(.debug_aranges)
 .debug_aranges
                0x00000000       0xa8 ./system/src/stm32f1-stdperiph/stm32f10x_gpio.o
 .debug_aranges
                0x000000a8      0x118 ./system/src/stm32f1-stdperiph/stm32f10x_rcc.o
 .debug_aranges
                0x000001c0       0x28 ./system/src/newlib/_exit.o
 .debug_aranges
                0x000001e8       0x20 ./system/src/newlib/_sbrk.o
 .debug_aranges
                0x00000208       0x40 ./system/src/newlib/_startup.o
 .debug_aranges
                0x00000248       0xd0 ./system/src/newlib/_syscalls.o
 .debug_aranges
                0x00000318       0x20 ./system/src/newlib/_write.o
 .debug_aranges
                0x00000338       0x28 ./system/src/newlib/assert.o
 .debug_aranges
                0x00000360       0x38 ./system/src/diag/Trace.o
 .debug_aranges
                0x00000398       0x30 ./system/src/diag/trace_impl.o
 .debug_aranges
                0x000003c8       0x20 ./system/src/cortexm/_initialize_hardware.o
 .debug_aranges
                0x000003e8       0x68 ./system/src/cortexm/exception_handlers.o
 .debug_aranges
                0x00000450       0x38 ./system/src/cmsis/system_stm32f10x.o
 .debug_aranges
                0x00000488       0x20 ./system/src/cmsis/vectors_stm32f10x.o
 .debug_aranges
                0x000004a8       0x48 ./src/dht22.o
 .debug_aranges
                0x000004f0       0x20 ./src/main.o
 .debug_aranges
                0x00000510       0x60 ./src/timing.o

.debug_pubnames
 *(.debug_pubnames)

.debug_info     0x00000000     0x3ace
 *(.debug_info .gnu.linkonce.wi.*)
 .debug_info    0x00000000      0x6cf ./system/src/stm32f1-stdperiph/stm32f10x_gpio.o
 .debug_info    0x000006cf      0x869 ./system/src/stm32f1-stdperiph/stm32f10x_rcc.o
 .debug_info    0x00000f38       0xba ./system/src/newlib/_exit.o
 .debug_info    0x00000ff2      0x109 ./system/src/newlib/_sbrk.o
 .debug_info    0x000010fb      0x3cf ./system/src/newlib/_startup.o
 .debug_info    0x000014ca      0x7f1 ./system/src/newlib/_syscalls.o
 .debug_info    0x00001cbb       0xf0 ./system/src/newlib/_write.o
 .debug_info    0x00001dab      0x12c ./system/src/newlib/assert.o
 .debug_info    0x00001ed7      0x1cf ./system/src/diag/Trace.o
 .debug_info    0x000020a6      0x32a ./system/src/diag/trace_impl.o
 .debug_info    0x000023d0       0xa4 ./system/src/cortexm/_initialize_hardware.o
 .debug_info    0x00002474       0xd4 ./system/src/cortexm/exception_handlers.o
 .debug_info    0x00002548      0x455 ./system/src/cmsis/system_stm32f10x.o
 .debug_info    0x0000299d       0x92 ./system/src/cmsis/vectors_stm32f10x.o
 .debug_info    0x00002a2f      0x643 ./src/dht22.o
 .debug_info    0x00003072      0x241 ./src/main.o
 .debug_info    0x000032b3      0x81b ./src/timing.o

.debug_abbrev   0x00000000     0x11ff
 *(.debug_abbrev)
 .debug_abbrev  0x00000000      0x1cd ./system/src/stm32f1-stdperiph/stm32f10x_gpio.o
 .debug_abbrev  0x000001cd      0x1bd ./system/src/stm32f1-stdperiph/stm32f10x_rcc.o
 .debug_abbrev  0x0000038a       0x6e ./system/src/newlib/_exit.o
 .debug_abbrev  0x000003f8       0x8e ./system/src/newlib/_sbrk.o
 .debug_abbrev  0x00000486      0x132 ./system/src/newlib/_startup.o
 .debug_abbrev  0x000005b8      0x165 ./system/src/newlib/_syscalls.o
 .debug_abbrev  0x0000071d       0x82 ./system/src/newlib/_write.o
 .debug_abbrev  0x0000079f       0x73 ./system/src/newlib/assert.o
 .debug_abbrev  0x00000812       0xf0 ./system/src/diag/Trace.o
 .debug_abbrev  0x00000902      0x1bb ./system/src/diag/trace_impl.o
 .debug_abbrev  0x00000abd       0x6a ./system/src/cortexm/_initialize_hardware.o
 .debug_abbrev  0x00000b27       0x47 ./system/src/cortexm/exception_handlers.o
 .debug_abbrev  0x00000b6e      0x151 ./system/src/cmsis/system_stm32f10x.o
 .debug_abbrev  0x00000cbf       0x92 ./system/src/cmsis/vectors_stm32f10x.o
 .debug_abbrev  0x00000d51      0x196 ./src/dht22.o
 .debug_abbrev  0x00000ee7      0x12c ./src/main.o
 .debug_abbrev  0x00001013      0x1ec ./src/timing.o

.debug_line     0x00000000     0x3d3b
 *(.debug_line)
 .debug_line    0x00000000      0x697 ./system/src/stm32f1-stdperiph/stm32f10x_gpio.o
 .debug_line    0x00000697      0x7e0 ./system/src/stm32f1-stdperiph/stm32f10x_rcc.o
 .debug_line    0x00000e77      0x222 ./system/src/newlib/_exit.o
 .debug_line    0x00001099      0x1d0 ./system/src/newlib/_sbrk.o
 .debug_line    0x00001269      0x298 ./system/src/newlib/_startup.o
 .debug_line    0x00001501      0x42e ./system/src/newlib/_syscalls.o
 .debug_line    0x0000192f      0x20b ./system/src/newlib/_write.o
 .debug_line    0x00001b3a      0x268 ./system/src/newlib/assert.o
 .debug_line    0x00001da2      0x2dd ./system/src/diag/Trace.o
 .debug_line    0x0000207f      0x4ed ./system/src/diag/trace_impl.o
 .debug_line    0x0000256c      0x3f3 ./system/src/cortexm/_initialize_hardware.o
 .debug_line    0x0000295f       0xc4 ./system/src/cortexm/exception_handlers.o
 .debug_line    0x00002a23      0x467 ./system/src/cmsis/system_stm32f10x.o
 .debug_line    0x00002e8a       0x8e ./system/src/cmsis/vectors_stm32f10x.o
 .debug_line    0x00002f18      0x4c7 ./src/dht22.o
 .debug_line    0x000033df      0x4af ./src/main.o
 .debug_line    0x0000388e      0x4ad ./src/timing.o

.debug_frame    0x00000000     0x1b7c
 *(.debug_frame)
 .debug_frame   0x00000000      0x248 ./system/src/stm32f1-stdperiph/stm32f10x_gpio.o
 .debug_frame   0x00000248      0x3f4 ./system/src/stm32f1-stdperiph/stm32f10x_rcc.o
 .debug_frame   0x0000063c       0x48 ./system/src/newlib/_exit.o
 .debug_frame   0x00000684       0x30 ./system/src/newlib/_sbrk.o
 .debug_frame   0x000006b4       0xa8 ./system/src/newlib/_startup.o
 .debug_frame   0x0000075c      0x2e4 ./system/src/newlib/_syscalls.o
 .debug_frame   0x00000a40       0x30 ./system/src/newlib/_write.o
 .debug_frame   0x00000a70       0x50 ./system/src/newlib/assert.o
 .debug_frame   0x00000ac0       0x98 ./system/src/diag/Trace.o
 .debug_frame   0x00000b58       0x6c ./system/src/diag/trace_impl.o
 .debug_frame   0x00000bc4       0x2c ./system/src/cortexm/_initialize_hardware.o
 .debug_frame   0x00000bf0      0x104 ./system/src/cortexm/exception_handlers.o
 .debug_frame   0x00000cf4       0x80 ./system/src/cmsis/system_stm32f10x.o
 .debug_frame   0x00000d74       0x28 ./system/src/cmsis/vectors_stm32f10x.o
 .debug_frame   0x00000d9c       0xdc ./src/dht22.o
 .debug_frame   0x00000e78       0x34 ./src/main.o
 .debug_frame   0x00000eac      0x108 ./src/timing.o
 .debug_frame   0x00000fb4       0x20 c:/stm32tc/gnuarm48/bin/../lib/gcc/arm-none-eabi/4.8.3/../../../../arm-none-eabi/lib/armv7-m\libg_s.a(lib_a-errno.o)
 .debug_frame   0x00000fd4       0x60 c:/stm32tc/gnuarm48/bin/../lib/gcc/arm-none-eabi/4.8.3/../../../../arm-none-eabi/lib/armv7-m\libg_s.a(lib_a-printf.o)
 .debug_frame   0x00001034       0x20 c:/stm32tc/gnuarm48/bin/../lib/gcc/arm-none-eabi/4.8.3/../../../../arm-none-eabi/lib/armv7-m\libg_s.a(lib_a-strlen.o)
 .debug_frame   0x00001054       0xa8 c:/stm32tc/gnuarm48/bin/../lib/gcc/arm-none-eabi/4.8.3/../../../../arm-none-eabi/lib/armv7-m\libg_s.a(lib_a-vfprintf.o)
 .debug_frame   0x000010fc       0x80 c:/stm32tc/gnuarm48/bin/../lib/gcc/arm-none-eabi/4.8.3/../../../../arm-none-eabi/lib/armv7-m\libg_s.a(lib_a-vfprintf_float.o)
 .debug_frame   0x0000117c       0x60 c:/stm32tc/gnuarm48/bin/../lib/gcc/arm-none-eabi/4.8.3/../../../../arm-none-eabi/lib/armv7-m\libg_s.a(lib_a-vfprintf_i.o)
 .debug_frame   0x000011dc       0x4c c:/stm32tc/gnuarm48/bin/../lib/gcc/arm-none-eabi/4.8.3/../../../../arm-none-eabi/lib/armv7-m\libg_s.a(lib_a-vsnprintf.o)
 .debug_frame   0x00001228       0x3c c:/stm32tc/gnuarm48/bin/../lib/gcc/arm-none-eabi/4.8.3/../../../../arm-none-eabi/lib/armv7-m\libg_s.a(lib_a-wbuf.o)
 .debug_frame   0x00001264       0x2c c:/stm32tc/gnuarm48/bin/../lib/gcc/arm-none-eabi/4.8.3/../../../../arm-none-eabi/lib/armv7-m\libg_s.a(lib_a-wsetup.o)
 .debug_frame   0x00001290       0x68 c:/stm32tc/gnuarm48/bin/../lib/gcc/arm-none-eabi/4.8.3/../../../../arm-none-eabi/lib/armv7-m\libg_s.a(lib_a-dtoa.o)
 .debug_frame   0x000012f8       0x5c c:/stm32tc/gnuarm48/bin/../lib/gcc/arm-none-eabi/4.8.3/../../../../arm-none-eabi/lib/armv7-m\libg_s.a(lib_a-fflush.o)
 .debug_frame   0x00001354      0x12c c:/stm32tc/gnuarm48/bin/../lib/gcc/arm-none-eabi/4.8.3/../../../../arm-none-eabi/lib/armv7-m\libg_s.a(lib_a-findfp.o)
 .debug_frame   0x00001480       0x98 c:/stm32tc/gnuarm48/bin/../lib/gcc/arm-none-eabi/4.8.3/../../../../arm-none-eabi/lib/armv7-m\libg_s.a(lib_a-locale.o)
 .debug_frame   0x00001518       0x30 c:/stm32tc/gnuarm48/bin/../lib/gcc/arm-none-eabi/4.8.3/../../../../arm-none-eabi/lib/armv7-m\libg_s.a(lib_a-makebuf.o)
 .debug_frame   0x00001548       0x30 c:/stm32tc/gnuarm48/bin/../lib/gcc/arm-none-eabi/4.8.3/../../../../arm-none-eabi/lib/armv7-m\libg_s.a(lib_a-malloc.o)
 .debug_frame   0x00001578       0x28 c:/stm32tc/gnuarm48/bin/../lib/gcc/arm-none-eabi/4.8.3/../../../../arm-none-eabi/lib/armv7-m\libg_s.a(lib_a-memchr-stub.o)
 .debug_frame   0x000015a0       0x28 c:/stm32tc/gnuarm48/bin/../lib/gcc/arm-none-eabi/4.8.3/../../../../arm-none-eabi/lib/armv7-m\libg_s.a(lib_a-memcpy-stub.o)
 .debug_frame   0x000015c8       0x2c c:/stm32tc/gnuarm48/bin/../lib/gcc/arm-none-eabi/4.8.3/../../../../arm-none-eabi/lib/armv7-m\libg_s.a(lib_a-memmove.o)
 .debug_frame   0x000015f4       0x20 c:/stm32tc/gnuarm48/bin/../lib/gcc/arm-none-eabi/4.8.3/../../../../arm-none-eabi/lib/armv7-m\libg_s.a(lib_a-memset.o)
 .debug_frame   0x00001614      0x230 c:/stm32tc/gnuarm48/bin/../lib/gcc/arm-none-eabi/4.8.3/../../../../arm-none-eabi/lib/armv7-m\libg_s.a(lib_a-mprec.o)
 .debug_frame   0x00001844       0x2c c:/stm32tc/gnuarm48/bin/../lib/gcc/arm-none-eabi/4.8.3/../../../../arm-none-eabi/lib/armv7-m\libg_s.a(lib_a-nano-callocr.o)
 .debug_frame   0x00001870       0x2c c:/stm32tc/gnuarm48/bin/../lib/gcc/arm-none-eabi/4.8.3/../../../../arm-none-eabi/lib/armv7-m\libg_s.a(lib_a-nano-freer.o)
 .debug_frame   0x0000189c       0x2c c:/stm32tc/gnuarm48/bin/../lib/gcc/arm-none-eabi/4.8.3/../../../../arm-none-eabi/lib/armv7-m\libg_s.a(lib_a-nano-mallocr.o)
 .debug_frame   0x000018c8       0x30 c:/stm32tc/gnuarm48/bin/../lib/gcc/arm-none-eabi/4.8.3/../../../../arm-none-eabi/lib/armv7-m\libg_s.a(lib_a-nano-reallocr.o)
 .debug_frame   0x000018f8       0x28 c:/stm32tc/gnuarm48/bin/../lib/gcc/arm-none-eabi/4.8.3/../../../../arm-none-eabi/lib/armv7-m\libg_s.a(lib_a-s_fpclassify.o)
 .debug_frame   0x00001920       0x2c c:/stm32tc/gnuarm48/bin/../lib/gcc/arm-none-eabi/4.8.3/../../../../arm-none-eabi/lib/armv7-m\libg_s.a(lib_a-sbrkr.o)
 .debug_frame   0x0000194c       0x80 c:/stm32tc/gnuarm48/bin/../lib/gcc/arm-none-eabi/4.8.3/../../../../arm-none-eabi/lib/armv7-m\libg_s.a(lib_a-stdio.o)
 .debug_frame   0x000019cc       0x88 c:/stm32tc/gnuarm48/bin/../lib/gcc/arm-none-eabi/4.8.3/../../../../arm-none-eabi/lib/armv7-m\libg_s.a(lib_a-svfprintf.o)
 .debug_frame   0x00001a54       0x2c c:/stm32tc/gnuarm48/bin/../lib/gcc/arm-none-eabi/4.8.3/../../../../arm-none-eabi/lib/armv7-m\libg_s.a(lib_a-writer.o)
 .debug_frame   0x00001a80       0x2c c:/stm32tc/gnuarm48/bin/../lib/gcc/arm-none-eabi/4.8.3/../../../../arm-none-eabi/lib/armv7-m\libg_s.a(lib_a-closer.o)
 .debug_frame   0x00001aac       0x2c c:/stm32tc/gnuarm48/bin/../lib/gcc/arm-none-eabi/4.8.3/../../../../arm-none-eabi/lib/armv7-m\libg_s.a(lib_a-fstatr.o)
 .debug_frame   0x00001ad8       0x2c c:/stm32tc/gnuarm48/bin/../lib/gcc/arm-none-eabi/4.8.3/../../../../arm-none-eabi/lib/armv7-m\libg_s.a(lib_a-isattyr.o)
 .debug_frame   0x00001b04       0x2c c:/stm32tc/gnuarm48/bin/../lib/gcc/arm-none-eabi/4.8.3/../../../../arm-none-eabi/lib/armv7-m\libg_s.a(lib_a-lseekr.o)
 .debug_frame   0x00001b30       0x20 c:/stm32tc/gnuarm48/bin/../lib/gcc/arm-none-eabi/4.8.3/../../../../arm-none-eabi/lib/armv7-m\libg_s.a(lib_a-nano-msizer.o)
 .debug_frame   0x00001b50       0x2c c:/stm32tc/gnuarm48/bin/../lib/gcc/arm-none-eabi/4.8.3/../../../../arm-none-eabi/lib/armv7-m\libg_s.a(lib_a-readr.o)

.debug_str      0x00000000    0x55e47
 *(.debug_str)
 .debug_str     0x00000000    0x4e4f1 ./system/src/stm32f1-stdperiph/stm32f10x_gpio.o
                              0x4e63b (size before relaxing)
 .debug_str     0x0004e4f1      0xb61 ./system/src/stm32f1-stdperiph/stm32f10x_rcc.o
                              0x4ec21 (size before relaxing)
 .debug_str     0x0004f052     0x248d ./system/src/newlib/_exit.o
                               0x4e64 (size before relaxing)
 .debug_str     0x000514df      0x4d6 ./system/src/newlib/_sbrk.o
                               0x441d (size before relaxing)
 .debug_str     0x000519b5      0x21f ./system/src/newlib/_startup.o
                               0x3d6b (size before relaxing)
 .debug_str     0x00051bd4      0xe59 ./system/src/newlib/_syscalls.o
                               0x52dc (size before relaxing)
 .debug_str     0x00052a2d       0x2d ./system/src/newlib/_write.o
                               0x51f1 (size before relaxing)
 .debug_str     0x00052a5a       0xd1 ./system/src/newlib/assert.o
                               0x571e (size before relaxing)
 .debug_str     0x00052b2b     0x176e ./system/src/diag/Trace.o
                               0x6d12 (size before relaxing)
 .debug_str     0x00054299      0x389 ./system/src/diag/trace_impl.o
                              0x4fbc8 (size before relaxing)
 .debug_str     0x00054622       0x43 ./system/src/cortexm/_initialize_hardware.o
                              0x4e08e (size before relaxing)
 .debug_str     0x00054665       0xe8 ./system/src/cortexm/exception_handlers.o
                               0x2502 (size before relaxing)
 .debug_str     0x0005474d      0x11b ./system/src/cmsis/system_stm32f10x.o
                              0x4e1f4 (size before relaxing)
 .debug_str     0x00054868       0x57 ./system/src/cmsis/vectors_stm32f10x.o
                               0x24a6 (size before relaxing)
 .debug_str     0x000548bf     0x1160 ./src/dht22.o
                              0x4f404 (size before relaxing)
 .debug_str     0x00055a1f       0x36 ./src/main.o
                              0x51ac4 (size before relaxing)
 .debug_str     0x00055a55      0x3f2 ./src/timing.o
                              0x4f4ab (size before relaxing)

.debug_loc
 *(.debug_loc)

.debug_macinfo
 *(.debug_macinfo)

.debug_weaknames
 *(.debug_weaknames)

.debug_funcnames
 *(.debug_funcnames)

.debug_typenames
 *(.debug_typenames)

.debug_varnames
 *(.debug_varnames)
OUTPUT(103dht22.elf elf32-littlearm)

.debug_ranges   0x00000000      0x460
 .debug_ranges  0x00000000       0x98 ./system/src/stm32f1-stdperiph/stm32f10x_gpio.o
 .debug_ranges  0x00000098      0x108 ./system/src/stm32f1-stdperiph/stm32f10x_rcc.o
 .debug_ranges  0x000001a0       0x18 ./system/src/newlib/_exit.o
 .debug_ranges  0x000001b8       0x10 ./system/src/newlib/_sbrk.o
 .debug_ranges  0x000001c8       0x30 ./system/src/newlib/_startup.o
 .debug_ranges  0x000001f8       0xc0 ./system/src/newlib/_syscalls.o
 .debug_ranges  0x000002b8       0x10 ./system/src/newlib/_write.o
 .debug_ranges  0x000002c8       0x18 ./system/src/newlib/assert.o
 .debug_ranges  0x000002e0       0x28 ./system/src/diag/Trace.o
 .debug_ranges  0x00000308       0x20 ./system/src/diag/trace_impl.o
 .debug_ranges  0x00000328       0x10 ./system/src/cortexm/_initialize_hardware.o
 .debug_ranges  0x00000338       0x58 ./system/src/cortexm/exception_handlers.o
 .debug_ranges  0x00000390       0x28 ./system/src/cmsis/system_stm32f10x.o
 .debug_ranges  0x000003b8       0x10 ./system/src/cmsis/vectors_stm32f10x.o
 .debug_ranges  0x000003c8       0x38 ./src/dht22.o
 .debug_ranges  0x00000400       0x10 ./src/main.o
 .debug_ranges  0x00000410       0x50 ./src/timing.o

.debug_macro    0x00000000     0x368c
 .debug_macro   0x00000000      0x1ea ./system/src/stm32f1-stdperiph/stm32f10x_gpio.o
 .debug_macro   0x000001ea      0x2a6 ./system/src/stm32f1-stdperiph/stm32f10x_gpio.o
 .debug_macro   0x00000490      0x2b8 ./system/src/stm32f1-stdperiph/stm32f10x_rcc.o
 .debug_macro   0x00000748      0x3dc ./system/src/stm32f1-stdperiph/stm32f10x_rcc.o
 .debug_macro   0x00000b24      0x11b ./system/src/newlib/_exit.o
 .debug_macro   0x00000c3f      0x10e ./system/src/newlib/_exit.o
 .debug_macro   0x00000d4d       0x86 ./system/src/newlib/_exit.o
 .debug_macro   0x00000dd3       0x43 ./system/src/newlib/_exit.o
 .debug_macro   0x00000e16       0x10 ./system/src/newlib/_exit.o
 .debug_macro   0x00000e26       0x35 ./system/src/newlib/_exit.o
 .debug_macro   0x00000e5b       0xd1 ./system/src/newlib/_sbrk.o
 .debug_macro   0x00000f2c       0x19 ./system/src/newlib/_sbrk.o
 .debug_macro   0x00000f45      0x16d ./system/src/newlib/_sbrk.o
 .debug_macro   0x000010b2       0x10 ./system/src/newlib/_sbrk.o
 .debug_macro   0x000010c2      0x23b ./system/src/newlib/_sbrk.o
 .debug_macro   0x000012fd       0xe1 ./system/src/newlib/_startup.o
 .debug_macro   0x000013de      0x169 ./system/src/newlib/_syscalls.o
 .debug_macro   0x00001547       0x1c ./system/src/newlib/_syscalls.o
 .debug_macro   0x00001563       0x10 ./system/src/newlib/_syscalls.o
 .debug_macro   0x00001573       0x10 ./system/src/newlib/_syscalls.o
 .debug_macro   0x00001583       0x10 ./system/src/newlib/_syscalls.o
 .debug_macro   0x00001593       0x34 ./system/src/newlib/_syscalls.o
 .debug_macro   0x000015c7      0x120 ./system/src/newlib/_syscalls.o
 .debug_macro   0x000016e7       0x22 ./system/src/newlib/_syscalls.o
 .debug_macro   0x00001709       0x2b ./system/src/newlib/_syscalls.o
 .debug_macro   0x00001734      0x118 ./system/src/newlib/_syscalls.o
 .debug_macro   0x0000184c      0x13a ./system/src/newlib/_syscalls.o
 .debug_macro   0x00001986       0x16 ./system/src/newlib/_syscalls.o
 .debug_macro   0x0000199c       0xfb ./system/src/newlib/_write.o
 .debug_macro   0x00001a97      0x137 ./system/src/newlib/assert.o
 .debug_macro   0x00001bce       0x1c ./system/src/newlib/assert.o
 .debug_macro   0x00001bea      0x214 ./system/src/newlib/assert.o
 .debug_macro   0x00001dfe      0x16d ./system/src/diag/Trace.o
 .debug_macro   0x00001f6b       0x16 ./system/src/diag/Trace.o
 .debug_macro   0x00001f81       0x97 ./system/src/diag/Trace.o
 .debug_macro   0x00002018       0x10 ./system/src/diag/Trace.o
 .debug_macro   0x00002028       0xf6 ./system/src/diag/Trace.o
 .debug_macro   0x0000211e       0x16 ./system/src/diag/Trace.o
 .debug_macro   0x00002134      0x16c ./system/src/diag/Trace.o
 .debug_macro   0x000022a0       0x52 ./system/src/diag/Trace.o
 .debug_macro   0x000022f2      0x283 ./system/src/diag/Trace.o
 .debug_macro   0x00002575       0x10 ./system/src/diag/Trace.o
 .debug_macro   0x00002585       0x1f ./system/src/diag/Trace.o
 .debug_macro   0x000025a4      0x231 ./system/src/diag/trace_impl.o
 .debug_macro   0x000027d5       0x22 ./system/src/diag/trace_impl.o
 .debug_macro   0x000027f7      0x19c ./system/src/cortexm/_initialize_hardware.o
 .debug_macro   0x00002993       0x1b ./system/src/cortexm/exception_handlers.o
 .debug_macro   0x000029ae      0x19f ./system/src/cmsis/system_stm32f10x.o
 .debug_macro   0x00002b4d       0x1b ./system/src/cmsis/vectors_stm32f10x.o
 .debug_macro   0x00002b68      0x20b ./src/dht22.o
 .debug_macro   0x00002d73       0x10 ./src/dht22.o
 .debug_macro   0x00002d83       0x82 ./src/dht22.o
 .debug_macro   0x00002e05      0x452 ./src/dht22.o
 .debug_macro   0x00003257      0x282 ./src/main.o
 .debug_macro   0x000034d9      0x1b3 ./src/timing.o
