Archive member included because of file (symbol)

c:/stm32tc/gcc48_2014q3/bin/../lib/gcc/arm-none-eabi/4.8.4/../../../../arm-none-eabi/lib/armv7-m\libg_s.a(lib_a-errno.o)
                              ./system/src/newlib/_sbrk.o (__errno)
c:/stm32tc/gcc48_2014q3/bin/../lib/gcc/arm-none-eabi/4.8.4/../../../../arm-none-eabi/lib/armv7-m\libg_s.a(lib_a-impure.o)
                              c:/stm32tc/gcc48_2014q3/bin/../lib/gcc/arm-none-eabi/4.8.4/../../../../arm-none-eabi/lib/armv7-m\libg_s.a(lib_a-errno.o) (_impure_ptr)

Allocating common symbols
Common symbol       size              file

errno               0x4               ./system/src/newlib/_syscalls.o
CAN_InitStructure   0xc               ./src/main.o
CAN_FilterInitStructure
                    0xe               ./src/main.o
TxMessage           0x14              ./src/main.o
RxMessage           0x14              ./src/main.o

Discarded input sections

 .group         0x00000000        0x8 ./system/src/stm32f1-stdperiph/misc.o
 .group         0x00000000        0x8 ./system/src/stm32f1-stdperiph/misc.o
 .group         0x00000000        0x8 ./system/src/stm32f1-stdperiph/misc.o
 .group         0x00000000        0x8 ./system/src/stm32f1-stdperiph/misc.o
 .group         0x00000000        0x8 ./system/src/stm32f1-stdperiph/misc.o
 .group         0x00000000        0x8 ./system/src/stm32f1-stdperiph/misc.o
 .group         0x00000000        0x8 ./system/src/stm32f1-stdperiph/misc.o
 .group         0x00000000        0x8 ./system/src/stm32f1-stdperiph/misc.o
 .group         0x00000000        0x8 ./system/src/stm32f1-stdperiph/misc.o
 .group         0x00000000        0x8 ./system/src/stm32f1-stdperiph/misc.o
 .group         0x00000000        0x8 ./system/src/stm32f1-stdperiph/misc.o
 .group         0x00000000        0x8 ./system/src/stm32f1-stdperiph/misc.o
 .group         0x00000000        0x8 ./system/src/stm32f1-stdperiph/misc.o
 .group         0x00000000        0x8 ./system/src/stm32f1-stdperiph/misc.o
 .group         0x00000000        0x8 ./system/src/stm32f1-stdperiph/misc.o
 .group         0x00000000        0x8 ./system/src/stm32f1-stdperiph/misc.o
 .group         0x00000000        0x8 ./system/src/stm32f1-stdperiph/misc.o
 .group         0x00000000        0x8 ./system/src/stm32f1-stdperiph/misc.o
 .group         0x00000000        0x8 ./system/src/stm32f1-stdperiph/misc.o
 .group         0x00000000        0x8 ./system/src/stm32f1-stdperiph/misc.o
 .group         0x00000000        0x8 ./system/src/stm32f1-stdperiph/misc.o
 .group         0x00000000        0x8 ./system/src/stm32f1-stdperiph/misc.o
 .group         0x00000000        0x8 ./system/src/stm32f1-stdperiph/misc.o
 .group         0x00000000        0x8 ./system/src/stm32f1-stdperiph/misc.o
 .group         0x00000000        0x8 ./system/src/stm32f1-stdperiph/misc.o
 .group         0x00000000        0x8 ./system/src/stm32f1-stdperiph/misc.o
 .group         0x00000000        0x8 ./system/src/stm32f1-stdperiph/misc.o
 .group         0x00000000        0x8 ./system/src/stm32f1-stdperiph/misc.o
 .group         0x00000000        0x8 ./system/src/stm32f1-stdperiph/misc.o
 .group         0x00000000        0x8 ./system/src/stm32f1-stdperiph/misc.o
 .text          0x00000000        0x0 ./system/src/stm32f1-stdperiph/misc.o
 .data          0x00000000        0x0 ./system/src/stm32f1-stdperiph/misc.o
 .bss           0x00000000        0x0 ./system/src/stm32f1-stdperiph/misc.o
 .text.NVIC_SetVectorTable
                0x00000000       0x58 ./system/src/stm32f1-stdperiph/misc.o
 .text.NVIC_SystemLPConfig
                0x00000000       0x6c ./system/src/stm32f1-stdperiph/misc.o
 .text.SysTick_CLKSourceConfig
                0x00000000       0x4c ./system/src/stm32f1-stdperiph/misc.o
 .group         0x00000000        0x8 ./system/src/stm32f1-stdperiph/stm32f10x_can.o
 .group         0x00000000        0x8 ./system/src/stm32f1-stdperiph/stm32f10x_can.o
 .group         0x00000000        0x8 ./system/src/stm32f1-stdperiph/stm32f10x_can.o
 .group         0x00000000        0x8 ./system/src/stm32f1-stdperiph/stm32f10x_can.o
 .group         0x00000000        0x8 ./system/src/stm32f1-stdperiph/stm32f10x_can.o
 .group         0x00000000        0x8 ./system/src/stm32f1-stdperiph/stm32f10x_can.o
 .group         0x00000000        0x8 ./system/src/stm32f1-stdperiph/stm32f10x_can.o
 .group         0x00000000        0x8 ./system/src/stm32f1-stdperiph/stm32f10x_can.o
 .group         0x00000000        0x8 ./system/src/stm32f1-stdperiph/stm32f10x_can.o
 .group         0x00000000        0x8 ./system/src/stm32f1-stdperiph/stm32f10x_can.o
 .group         0x00000000        0x8 ./system/src/stm32f1-stdperiph/stm32f10x_can.o
 .group         0x00000000        0x8 ./system/src/stm32f1-stdperiph/stm32f10x_can.o
 .group         0x00000000        0x8 ./system/src/stm32f1-stdperiph/stm32f10x_can.o
[...]
Memory Configuration

Name             Origin             Length             Attributes
RAM              0x20000000         0x00005000         xrw
CCMRAM           0x00000000         0x00000000         xrw
FLASH            0x08000000         0x00010000         xr
FLASHB1          0x00000000         0x00000000         xr
EXTMEMB0         0x00000000         0x00000000         xr
EXTMEMB1         0x00000000         0x00000000         xr
EXTMEMB2         0x00000000         0x00000000         xr
EXTMEMB3         0x00000000         0x00000000         xr
MEMORY_ARRAY     0x00000000         0x00000000         xrw
*default*        0x00000000         0xffffffff

Linker script and memory map

LOAD ./system/src/stm32f1-stdperiph/misc.o
LOAD ./system/src/stm32f1-stdperiph/stm32f10x_can.o
LOAD ./system/src/stm32f1-stdperiph/stm32f10x_gpio.o
LOAD ./system/src/stm32f1-stdperiph/stm32f10x_rcc.o
LOAD ./system/src/newlib/_cxx.o
LOAD ./system/src/newlib/_exit.o
LOAD ./system/src/newlib/_sbrk.o
LOAD ./system/src/newlib/_startup.o
LOAD ./system/src/newlib/_syscalls.o
LOAD ./system/src/newlib/assert.o
LOAD ./system/src/diag/Trace.o
LOAD ./system/src/diag/trace_impl.o
LOAD ./system/src/cortexm/_initialize_hardware.o
LOAD ./system/src/cortexm/_reset_hardware.o
LOAD ./system/src/cortexm/exception_handlers.o
LOAD ./system/src/cmsis/system_stm32f10x.o
LOAD ./system/src/cmsis/vectors_stm32f10x.o
LOAD ./src/_write.o
LOAD ./src/common.o
LOAD ./src/main.o
LOAD ./src/stm32f10x_it.o
LOAD c:/stm32tc/gcc48_2014q3/bin/../lib/gcc/arm-none-eabi/4.8.4/../../../../arm-none-eabi/lib/armv7-m\libstdc++_s.a
LOAD c:/stm32tc/gcc48_2014q3/bin/../lib/gcc/arm-none-eabi/4.8.4/../../../../arm-none-eabi/lib/armv7-m\libm.a
START GROUP
LOAD c:/stm32tc/gcc48_2014q3/bin/../lib/gcc/arm-none-eabi/4.8.4/armv7-m\libgcc.a
LOAD c:/stm32tc/gcc48_2014q3/bin/../lib/gcc/arm-none-eabi/4.8.4/../../../../arm-none-eabi/lib/armv7-m\libg_s.a
LOAD c:/stm32tc/gcc48_2014q3/bin/../lib/gcc/arm-none-eabi/4.8.4/../../../../arm-none-eabi/lib/armv7-m\libc_s.a
END GROUP
START GROUP
LOAD c:/stm32tc/gcc48_2014q3/bin/../lib/gcc/arm-none-eabi/4.8.4/armv7-m\libgcc.a
LOAD c:/stm32tc/gcc48_2014q3/bin/../lib/gcc/arm-none-eabi/4.8.4/../../../../arm-none-eabi/lib/armv7-m\libc_s.a
END GROUP
                0x20005000                __stack = (ORIGIN (RAM) + 0x5000)
                0x20005000                _estack = __stack
                0x00000400                __Main_Stack_Size = 0x400
                0x00000400                PROVIDE (_Main_Stack_Size, __Main_Stack_Size)
                0x20004c00                __Main_Stack_Limit = (__stack - __Main_Stack_Size)
                0x20004c00                PROVIDE (_Main_Stack_Limit, __Main_Stack_Limit)
                0x00000100                _Minimum_Stack_Size = 0x100
                0x2000007c                PROVIDE (_Heap_Begin, _end_noinit)
                0x20004c00                PROVIDE (_Heap_Limit, (__stack - __Main_Stack_Size))

.isr_vector     0x08000000      0x2e0
                0x08000000                . = ALIGN (0x4)
 *(.isr_vector)
 .isr_vector    0x08000000      0x10c ./system/src/cmsis/vectors_stm32f10x.o
                0x08000000                __isr_vectors
 *(.cfmconfig)
 *(.after_vectors .after_vectors.*)
 .after_vectors
                0x0800010c      0x178 ./system/src/newlib/_startup.o
                0x0800010c                _start
 .after_vectors
                0x08000284       0x54 ./system/src/cortexm/exception_handlers.o
                0x08000284                Reset_Handler
 .after_vectors
                0x080002d8        0x8 ./system/src/cmsis/vectors_stm32f10x.o
                0x080002d8                EXTI2_IRQHandler
                0x080002d8                TIM8_TRG_COM_IRQHandler
                0x080002d8                TIM8_CC_IRQHandler
                0x080002d8                TIM1_CC_IRQHandler
                0x080002d8                TIM6_IRQHandler
                0x080002d8                PVD_IRQHandler
                0x080002d8                SDIO_IRQHandler
                0x080002d8                CAN2_RX1_IRQHandler
                0x080002d8                EXTI3_IRQHandler
                0x080002d8                TIM8_TRG_COM_TIM14_IRQHandler
                0x080002d8                TIM1_UP_TIM10_IRQHandler
                0x080002d8                TIM8_UP_TIM13_IRQHandler
                0x080002d8                EXTI0_IRQHandler
                0x080002d8                I2C2_EV_IRQHandler
                0x080002d8                CAN1_RX0_IRQHandler
                0x080002d8                TIM1_UP_TIM16_IRQHandler
                0x080002d8                CAN2_SCE_IRQHandler
                0x080002d8                ADC1_2_IRQHandler
                0x080002d8                SPI1_IRQHandler
                0x080002d8                TAMPER_IRQHandler
                0x080002d8                TIM6_DAC_IRQHandler
                0x080002d8                TIM1_BRK_TIM9_IRQHandler
                0x080002d8                CAN2_RX0_IRQHandler
                0x080002d8                TIM8_UP_IRQHandler
                0x080002d8                DMA2_Channel2_IRQHandler
                0x080002d8                DMA1_Channel4_IRQHandler
                0x080002d8                USART3_IRQHandler
                0x080002d8                RTC_IRQHandler
                0x080002d8                DMA1_Channel7_IRQHandler
                0x080002d8                CAN1_RX1_IRQHandler
                0x080002d8                UART5_IRQHandler
                0x080002d8                ADC3_IRQHandler
                0x080002d8                TIM4_IRQHandler
                0x080002d8                DMA2_Channel1_IRQHandler
                0x080002d8                I2C1_EV_IRQHandler
                0x080002d8                DMA1_Channel6_IRQHandler
                0x080002d8                UART4_IRQHandler
                0x080002d8                DMA2_Channel4_IRQHandler
                0x080002d8                TIM3_IRQHandler
                0x080002d8                RCC_IRQHandler
                0x080002d8                TIM8_BRK_TIM12_IRQHandler
                0x080002d8                TIM1_TRG_COM_IRQHandler
                0x080002d8                DMA1_Channel1_IRQHandler
                0x080002d8                Default_Handler
                0x080002d8                CEC_IRQHandler
                0x080002d8                EXTI15_10_IRQHandler
                0x080002d8                TIM14_IRQHandler
                0x080002d8                TIM13_IRQHandler
                0x080002d8                TIM12_IRQHandler
                0x080002d8                TIM7_IRQHandler
                0x080002d8                CAN2_TX_IRQHandler
                0x080002d8                TIM5_IRQHandler
                0x080002d8                EXTI9_5_IRQHandler
                0x080002d8                ETH_WKUP_IRQHandler
                0x080002d8                SPI2_IRQHandler
                0x080002d8                CAN1_TX_IRQHandler
                0x080002d8                DMA2_Channel5_IRQHandler
                0x080002d8                DMA1_Channel5_IRQHandler
                0x080002d8                EXTI4_IRQHandler
                0x080002d8                TIM1_TRG_COM_TIM17_IRQHandler
                0x080002d8                USB_HP_CAN1_TX_IRQHandler
                0x080002d8                DMA1_Channel3_IRQHandler
                0x080002d8                FSMC_IRQHandler
                0x080002d8                ETH_IRQHandler
                0x080002d8                TIM1_UP_IRQHandler
                0x080002d8                WWDG_IRQHandler
                0x080002d8                TIM2_IRQHandler
                0x080002d8                OTG_FS_WKUP_IRQHandler
                0x080002d8                TIM1_TRG_COM_TIM11_IRQHandler
                0x080002d8                TIM1_BRK_IRQHandler
                0x080002d8                EXTI1_IRQHandler
                0x080002d8                RTCAlarm_IRQHandler
                0x080002d8                DMA2_Channel4_5_IRQHandler
                0x080002d8                USART2_IRQHandler
                0x080002d8                I2C2_ER_IRQHandler
                0x080002d8                DMA1_Channel2_IRQHandler
                0x080002d8                TIM8_BRK_IRQHandler
                0x080002d8                CAN1_SCE_IRQHandler
                0x080002d8                FLASH_IRQHandler
                0x080002d8                USART1_IRQHandler
                0x080002d8                OTG_FS_IRQHandler
                0x080002d8                SPI3_IRQHandler
                0x080002d8                I2C1_ER_IRQHandler
                0x080002d8                USBWakeUp_IRQHandler
                0x080002d8                DMA2_Channel3_IRQHandler
                0x080002d8                TIM1_BRK_TIM15_IRQHandler
                0x080002e0                . = ALIGN (0x4)

.inits          0x080002e0        0x0
                0x080002e0                . = ALIGN (0x4)
 *(.init)
 *(.fini)
                0x080002e0                . = ALIGN (0x4)
                0x080002e0                PROVIDE (__preinit_array_start, .)
 *(.preinit_array_sysinit .preinit_array_sysinit.*)
 *(.preinit_array_platform .preinit_array_platform.*)
 *(.preinit_array .preinit_array.*)
                0x080002e0                PROVIDE (__preinit_array_end, .)
                0x080002e0                . = ALIGN (0x4)
                0x080002e0                PROVIDE (__init_array_start, .)
 *(SORT(.init_array.*))
 *(.init_array)
                0x080002e0                PROVIDE (__init_array_end, .)
                0x080002e0                . = ALIGN (0x4)
                0x080002e0                PROVIDE (__fini_array_start, .)
 *(SORT(.fini_array.*))
 *(.fini_array)
                0x080002e0                PROVIDE (__fini_array_end, .)
                0x080002e0                . = ALIGN (0x4)

.flashtext      0x080002e0        0x0
                0x080002e0                . = ALIGN (0x4)
 *(.flashtext .flashtext.*)
                0x080002e0                . = ALIGN (0x4)

.text           0x080002e0     0x187c
                0x080002e0                . = ALIGN (0x4)
 *(.text .text.*)
 .text.NVIC_PriorityGroupConfig
                0x080002e0       0x54 ./system/src/stm32f1-stdperiph/misc.o
                0x080002e0                NVIC_PriorityGroupConfig
 .text.NVIC_Init
                0x08000334       0xf8 ./system/src/stm32f1-stdperiph/misc.o
                0x08000334                NVIC_Init
 .text.CAN_DeInit
                0x0800042c       0x64 ./system/src/stm32f1-stdperiph/stm32f10x_can.o
                0x0800042c                CAN_DeInit
 .text.CAN_Init
                0x08000490      0x2dc ./system/src/stm32f1-stdperiph/stm32f10x_can.o
                0x08000490                CAN_Init
 .text.CAN_FilterInit
                0x0800076c      0x1e0 ./system/src/stm32f1-stdperiph/stm32f10x_can.o
                0x0800076c                CAN_FilterInit
 .text.CAN_StructInit
                0x0800094c       0x54 ./system/src/stm32f1-stdperiph/stm32f10x_can.o
                0x0800094c                CAN_StructInit
 .text.CAN_Receive
                0x080009a0      0x1a8 ./system/src/stm32f1-stdperiph/stm32f10x_can.o
                0x080009a0                CAN_Receive
 .text.CAN_ITConfig
                0x08000b48       0xe0 ./system/src/stm32f1-stdperiph/stm32f10x_can.o
                0x08000b48                CAN_ITConfig
 .text.GPIO_Init
                0x08000c28      0x24c ./system/src/stm32f1-stdperiph/stm32f10x_gpio.o
                0x08000c28                GPIO_Init
 .text.GPIO_PinRemapConfig
                0x08000e74      0x2fc ./system/src/stm32f1-stdperiph/stm32f10x_gpio.o
                0x08000e74                GPIO_PinRemapConfig
 .text.RCC_APB2PeriphClockCmd
                0x08001170       0x70 ./system/src/stm32f1-stdperiph/stm32f10x_rcc.o
                0x08001170                RCC_APB2PeriphClockCmd
 .text.RCC_APB1PeriphClockCmd
                0x080011e0       0x70 ./system/src/stm32f1-stdperiph/stm32f10x_rcc.o
                0x080011e0                RCC_APB1PeriphClockCmd
 .text.RCC_APB1PeriphResetCmd
                0x08001250       0x70 ./system/src/stm32f1-stdperiph/stm32f10x_rcc.o
                0x08001250                RCC_APB1PeriphResetCmd
 .text._exit    0x080012c0        0xc ./system/src/newlib/_exit.o
                0x080012c0                _exit
 .text.abort    0x080012cc       0x14 ./system/src/newlib/_exit.o
                0x080012cc                abort
 .text.__initialize_args
                0x080012e0       0x28 ./system/src/newlib/_syscalls.o
                0x080012e0                __initialize_args
 .text.assert_failed
                0x08001308       0x18 ./system/src/newlib/assert.o
                0x08001308                assert_failed
 .text.__initialize_hardware_early
                0x08001320        0xc ./system/src/cortexm/_initialize_hardware.o
                0x08001320                __initialize_hardware_early
 .text.__initialize_hardware
                0x0800132c        0xc ./system/src/cortexm/_initialize_hardware.o
                0x0800132c                __initialize_hardware
 .text.SystemInit
                0x08001338       0x68 ./system/src/cmsis/system_stm32f10x.o
                0x08001338                SystemInit
 .text.SystemCoreClockUpdate
                0x080013a0       0xd8 ./system/src/cmsis/system_stm32f10x.o
                0x080013a0                SystemCoreClockUpdate
 .text.SetSysClock
                0x08001478        0xc ./system/src/cmsis/system_stm32f10x.o
 .text.SetSysClockTo72
                0x08001484      0x100 ./system/src/cmsis/system_stm32f10x.o
 .text.NVIC_SetPriority
                0x08001584       0x54 ./src/common.o
 .text.SysTick_Config
                0x080015d8       0x44 ./src/common.o
 .text.SysTick_Handler_Main
                0x0800161c       0x14 ./src/common.o
                0x0800161c                SysTick_Handler_Main
 .text.SysTick_Handler
                0x08001630       0x20 ./src/common.o
                0x08001630                SysTick_Handler
 .text.COMMON_Init
                0x08001650       0x48 ./src/common.o
                0x08001650                COMMON_Init
 .text.BASE_Init
                0x08001698       0x68 ./src/main.o
                0x08001698                BASE_Init
 .text.main     0x08001700       0x30 ./src/main.o
                0x08001700                main
 .text.CAN_Config
                0x08001730      0x124 ./src/main.o
                0x08001730                CAN_Config
 .text.NVIC_Config
                0x08001854       0x2c ./src/main.o
                0x08001854                NVIC_Config
 .text.Init_RxMes
                0x08001880       0x50 ./src/main.o
                0x08001880                Init_RxMes
 .text.NMI_Handler
                0x080018d0        0xc ./src/stm32f10x_it.o
                0x080018d0                NMI_Handler
 .text.HardFault_Handler
                0x080018dc        0x8 ./src/stm32f10x_it.o
                0x080018dc                HardFault_Handler
 .text.MemManage_Handler
                0x080018e4        0x8 ./src/stm32f10x_it.o
                0x080018e4                MemManage_Handler
 .text.BusFault_Handler
                0x080018ec        0x8 ./src/stm32f10x_it.o
                0x080018ec                BusFault_Handler
 .text.UsageFault_Handler
                0x080018f4        0x8 ./src/stm32f10x_it.o
                0x080018f4                UsageFault_Handler
 .text.SVC_Handler
                0x080018fc        0xc ./src/stm32f10x_it.o
                0x080018fc                SVC_Handler
 .text.DebugMon_Handler
                0x08001908        0xc ./src/stm32f10x_it.o
                0x08001908                DebugMon_Handler
 .text.PendSV_Handler
                0x08001914        0xc ./src/stm32f10x_it.o
                0x08001914                PendSV_Handler
 .text.USB_LP_CAN1_RX0_IRQHandler
                0x08001920       0xfc ./src/stm32f10x_it.o
                0x08001920                USB_LP_CAN1_RX0_IRQHandler
 *(.rodata .rodata.*)
 .rodata        0x08001a1c       0x28 ./system/src/stm32f1-stdperiph/misc.o
 .rodata        0x08001a44       0x30 ./system/src/stm32f1-stdperiph/stm32f10x_can.o
 .rodata        0x08001a74       0x34 ./system/src/stm32f1-stdperiph/stm32f10x_gpio.o
 .rodata        0x08001aa8       0x30 ./system/src/stm32f1-stdperiph/stm32f10x_rcc.o
 .rodata        0x08001ad8       0x14 ./system/src/newlib/_exit.o
 .rodata        0x08001aec       0x70 ./system/src/newlib/assert.o
 *(vtable)
 *(.eh_frame*)
 *(.glue_7)
 .glue_7        0x00000000        0x0 linker stubs
 *(.glue_7t)
 .glue_7t       0x00000000        0x0 linker stubs

.vfp11_veneer   0x08001b5c        0x0
 .vfp11_veneer  0x00000000        0x0 linker stubs

.v4_bx          0x08001b5c        0x0
 .v4_bx         0x00000000        0x0 linker stubs

.iplt           0x08001b5c        0x0
 .iplt          0x00000000        0x0 ./system/src/stm32f1-stdperiph/misc.o

.rel.dyn        0x08001b5c        0x0
 .rel.iplt      0x00000000        0x0 ./system/src/stm32f1-stdperiph/misc.o

.ARM.extab
 *(.ARM.extab* .gnu.linkonce.armextab.*)
                0x08001b5c                __exidx_start = .

.ARM.exidx
 *(.ARM.exidx* .gnu.linkonce.armexidx.*)
                0x08001b5c                __exidx_end = .
                0x08001b5c                . = ALIGN (0x4)
                0x08001b5c                _etext = .
                0x08001b5c                __etext = .
                0x08001b5c                _sidata = _etext

.data           0x20000000       0x24 load address 0x08001b5c
                0x20000000                . = ALIGN (0x4)
                0x20000000                _sdata = .
                0x20000000                __data_start__ = .
 *(.data_begin .data_begin.*)
 .data_begin    0x20000000        0x4 ./system/src/newlib/_startup.o
 *(.data .data.*)
 .data.argv.4014
                0x20000004        0x8 ./system/src/newlib/_syscalls.o
 .data.SystemCoreClock
                0x2000000c        0x4 ./system/src/cmsis/system_stm32f10x.o
                0x2000000c                SystemCoreClock
 .data.AHBPrescTable
                0x20000010       0x10 ./system/src/cmsis/system_stm32f10x.o
                0x20000010                AHBPrescTable
 *(.data_end .data_end.*)
 .data_end      0x20000020        0x4 ./system/src/newlib/_startup.o
                0x20000024                . = ALIGN (0x4)
                0x20000024                _edata = .
                0x20000024                __data_end__ = .

.igot.plt       0x20000024        0x0 load address 0x08001b80
 .igot.plt      0x00000000        0x0 ./system/src/stm32f1-stdperiph/misc.o

.bss            0x20000024       0x58 load address 0x08001b80
                0x20000024                . = ALIGN (0x4)
                0x20000024                __bss_start__ = .
                0x20000024                _sbss = .
 *(.bss_begin .bss_begin.*)
 .bss_begin     0x20000024        0x4 ./system/src/newlib/_startup.o
 *(.bss .bss.*)
 .bss.name.4013
                0x20000028        0x4 ./system/src/newlib/_syscalls.o
 .bss.uwTick    0x2000002c        0x4 ./src/common.o
 .bss.tRxBuffer.6179
                0x20000030        0x4 ./src/stm32f10x_it.o
 *(COMMON)
 COMMON         0x20000034       0x44 ./src/main.o
                0x20000034                CAN_InitStructure
                0x20000040                CAN_FilterInitStructure
                0x20000050                TxMessage
                0x20000064                RxMessage
 *(.bss_end .bss_end.*)
 .bss_end       0x20000078        0x4 ./system/src/newlib/_startup.o
                0x2000007c                . = ALIGN (0x4)
                0x2000007c                __bss_end__ = .
                0x2000007c                _ebss = .

.noinit         0x2000007c        0x0
                0x2000007c                . = ALIGN (0x4)
                0x2000007c                _noinit = .
 *(.noinit .noinit.*)
                0x2000007c                . = ALIGN (0x4)
                0x2000007c                _end_noinit = .
                0x2000007c                PROVIDE (end, _end_noinit)
                0x2000007c                PROVIDE (_end, _end_noinit)
                0x2000007c                PROVIDE (__end, _end_noinit)
                0x2000007c                PROVIDE (__end__, _end_noinit)

._check_stack   0x2000007c      0x100 load address 0x08001bd8
                0x2000007c                . = ALIGN (0x4)
                0x2000017c                . = (. + _Minimum_Stack_Size)
 *fill*         0x2000007c      0x100 
                0x2000017c                . = ALIGN (0x4)

.bss_CCMRAM
 *(.bss.CCMRAM .bss.CCMRAM.*)

.b1text
 *(.b1text)
 *(.b1rodata)
 *(.b1rodata.*)

.eb0text
 *(.eb0text)
 *(.eb0rodata)
 *(.eb0rodata.*)

.eb1text
 *(.eb1text)
 *(.eb1rodata)
 *(.eb1rodata.*)

.eb2text
 *(.eb2text)
 *(.eb2rodata)
 *(.eb2rodata.*)

.eb3text
 *(.eb3text)
 *(.eb3rodata)
 *(.eb3rodata.*)

.stab
 *(.stab)

.stabstr
 *(.stabstr)

.stab.excl
 *(.stab.excl)

.stab.exclstr
 *(.stab.exclstr)

.stab.index
 *(.stab.index)

.stab.indexstr
 *(.stab.indexstr)

.comment        0x00000000       0x70
 *(.comment)
 .comment       0x00000000       0x70 ./system/src/stm32f1-stdperiph/misc.o
                                 0x71 (size before relaxing)
 .comment       0x00000000       0x71 ./system/src/stm32f1-stdperiph/stm32f10x_can.o
 .comment       0x00000000       0x71 ./system/src/stm32f1-stdperiph/stm32f10x_gpio.o
 .comment       0x00000000       0x71 ./system/src/stm32f1-stdperiph/stm32f10x_rcc.o
 .comment       0x00000000       0x71 ./system/src/newlib/_exit.o
 .comment       0x00000000       0x71 ./system/src/newlib/_startup.o
 .comment       0x00000000       0x71 ./system/src/newlib/_syscalls.o
 .comment       0x00000000       0x71 ./system/src/newlib/assert.o
 .comment       0x00000000       0x71 ./system/src/cortexm/_initialize_hardware.o
 .comment       0x00000000       0x71 ./system/src/cortexm/exception_handlers.o
 .comment       0x00000000       0x71 ./system/src/cmsis/system_stm32f10x.o
 .comment       0x00000000       0x71 ./system/src/cmsis/vectors_stm32f10x.o
 .comment       0x00000000       0x71 ./src/common.o
 .comment       0x00000000       0x71 ./src/main.o
 .comment       0x00000000       0x71 ./src/stm32f10x_it.o

.ARM.attributes
                0x00000000       0x33
 .ARM.attributes
                0x00000000       0x33 ./system/src/stm32f1-stdperiph/misc.o
 .ARM.attributes
                0x00000033       0x33 ./system/src/stm32f1-stdperiph/stm32f10x_can.o
 .ARM.attributes
                0x00000066       0x33 ./system/src/stm32f1-stdperiph/stm32f10x_gpio.o
 .ARM.attributes
                0x00000099       0x33 ./system/src/stm32f1-stdperiph/stm32f10x_rcc.o
 .ARM.attributes
                0x000000cc       0x33 ./system/src/newlib/_exit.o
 .ARM.attributes
                0x000000ff       0x33 ./system/src/newlib/_startup.o
 .ARM.attributes
                0x00000132       0x33 ./system/src/newlib/_syscalls.o
 .ARM.attributes
                0x00000165       0x33 ./system/src/newlib/assert.o
 .ARM.attributes
                0x00000198       0x33 ./system/src/cortexm/_initialize_hardware.o
 .ARM.attributes
                0x000001cb       0x33 ./system/src/cortexm/exception_handlers.o
 .ARM.attributes
                0x000001fe       0x33 ./system/src/cmsis/system_stm32f10x.o
 .ARM.attributes
                0x00000231       0x33 ./system/src/cmsis/vectors_stm32f10x.o
 .ARM.attributes
                0x00000264       0x33 ./src/common.o
 .ARM.attributes
                0x00000297       0x33 ./src/main.o
 .ARM.attributes
                0x000002ca       0x33 ./src/stm32f10x_it.o

.debug
 *(.debug)

.line
 *(.line)

.debug_srcinfo
 *(.debug_srcinfo)

.debug_sfnames
 *(.debug_sfnames)

.debug_aranges  0x00000000      0x598
 *(.debug_aranges)
 .debug_aranges
                0x00000000       0x40 ./system/src/stm32f1-stdperiph/misc.o
 .debug_aranges
                0x00000040       0xe0 ./system/src/stm32f1-stdperiph/stm32f10x_can.o
 .debug_aranges
                0x00000120       0xa8 ./system/src/stm32f1-stdperiph/stm32f10x_gpio.o
 .debug_aranges
                0x000001c8      0x118 ./system/src/stm32f1-stdperiph/stm32f10x_rcc.o
 .debug_aranges
                0x000002e0       0x28 ./system/src/newlib/_exit.o
 .debug_aranges
                0x00000308       0x40 ./system/src/newlib/_startup.o
 .debug_aranges
                0x00000348       0x30 ./system/src/newlib/_syscalls.o
 .debug_aranges
                0x00000378       0x28 ./system/src/newlib/assert.o
 .debug_aranges
                0x000003a0       0x28 ./system/src/cortexm/_initialize_hardware.o
 .debug_aranges
                0x000003c8       0x68 ./system/src/cortexm/exception_handlers.o
 .debug_aranges
                0x00000430       0x38 ./system/src/cmsis/system_stm32f10x.o
 .debug_aranges
                0x00000468       0x20 ./system/src/cmsis/vectors_stm32f10x.o
 .debug_aranges
                0x00000488       0x70 ./src/common.o
 .debug_aranges
                0x000004f8       0x40 ./src/main.o
 .debug_aranges
                0x00000538       0x60 ./src/stm32f10x_it.o

.debug_pubnames
 *(.debug_pubnames)

.debug_info     0x00000000     0x4401
 *(.debug_info .gnu.linkonce.wi.*)
 .debug_info    0x00000000      0x524 ./system/src/stm32f1-stdperiph/misc.o
 .debug_info    0x00000524      0xb78 ./system/src/stm32f1-stdperiph/stm32f10x_can.o
 .debug_info    0x0000109c      0x6cf ./system/src/stm32f1-stdperiph/stm32f10x_gpio.o
 .debug_info    0x0000176b      0x869 ./system/src/stm32f1-stdperiph/stm32f10x_rcc.o
 .debug_info    0x00001fd4       0xdf ./system/src/newlib/_exit.o
 .debug_info    0x000020b3      0x3d5 ./system/src/newlib/_startup.o
 .debug_info    0x00002488      0x18b ./system/src/newlib/_syscalls.o
 .debug_info    0x00002613      0x149 ./system/src/newlib/assert.o
 .debug_info    0x0000275c       0xb5 ./system/src/cortexm/_initialize_hardware.o
 .debug_info    0x00002811       0xd4 ./system/src/cortexm/exception_handlers.o
 .debug_info    0x000028e5      0x455 ./system/src/cmsis/system_stm32f10x.o
 .debug_info    0x00002d3a       0x92 ./system/src/cmsis/vectors_stm32f10x.o
 .debug_info    0x00002dcc      0x8a8 ./src/common.o
 .debug_info    0x00003674      0x8d0 ./src/main.o
 .debug_info    0x00003f44      0x4bd ./src/stm32f10x_it.o

.debug_abbrev   0x00000000     0x11d7
 *(.debug_abbrev)
 .debug_abbrev  0x00000000      0x14a ./system/src/stm32f1-stdperiph/misc.o
 .debug_abbrev  0x0000014a      0x1f6 ./system/src/stm32f1-stdperiph/stm32f10x_can.o
 .debug_abbrev  0x00000340      0x1cd ./system/src/stm32f1-stdperiph/stm32f10x_gpio.o
 .debug_abbrev  0x0000050d      0x1bd ./system/src/stm32f1-stdperiph/stm32f10x_rcc.o
 .debug_abbrev  0x000006ca       0xa0 ./system/src/newlib/_exit.o
 .debug_abbrev  0x0000076a      0x152 ./system/src/newlib/_startup.o
 .debug_abbrev  0x000008bc       0xc9 ./system/src/newlib/_syscalls.o
 .debug_abbrev  0x00000985       0x9a ./system/src/newlib/assert.o
 .debug_abbrev  0x00000a1f       0x6a ./system/src/cortexm/_initialize_hardware.o
 .debug_abbrev  0x00000a89       0x47 ./system/src/cortexm/exception_handlers.o
 .debug_abbrev  0x00000ad0      0x151 ./system/src/cmsis/system_stm32f10x.o
 .debug_abbrev  0x00000c21       0x92 ./system/src/cmsis/vectors_stm32f10x.o
 .debug_abbrev  0x00000cb3      0x206 ./src/common.o
 .debug_abbrev  0x00000eb9      0x1d1 ./src/main.o
 .debug_abbrev  0x0000108a      0x14d ./src/stm32f10x_it.o

.debug_line     0x00000000     0x37f5
 *(.debug_line)
 .debug_line    0x00000000      0x3be ./system/src/stm32f1-stdperiph/misc.o
 .debug_line    0x000003be      0x879 ./system/src/stm32f1-stdperiph/stm32f10x_can.o
 .debug_line    0x00000c37      0x5d8 ./system/src/stm32f1-stdperiph/stm32f10x_gpio.o
 .debug_line    0x0000120f      0x721 ./system/src/stm32f1-stdperiph/stm32f10x_rcc.o
 .debug_line    0x00001930      0x231 ./system/src/newlib/_exit.o
 .debug_line    0x00001b61      0x2a9 ./system/src/newlib/_startup.o
 .debug_line    0x00001e0a      0x2c6 ./system/src/newlib/_syscalls.o
 .debug_line    0x000020d0      0x257 ./system/src/newlib/assert.o
 .debug_line    0x00002327      0x346 ./system/src/cortexm/_initialize_hardware.o
 .debug_line    0x0000266d       0xc0 ./system/src/cortexm/exception_handlers.o
 .debug_line    0x0000272d      0x3a8 ./system/src/cmsis/system_stm32f10x.o
 .debug_line    0x00002ad5       0x8e ./system/src/cmsis/vectors_stm32f10x.o
 .debug_line    0x00002b63      0x493 ./src/common.o
 .debug_line    0x00002ff6      0x435 ./src/main.o
 .debug_line    0x0000342b      0x3ca ./src/stm32f10x_it.o

.debug_frame    0x00000000     0x1094
 *(.debug_frame)
 .debug_frame   0x00000000       0xb0 ./system/src/stm32f1-stdperiph/misc.o
 .debug_frame   0x000000b0      0x328 ./system/src/stm32f1-stdperiph/stm32f10x_can.o
 .debug_frame   0x000003d8      0x248 ./system/src/stm32f1-stdperiph/stm32f10x_gpio.o
 .debug_frame   0x00000620      0x3f4 ./system/src/stm32f1-stdperiph/stm32f10x_rcc.o
 .debug_frame   0x00000a14       0x4c ./system/src/newlib/_exit.o
 .debug_frame   0x00000a60       0xa8 ./system/src/newlib/_startup.o
 .debug_frame   0x00000b08       0x6c ./system/src/newlib/_syscalls.o
 .debug_frame   0x00000b74       0x50 ./system/src/newlib/assert.o
 .debug_frame   0x00000bc4       0x48 ./system/src/cortexm/_initialize_hardware.o
 .debug_frame   0x00000c0c      0x104 ./system/src/cortexm/exception_handlers.o
 .debug_frame   0x00000d10       0x80 ./system/src/cmsis/system_stm32f10x.o
 .debug_frame   0x00000d90       0x28 ./system/src/cmsis/vectors_stm32f10x.o
 .debug_frame   0x00000db8      0x144 ./src/common.o
 .debug_frame   0x00000efc       0xa8 ./src/main.o
 .debug_frame   0x00000fa4       0xf0 ./src/stm32f10x_it.o

.debug_str      0x00000000    0x549fd
 *(.debug_str)
 .debug_str     0x00000000    0x4deea ./system/src/stm32f1-stdperiph/misc.o
                              0x4e055 (size before relaxing)
 .debug_str     0x0004deea      0x718 ./system/src/stm32f1-stdperiph/stm32f10x_can.o
                              0x4e57c (size before relaxing)
 .debug_str     0x0004e602      0x5b3 ./system/src/stm32f1-stdperiph/stm32f10x_gpio.o
                              0x4e3bc (size before relaxing)
 .debug_str     0x0004ebb5      0xb61 ./system/src/stm32f1-stdperiph/stm32f10x_rcc.o
                              0x4e9a2 (size before relaxing)
 .debug_str     0x0004f716     0x2990 ./system/src/newlib/_exit.o
                               0x4eb5 (size before relaxing)
 .debug_str     0x000520a6      0x21d ./system/src/newlib/_startup.o
                               0x3ff2 (size before relaxing)
 .debug_str     0x000522c3     0x10ac ./system/src/newlib/_syscalls.o
                               0x50d2 (size before relaxing)
 .debug_str     0x0005336f       0xea ./system/src/newlib/assert.o
                               0x59bb (size before relaxing)
 .debug_str     0x00053459       0x78 ./system/src/cortexm/_initialize_hardware.o
                              0x4de2b (size before relaxing)
 .debug_str     0x000534d1       0xe8 ./system/src/cortexm/exception_handlers.o
                               0x24f0 (size before relaxing)
 .debug_str     0x000535b9       0xc7 ./system/src/cmsis/system_stm32f10x.o
                              0x4df75 (size before relaxing)
 .debug_str     0x00053680       0x57 ./system/src/cmsis/vectors_stm32f10x.o
                               0x2494 (size before relaxing)
 .debug_str     0x000536d7     0x110b ./src/common.o
                              0x4f179 (size before relaxing)
 .debug_str     0x000547e2      0x1e0 ./src/main.o
                              0x4f480 (size before relaxing)
 .debug_str     0x000549c2       0x3b ./src/stm32f10x_it.o
                              0x4dfb0 (size before relaxing)

.debug_loc
 *(.debug_loc)

.debug_macinfo
 *(.debug_macinfo)

.debug_weaknames
 *(.debug_weaknames)

.debug_funcnames
 *(.debug_funcnames)

.debug_typenames
 *(.debug_typenames)

.debug_varnames
 *(.debug_varnames)
OUTPUT(103canrelayswitch.elf elf32-littlearm)

.debug_ranges   0x00000000      0x4a8
 .debug_ranges  0x00000000       0x30 ./system/src/stm32f1-stdperiph/misc.o
 .debug_ranges  0x00000030       0xd0 ./system/src/stm32f1-stdperiph/stm32f10x_can.o
 .debug_ranges  0x00000100       0x98 ./system/src/stm32f1-stdperiph/stm32f10x_gpio.o
 .debug_ranges  0x00000198      0x108 ./system/src/stm32f1-stdperiph/stm32f10x_rcc.o
 .debug_ranges  0x000002a0       0x18 ./system/src/newlib/_exit.o
 .debug_ranges  0x000002b8       0x30 ./system/src/newlib/_startup.o
 .debug_ranges  0x000002e8       0x20 ./system/src/newlib/_syscalls.o
 .debug_ranges  0x00000308       0x18 ./system/src/newlib/assert.o
 .debug_ranges  0x00000320       0x18 ./system/src/cortexm/_initialize_hardware.o
 .debug_ranges  0x00000338       0x58 ./system/src/cortexm/exception_handlers.o
 .debug_ranges  0x00000390       0x28 ./system/src/cmsis/system_stm32f10x.o
 .debug_ranges  0x000003b8       0x10 ./system/src/cmsis/vectors_stm32f10x.o
 .debug_ranges  0x000003c8       0x60 ./src/common.o
 .debug_ranges  0x00000428       0x30 ./src/main.o
 .debug_ranges  0x00000458       0x50 ./src/stm32f10x_it.o

.debug_macro    0x00000000     0xed92
 .debug_macro   0x00000000      0x162 ./system/src/stm32f1-stdperiph/misc.o
 .debug_macro   0x00000162      0x862 ./system/src/stm32f1-stdperiph/misc.o
 .debug_macro   0x000009c4       0x50 ./system/src/stm32f1-stdperiph/misc.o
 .debug_macro   0x00000a14       0x3a ./system/src/stm32f1-stdperiph/misc.o
 .debug_macro   0x00000a4e      0x34e ./system/src/stm32f1-stdperiph/misc.o
 .debug_macro   0x00000d9c       0x2d ./system/src/stm32f1-stdperiph/misc.o
 .debug_macro   0x00000dc9      0xa8b ./system/src/stm32f1-stdperiph/misc.o
 .debug_macro   0x00001854     0x7dbe ./system/src/stm32f1-stdperiph/misc.o
 .debug_macro   0x00009612      0x2e4 ./system/src/stm32f1-stdperiph/misc.o
 .debug_macro   0x000098f6      0x144 ./system/src/stm32f1-stdperiph/misc.o
 .debug_macro   0x00009a3a      0x3cf ./system/src/stm32f1-stdperiph/misc.o
 .debug_macro   0x00009e09       0xc8 ./system/src/stm32f1-stdperiph/misc.o
 .debug_macro   0x00009ed1      0x17a ./system/src/stm32f1-stdperiph/misc.o
 .debug_macro   0x0000a04b       0xac ./system/src/stm32f1-stdperiph/misc.o
 .debug_macro   0x0000a0f7      0x3ad ./system/src/stm32f1-stdperiph/misc.o
 .debug_macro   0x0000a4a4       0x9d ./system/src/stm32f1-stdperiph/misc.o
 .debug_macro   0x0000a541      0x2cf ./system/src/stm32f1-stdperiph/misc.o
 .debug_macro   0x0000a810      0x279 ./system/src/stm32f1-stdperiph/misc.o
 .debug_macro   0x0000aa89      0x2ac ./system/src/stm32f1-stdperiph/misc.o
 .debug_macro   0x0000ad35      0x2b4 ./system/src/stm32f1-stdperiph/misc.o
 .debug_macro   0x0000afe9       0x64 ./system/src/stm32f1-stdperiph/misc.o
 .debug_macro   0x0000b04d       0x82 ./system/src/stm32f1-stdperiph/misc.o
 .debug_macro   0x0000b0cf      0x3e2 ./system/src/stm32f1-stdperiph/misc.o
 .debug_macro   0x0000b4b1       0x58 ./system/src/stm32f1-stdperiph/misc.o
 .debug_macro   0x0000b509      0x344 ./system/src/stm32f1-stdperiph/misc.o
 .debug_macro   0x0000b84d      0x2c4 ./system/src/stm32f1-stdperiph/misc.o
 .debug_macro   0x0000bb11      0x711 ./system/src/stm32f1-stdperiph/misc.o
 .debug_macro   0x0000c222      0x222 ./system/src/stm32f1-stdperiph/misc.o
 .debug_macro   0x0000c444       0x34 ./system/src/stm32f1-stdperiph/misc.o
 .debug_macro   0x0000c478       0x35 ./system/src/stm32f1-stdperiph/misc.o
 .debug_macro   0x0000c4ad       0x85 ./system/src/stm32f1-stdperiph/misc.o
 .debug_macro   0x0000c532      0x1b0 ./system/src/stm32f1-stdperiph/stm32f10x_can.o
 .debug_macro   0x0000c6e2       0x8b ./system/src/stm32f1-stdperiph/stm32f10x_can.o
 .debug_macro   0x0000c76d      0x3c9 ./system/src/stm32f1-stdperiph/stm32f10x_can.o
 .debug_macro   0x0000cb36      0x1aa ./system/src/stm32f1-stdperiph/stm32f10x_gpio.o
 .debug_macro   0x0000cce0      0x2a6 ./system/src/stm32f1-stdperiph/stm32f10x_gpio.o
 .debug_macro   0x0000cf86      0x278 ./system/src/stm32f1-stdperiph/stm32f10x_rcc.o
 .debug_macro   0x0000d1fe      0x3dc ./system/src/stm32f1-stdperiph/stm32f10x_rcc.o
 .debug_macro   0x0000d5da      0x11b ./system/src/newlib/_exit.o
 .debug_macro   0x0000d6f5       0xa3 ./system/src/newlib/_exit.o
 .debug_macro   0x0000d798      0x10e ./system/src/newlib/_exit.o
 .debug_macro   0x0000d8a6       0x86 ./system/src/newlib/_exit.o
 .debug_macro   0x0000d92c       0x43 ./system/src/newlib/_exit.o
 .debug_macro   0x0000d96f       0x10 ./system/src/newlib/_exit.o
 .debug_macro   0x0000d97f       0x35 ./system/src/newlib/_exit.o
 .debug_macro   0x0000d9b4       0xdb ./system/src/newlib/_startup.o
 .debug_macro   0x0000da8f      0x169 ./system/src/newlib/_syscalls.o
 .debug_macro   0x0000dbf8       0x1c ./system/src/newlib/_syscalls.o
 .debug_macro   0x0000dc14       0x10 ./system/src/newlib/_syscalls.o
 .debug_macro   0x0000dc24       0x10 ./system/src/newlib/_syscalls.o
 .debug_macro   0x0000dc34       0x10 ./system/src/newlib/_syscalls.o
 .debug_macro   0x0000dc44       0x35 ./system/src/newlib/_syscalls.o
 .debug_macro   0x0000dc79      0x120 ./system/src/newlib/_syscalls.o
 .debug_macro   0x0000dd99       0x22 ./system/src/newlib/_syscalls.o
 .debug_macro   0x0000ddbb       0x2b ./system/src/newlib/_syscalls.o
 .debug_macro   0x0000dde6      0x118 ./system/src/newlib/_syscalls.o
 .debug_macro   0x0000defe      0x13a ./system/src/newlib/_syscalls.o
 .debug_macro   0x0000e038       0x16 ./system/src/newlib/_syscalls.o
 .debug_macro   0x0000e04e      0x137 ./system/src/newlib/assert.o
 .debug_macro   0x0000e185       0x1c ./system/src/newlib/assert.o
 .debug_macro   0x0000e1a1      0x15c ./system/src/cortexm/_initialize_hardware.o
 .debug_macro   0x0000e2fd       0x1b ./system/src/cortexm/exception_handlers.o
 .debug_macro   0x0000e318      0x15f ./system/src/cmsis/system_stm32f10x.o
 .debug_macro   0x0000e477       0x1b ./system/src/cmsis/vectors_stm32f10x.o
 .debug_macro   0x0000e492      0x182 ./src/common.o
 .debug_macro   0x0000e614       0x82 ./src/common.o
 .debug_macro   0x0000e696      0x3ba ./src/common.o
 .debug_macro   0x0000ea50       0x1c ./src/common.o
 .debug_macro   0x0000ea6c      0x1d0 ./src/main.o
 .debug_macro   0x0000ec3c      0x156 ./src/stm32f10x_it.o
